******************************************************************************
                  TI ARM Linker PC v16.9.6                     
******************************************************************************
>> Linked Tue Nov 26 14:05:15 2019

OUTPUT FILE NAME:   <Kernel.out>
ENTRY POINT SYMBOL: "_c_int00"  address: 00004a15


MEMORY CONFIGURATION

         name            origin    length      used     unused   attr    fill
----------------------  --------  ---------  --------  --------  ----  --------
  FLASH                 00000000   00100000  0000506e  000faf92  R  X
  SRAM                  20000000   00040000  0003f6f8  00000908  RW X


SEGMENT ALLOCATION MAP

run origin  load origin   length   init length attrs members
----------  ----------- ---------- ----------- ----- -------
00000000    00000000    00005078   00005078    r-x
  00000000    00000000    00000208   00000208    r-- .intvecs
  00000208    00000208    00004b92   00004b92    r-x .text
  00004da0    00004da0    0000026c   0000026c    r-- .const
  00005010    00005010    00000068   00000068    r-- .cinit
20000000    20000000    0003f6f8   00000000    rw-
  20000000    20000000    0003e800   00000000    rw- .sysmem
  2003e800    2003e800    00000800   00000000    rw- .stack
  2003f000    2003f000    00000668   00000000    rw- .bss
  2003f668    2003f668    00000090   00000000    rw- .data


SECTION ALLOCATION MAP

 output                                  attributes/
section   page    origin      length       input sections
--------  ----  ----------  ----------   ----------------
.intvecs   0    00000000    00000208     
                  00000000    00000208     tm4c1294ncpdt_startup_ccs.obj (.intvecs)

.text      0    00000208    00004b92     
                  00000208    0000113e     rtsv7M4_T_le_v4SPD16_eabi.lib : _printfi.obj (.text)
                  00001346    00000002                                   : i_div0.obj (.text)
                  00001348    00000898                                   : _scanfi.obj (.text)
                  00001be0    000006d8     time.obj (.text)
                  000022b8    000005e4     functions.obj (.text)
                  0000289c    000003d0     rtsv7M4_T_le_v4SPD16_eabi.lib : memory.obj (.text)
                  00002c6c    00000338     applications.obj (.text)
                  00002fa4    000002ec     SVC.obj (.text)
                  00003290    0000023c     rtsv7M4_T_le_v4SPD16_eabi.lib : strtod.obj (.text)
                  000034cc    000001f4                                   : ull_div_t2.obj (.text)
                  000036c0    000001dc                                   : strtoll.obj (.text)
                  0000389c    000001b6                                   : fd_add_t2.obj (.text)
                  00003a52    00000002                                   : mpu_init.obj (.text)
                  00003a54    00000184     UART.obj (.text)
                  00003bd8    0000015c     rtsv7M4_T_le_v4SPD16_eabi.lib : strtoull.obj (.text)
                  00003d34    00000136                                   : fd_div_t2.obj (.text)
                  00003e6a    00000002                                   : startup.obj (.text)
                  00003e6c    00000134                                   : strtol.obj (.text)
                  00003fa0    00000116     cqueue.obj (.text)
                  000040b6    00000002     --HOLE-- [fill = 0]
                  000040b8    00000114     rtsv7M4_T_le_v4SPD16_eabi.lib : strtoul.obj (.text)
                  000041cc    000000fc                                   : fd_mul_t2.obj (.text)
                  000042c8    000000fc                                   : s_scalbn.obj (.text)
                  000043c4    000000cc                                   : sscanf.obj (.text)
                  00004490    0000009c                                   : memcpy_t2.obj (.text)
                  0000452c    00000094     SysTick.obj (.text)
                  000045c0    00000086     rtsv7M4_T_le_v4SPD16_eabi.lib : fd_cmp_t2.obj (.text:__aeabi_cdcmple)
                  00004646    00000086                                   : fd_cmp_t2.obj (.text:__aeabi_cdrcmple)
                  000046cc    0000007a                                   : memset_t2.obj (.text)
                  00004746    00000002     --HOLE-- [fill = 0]
                  00004748    00000070                                   : autoinit.obj (.text)
                  000047b8    0000006e                                   : fd_tos_t2.obj (.text)
                  00004826    00000068                                   : copy_decompress_lzss.obj (.text:decompress:lzss)
                  0000488e    00000002     --HOLE-- [fill = 0]
                  00004890    00000064                                   : s_frexp.obj (.text)
                  000048f4    00000060     Process.obj (.text)
                  00004954    00000060     rtsv7M4_T_le_v4SPD16_eabi.lib : sprintf.obj (.text)
                  000049b4    0000005e                                   : i_divt2.obj (.text)
                  00004a12    00000002     --HOLE-- [fill = 0]
                  00004a14    00000054                                   : boot.obj (.text)
                  00004a68    00000054                                   : exit.obj (.text)
                  00004abc    00000054                                   : ltoa.obj (.text)
                  00004b10    0000004c                                   : atoi.obj (.text)
                  00004b5c    0000004c                                   : cpy_tbl.obj (.text)
                  00004ba8    00000048                                   : fd_toi_t2.obj (.text)
                  00004bf0    00000040                                   : u_divt2.obj (.text)
                  00004c30    0000002e                                   : i_tofd_t2.obj (.text)
                  00004c5e    00000024                                   : memcmp.obj (.text)
                  00004c82    0000001c                                   : memccpy.obj (.text)
                  00004c9e    00000002     --HOLE-- [fill = 0]
                  00004ca0    00000018                                   : args_main.obj (.text)
                  00004cb8    00000018                                   : ll_mul_t2.obj (.text)
                  00004cd0    00000018                                   : strrchr.obj (.text)
                  00004ce8    00000016                                   : strchr.obj (.text)
                  00004cfe    00000002     --HOLE-- [fill = 0]
                  00004d00    00000014                                   : _lock.obj (.text)
                  00004d14    00000014                                   : s_copysign.obj (.text)
                  00004d28    00000014                                   : strcpy.obj (.text)
                  00004d3c    00000014                                   : strlen.obj (.text)
                  00004d50    00000010                                   : tolower.obj (.text)
                  00004d60    00000010                                   : toupper.obj (.text)
                  00004d70    0000000e                                   : copy_decompress_none.obj (.text:decompress:none)
                  00004d7e    0000000c                                   : copy_zero_init.obj (.text:decompress:ZI)
                  00004d8a    0000000c     tm4c1294ncpdt_startup_ccs.obj (.text)
                  00004d96    00000004     rtsv7M4_T_le_v4SPD16_eabi.lib : pre_init.obj (.text)

.const     0    00004da0    0000026c     
                  00004da0    00000101     rtsv7M4_T_le_v4SPD16_eabi.lib : ctype.obj (.const:.string:_ctypes_)
                  00004ea1    00000007     --HOLE-- [fill = 0]
                  00004ea8    00000098                                   : strtod.obj (.const:$O1$$)
                  00004f40    00000048     time.obj (.const:.string)
                  00004f88    00000030     time.obj (.const:monthStrings)
                  00004fb8    00000028     applications.obj (.const:.string:$P$T0$1)
                  00004fe0    00000010     rtsv7M4_T_le_v4SPD16_eabi.lib : _scanfi.obj (.const:$O1$$)
                  00004ff0    00000010     applications.obj (.const:$P$T1$2)
                  00005000    0000000c     applications.obj (.const:$P$T2$3)

.cinit     0    00005010    00000068     
                  00005010    0000003f     (.cinit..data.load) [load image, compression = lzss]
                  0000504f    00000001     --HOLE-- [fill = 0]
                  00005050    0000000c     (__TI_handler_table)
                  0000505c    00000004     --HOLE-- [fill = 0]
                  00005060    00000008     (.cinit..bss.load) [load image, compression = zero_init]
                  00005068    00000010     (__TI_cinit_table)

.init_array 
*          0    00000000    00000000     UNINITIALIZED

.sysmem    0    20000000    0003e800     UNINITIALIZED
                  20000000    00000008     rtsv7M4_T_le_v4SPD16_eabi.lib : memory.obj (.sysmem)
                  20000008    0003e7f8     --HOLE--

.stack     0    2003e800    00000800     UNINITIALIZED
                  2003e800    00000800     --HOLE--

.bss       0    2003f000    00000668     UNINITIALIZED
                  2003f000    00000640     (.common:mboxList)
                  2003f640    00000004     (.common:commandQueue)
                  2003f644    00000004     (.common:date)
                  2003f648    00000004     (.common:hundredths)
                  2003f64c    00000004     (.common:inQueue)
                  2003f650    00000004     (.common:msgList)
                  2003f654    00000004     (.common:outQueue)
                  2003f658    00000004     (.common:priorityLevel)
                  2003f65c    00000004     (.common:registersSaved)
                  2003f660    00000004     (.common:tenthSecondsCounter)
                  2003f664    00000004     (.common:time)

.data      0    2003f668    00000090     UNINITIALIZED
                  2003f668    00000030     time.obj (.data:monthDays)
                  2003f698    00000018     SVC.obj (.data:running)
                  2003f6b0    00000010     time.obj (.data)
                  2003f6c0    0000000c     rtsv7M4_T_le_v4SPD16_eabi.lib : exit.obj (.data:$O1$$)
                  2003f6cc    0000000c                                   : memory.obj (.data:$O1$$)
                  2003f6d8    0000000c     SysTick.obj (.data)
                  2003f6e4    00000008     rtsv7M4_T_le_v4SPD16_eabi.lib : _lock.obj (.data:$O1$$)
                  2003f6ec    00000004     SVC.obj (.data)
                  2003f6f0    00000004     rtsv7M4_T_le_v4SPD16_eabi.lib : errno.obj (.data)
                  2003f6f4    00000004                                   : stkdepth_vars.obj (.data)

MODULE SUMMARY

       Module                          code    ro data   rw data
       ------                          ----    -------   -------
    .\
       SVC.obj                         748     0         1640   
       time.obj                        1752    120       76     
       functions.obj                   1508    0         0      
       applications.obj                824     68        0      
       tm4c1294ncpdt_startup_ccs.obj   12      520       0      
       UART.obj                        388     0         8      
       cqueue.obj                      278     0         0      
       SysTick.obj                     148     0         20     
       Process.obj                     96      0         0      
    +--+-------------------------------+-------+---------+---------+
       Total:                          5754    708       1744   
                                                                
    C:\ti\ccsv7\tools\compiler\ti-cgt-arm_16.9.6.LTS\lib\rtsv7M4_T_le_v4SPD16_eabi.lib
       _printfi.obj                    4414    0         0      
       _scanfi.obj                     2200    16        0      
       memory.obj                      976     0         12     
       strtod.obj                      572     152       0      
       ull_div_t2.obj                  500     0         0      
       strtoll.obj                     476     0         0      
       fd_add_t2.obj                   438     0         0      
       strtoull.obj                    348     0         0      
       fd_div_t2.obj                   310     0         0      
       strtol.obj                      308     0         0      
       strtoul.obj                     276     0         0      
       fd_cmp_t2.obj                   268     0         0      
       ctype.obj                       0       257       0      
       fd_mul_t2.obj                   252     0         0      
       s_scalbn.obj                    252     0         0      
       sscanf.obj                      204     0         0      
       memcpy_t2.obj                   156     0         0      
       memset_t2.obj                   122     0         0      
       autoinit.obj                    112     0         0      
       fd_tos_t2.obj                   110     0         0      
       copy_decompress_lzss.obj        104     0         0      
       s_frexp.obj                     100     0         0      
       exit.obj                        84      0         12     
       sprintf.obj                     96      0         0      
       i_divt2.obj                     94      0         0      
       boot.obj                        84      0         0      
       ltoa.obj                        84      0         0      
       atoi.obj                        76      0         0      
       cpy_tbl.obj                     76      0         0      
       fd_toi_t2.obj                   72      0         0      
       u_divt2.obj                     64      0         0      
       i_tofd_t2.obj                   46      0         0      
       memcmp.obj                      36      0         0      
       _lock.obj                       20      0         8      
       memccpy.obj                     28      0         0      
       args_main.obj                   24      0         0      
       ll_mul_t2.obj                   24      0         0      
       strrchr.obj                     24      0         0      
       strchr.obj                      22      0         0      
       s_copysign.obj                  20      0         0      
       strcpy.obj                      20      0         0      
       strlen.obj                      20      0         0      
       tolower.obj                     16      0         0      
       toupper.obj                     16      0         0      
       copy_decompress_none.obj        14      0         0      
       copy_zero_init.obj              12      0         0      
       errno.obj                       0       0         4      
       pre_init.obj                    4       0         0      
       stkdepth_vars.obj               0       0         4      
       i_div0.obj                      2       0         0      
       mpu_init.obj                    2       0         0      
       startup.obj                     2       0         0      
    +--+-------------------------------+-------+---------+---------+
       Total:                          13580   425       40     
                                                                
       Heap:                           0       0         256000 
       Stack:                          0       0         2048   
       Linker Generated:               0       99        0      
    +--+-------------------------------+-------+---------+---------+
       Grand Total:                    19334   1232      259832 


LINKER GENERATED COPY TABLES

__TI_cinit_table @ 00005068 records: 2, size/record: 8, table size: 16
	.data: load addr=00005010, load size=0000003f bytes, run addr=2003f668, run size=00000090 bytes, compression=lzss
	.bss: load addr=00005060, load size=00000008 bytes, run addr=2003f000, run size=00000668 bytes, compression=zero_init


LINKER GENERATED HANDLER TABLE

__TI_handler_table @ 00005050 records: 3, size/record: 4, table size: 12
	index: 0, handler: __TI_decompress_lzss
	index: 1, handler: __TI_decompress_none
	index: 2, handler: __TI_zero_init


GLOBAL SYMBOLS: SORTED ALPHABETICALLY BY Name 

address   name                           
-------   ----                           
00004a69  C$$EXIT                        
0000456f  IntMasterEnable                
00003ab3  InterruptEnable                
00003b25  InterruptMasterEnable          
00004d8b  ResetISR                       
UNDEFED   SHT$$INIT_ARRAY$$Base          
UNDEFED   SHT$$INIT_ARRAY$$Limit         
00003159  SVCHandler                     
0000311f  SVCall                         
00004573  SysTickHandler                 
00004563  SysTickIntDisable              
00004557  SysTickIntEnable               
00004545  SysTickPeriod                  
0000452d  SysTickStart                   
00004539  SysTickStop                    
00003a55  UART0_Init                     
00003adb  UART0_IntEnable                
00003aef  UART0_IntHandler               
00002c6d  UARTReceive                    
2003f000  __STACK_END                    
00000800  __STACK_SIZE                   
2003ea00  __STACK_TOP                    
0003e800  __SYSMEM_SIZE                  
00005068  __TI_CINIT_Base                
00005078  __TI_CINIT_Limit               
00005050  __TI_Handler_Table_Base        
0000505c  __TI_Handler_Table_Limit       
00004749  __TI_auto_init                 
2003f6c0  __TI_cleanup_ptr               
00004827  __TI_decompress_lzss           
00004d71  __TI_decompress_none           
2003f6c4  __TI_dtors_ptr                 
2003f6c8  __TI_enable_exit_profile_output
ffffffff  __TI_pprof_out_hndl            
00000a4d  __TI_printfi                   
ffffffff  __TI_prof_data_size            
ffffffff  __TI_prof_data_start           
00001349  __TI_scanfi                    
00000000  __TI_static_base__             
00004d7f  __TI_zero_init                 
000045c1  __aeabi_cdcmpeq                
000045c1  __aeabi_cdcmple                
00004647  __aeabi_cdrcmple               
000047b9  __aeabi_d2f                    
00004ba9  __aeabi_d2iz                   
000038a7  __aeabi_dadd                   
00003d35  __aeabi_ddiv                   
000041cd  __aeabi_dmul                   
0000389d  __aeabi_dsub                   
00004c31  __aeabi_i2d                    
000049b5  __aeabi_idiv                   
00001347  __aeabi_idiv0                  
000049b5  __aeabi_idivmod                
00004cb9  __aeabi_lmul                   
000046cd  __aeabi_memclr                 
000046cd  __aeabi_memclr4                
000046cd  __aeabi_memclr8                
00004491  __aeabi_memcpy                 
00004491  __aeabi_memcpy4                
00004491  __aeabi_memcpy8                
000046cf  __aeabi_memset                 
000046cf  __aeabi_memset4                
000046cf  __aeabi_memset8                
00004bf1  __aeabi_uidiv                  
00004bf1  __aeabi_uidivmod               
000034cd  __aeabi_uldivmod               
ffffffff  __binit__                      
ffffffff  __c_args__                     
00003a53  __mpu_init                     
2003e800  __stack                        
00004ca1  _args_main                     
00004a15  _c_int00                       
00004da0  _ctypes_                       
2003f6e4  _lock                          
00004d0f  _nop                           
00004d07  _register_lock                 
00004d01  _register_unlock               
20000000  _sys_memory                    
00003e6b  _system_post_cinit             
00004d97  _system_pre_init               
2003f6e8  _unlock                        
00004a6d  abort                          
0000275d  addPCB                         
2003f6b8  alarmConstant                  
2003f6d8  alarmPtr                       
000027b9  allocate                       
00002e45  assignR7                       
00004b11  atoi                           
0000401b  backspace                      
00002ec5  bind                           
ffffffff  binit                          
00002c3d  calloc                         
00002d77  check                          
0000405b  clearQueue                     
2003f640  commandQueue                   
00004b5d  copy_in                        
00004d15  copysign                       
00004d15  copysignl                      
2003f6e0  count                          
2003f644  date                           
2003f6b4  dateConstant                   
2003f6bc  daysPassed                     
000027dd  deallocate                     
00003fdf  dequeue                        
00003fa1  enqueue                        
2003f6f0  errno                          
00004a75  exit                           
000027f7  findNextProcess                
00002987  free                           
00004891  frexp                          
00004891  frexpl                         
00000000  g_pfnVectors                   
0000409f  getSize                        
0000490b  get_MSP                        
00004901  get_PSP                        
0000494d  get_SP                         
00002d99  goodbye                        
2003f648  hundredths                     
2003f64c  inQueue                        
00002fc5  initKernel                     
00004045  initQueue                      
00002401  k_bind                         
0000232d  k_getPID                       
00002365  k_nice                         
0000233b  k_print                        
000025f7  k_recv                         
000024ed  k_send                         
000022b9  k_terminate                    
0000247d  k_unbind                       
000042c9  ldexp                          
000042c9  ldexpl                         
00002253  leapYear                       
00002dd7  lowest                         
00004abd  ltoa                           
00002fa5  main                           
2003f6f4  main_func_sp                   
0000291d  malloc                         
2003f000  mboxList                       
00002b51  memalign                       
00004c83  memccpy                        
00004c5f  memcmp                         
00004491  memcpy                         
000046d5  memset                         
0000289d  minit                          
2003f668  monthDays                      
00004f88  monthStrings                   
00001f6d  monthToInt                     
2003f650  msgList                        
000026e3  nextProcess                    
00002ee1  nice                           
00002d79  outProcess                     
2003f654  outQueue                       
0000216d  parseAlarm                     
00001c59  parseCommand                   
00001e85  parseDate                      
00001ca3  parseTime                      
0000307d  pendSVHandler                  
00002e51  pkCall                         
00003b29  print                          
00002119  printAlarm                     
00003b51  printChar                      
00002eef  printRequest                   
00002f0d  printVT                        
2003f658  priorityLevel                  
00002825  processSwitch                  
000020b1  readAlarm                      
00001df1  readDate                       
00001be1  readTime                       
00002a47  realloc                        
00002e9b  recv                           
000030a9  regProcess                     
2003f65c  registersSaved                 
0000271d  removePCB                      
0000493f  restore_registers              
2003f698  running                        
00004931  save_registers                 
000042c9  scalbn                         
000042c9  scalbnl                        
00002e71  send                           
000048f5  set_LR                         
00004923  set_MSP                        
00004915  set_PSP                        
00004955  sprintf                        
000043d7  sscanf                         
00004ce9  strchr                         
00004d29  strcpy                         
00004d3d  strlen                         
00004cd1  strrchr                        
00003291  strtod                         
00003e6d  strtol                         
00003291  strtold                        
000036c1  strtoll                        
000040b9  strtoul                        
00003bd9  strtoull                       
2003f6dc  tenthSecondsAlarm              
2003f660  tenthSecondsCounter            
00002e35  terminate                      
2003f664  time                           
2003f6b0  timeConstant                   
00004d51  tolower                        
00004d61  toupper                        
00003b71  transmitByte                   
00002ed3  unbind                         
00001fcd  updateDate                     
00001d5d  updateTime                     
000043c5  vsscanf                        


GLOBAL SYMBOLS: SORTED BY Symbol Address 

address   name                           
-------   ----                           
00000000  __TI_static_base__             
00000000  g_pfnVectors                   
00000800  __STACK_SIZE                   
00000a4d  __TI_printfi                   
00001347  __aeabi_idiv0                  
00001349  __TI_scanfi                    
00001be1  readTime                       
00001c59  parseCommand                   
00001ca3  parseTime                      
00001d5d  updateTime                     
00001df1  readDate                       
00001e85  parseDate                      
00001f6d  monthToInt                     
00001fcd  updateDate                     
000020b1  readAlarm                      
00002119  printAlarm                     
0000216d  parseAlarm                     
00002253  leapYear                       
000022b9  k_terminate                    
0000232d  k_getPID                       
0000233b  k_print                        
00002365  k_nice                         
00002401  k_bind                         
0000247d  k_unbind                       
000024ed  k_send                         
000025f7  k_recv                         
000026e3  nextProcess                    
0000271d  removePCB                      
0000275d  addPCB                         
000027b9  allocate                       
000027dd  deallocate                     
000027f7  findNextProcess                
00002825  processSwitch                  
0000289d  minit                          
0000291d  malloc                         
00002987  free                           
00002a47  realloc                        
00002b51  memalign                       
00002c3d  calloc                         
00002c6d  UARTReceive                    
00002d77  check                          
00002d79  outProcess                     
00002d99  goodbye                        
00002dd7  lowest                         
00002e35  terminate                      
00002e45  assignR7                       
00002e51  pkCall                         
00002e71  send                           
00002e9b  recv                           
00002ec5  bind                           
00002ed3  unbind                         
00002ee1  nice                           
00002eef  printRequest                   
00002f0d  printVT                        
00002fa5  main                           
00002fc5  initKernel                     
0000307d  pendSVHandler                  
000030a9  regProcess                     
0000311f  SVCall                         
00003159  SVCHandler                     
00003291  strtod                         
00003291  strtold                        
000034cd  __aeabi_uldivmod               
000036c1  strtoll                        
0000389d  __aeabi_dsub                   
000038a7  __aeabi_dadd                   
00003a53  __mpu_init                     
00003a55  UART0_Init                     
00003ab3  InterruptEnable                
00003adb  UART0_IntEnable                
00003aef  UART0_IntHandler               
00003b25  InterruptMasterEnable          
00003b29  print                          
00003b51  printChar                      
00003b71  transmitByte                   
00003bd9  strtoull                       
00003d35  __aeabi_ddiv                   
00003e6b  _system_post_cinit             
00003e6d  strtol                         
00003fa1  enqueue                        
00003fdf  dequeue                        
0000401b  backspace                      
00004045  initQueue                      
0000405b  clearQueue                     
0000409f  getSize                        
000040b9  strtoul                        
000041cd  __aeabi_dmul                   
000042c9  ldexp                          
000042c9  ldexpl                         
000042c9  scalbn                         
000042c9  scalbnl                        
000043c5  vsscanf                        
000043d7  sscanf                         
00004491  __aeabi_memcpy                 
00004491  __aeabi_memcpy4                
00004491  __aeabi_memcpy8                
00004491  memcpy                         
0000452d  SysTickStart                   
00004539  SysTickStop                    
00004545  SysTickPeriod                  
00004557  SysTickIntEnable               
00004563  SysTickIntDisable              
0000456f  IntMasterEnable                
00004573  SysTickHandler                 
000045c1  __aeabi_cdcmpeq                
000045c1  __aeabi_cdcmple                
00004647  __aeabi_cdrcmple               
000046cd  __aeabi_memclr                 
000046cd  __aeabi_memclr4                
000046cd  __aeabi_memclr8                
000046cf  __aeabi_memset                 
000046cf  __aeabi_memset4                
000046cf  __aeabi_memset8                
000046d5  memset                         
00004749  __TI_auto_init                 
000047b9  __aeabi_d2f                    
00004827  __TI_decompress_lzss           
00004891  frexp                          
00004891  frexpl                         
000048f5  set_LR                         
00004901  get_PSP                        
0000490b  get_MSP                        
00004915  set_PSP                        
00004923  set_MSP                        
00004931  save_registers                 
0000493f  restore_registers              
0000494d  get_SP                         
00004955  sprintf                        
000049b5  __aeabi_idiv                   
000049b5  __aeabi_idivmod                
00004a15  _c_int00                       
00004a69  C$$EXIT                        
00004a6d  abort                          
00004a75  exit                           
00004abd  ltoa                           
00004b11  atoi                           
00004b5d  copy_in                        
00004ba9  __aeabi_d2iz                   
00004bf1  __aeabi_uidiv                  
00004bf1  __aeabi_uidivmod               
00004c31  __aeabi_i2d                    
00004c5f  memcmp                         
00004c83  memccpy                        
00004ca1  _args_main                     
00004cb9  __aeabi_lmul                   
00004cd1  strrchr                        
00004ce9  strchr                         
00004d01  _register_unlock               
00004d07  _register_lock                 
00004d0f  _nop                           
00004d15  copysign                       
00004d15  copysignl                      
00004d29  strcpy                         
00004d3d  strlen                         
00004d51  tolower                        
00004d61  toupper                        
00004d71  __TI_decompress_none           
00004d7f  __TI_zero_init                 
00004d8b  ResetISR                       
00004d97  _system_pre_init               
00004da0  _ctypes_                       
00004f88  monthStrings                   
00005050  __TI_Handler_Table_Base        
0000505c  __TI_Handler_Table_Limit       
00005068  __TI_CINIT_Base                
00005078  __TI_CINIT_Limit               
0003e800  __SYSMEM_SIZE                  
20000000  _sys_memory                    
2003e800  __stack                        
2003ea00  __STACK_TOP                    
2003f000  __STACK_END                    
2003f000  mboxList                       
2003f640  commandQueue                   
2003f644  date                           
2003f648  hundredths                     
2003f64c  inQueue                        
2003f650  msgList                        
2003f654  outQueue                       
2003f658  priorityLevel                  
2003f65c  registersSaved                 
2003f660  tenthSecondsCounter            
2003f664  time                           
2003f668  monthDays                      
2003f698  running                        
2003f6b0  timeConstant                   
2003f6b4  dateConstant                   
2003f6b8  alarmConstant                  
2003f6bc  daysPassed                     
2003f6c0  __TI_cleanup_ptr               
2003f6c4  __TI_dtors_ptr                 
2003f6c8  __TI_enable_exit_profile_output
2003f6d8  alarmPtr                       
2003f6dc  tenthSecondsAlarm              
2003f6e0  count                          
2003f6e4  _lock                          
2003f6e8  _unlock                        
2003f6f0  errno                          
2003f6f4  main_func_sp                   
ffffffff  __TI_pprof_out_hndl            
ffffffff  __TI_prof_data_size            
ffffffff  __TI_prof_data_start           
ffffffff  __binit__                      
ffffffff  __c_args__                     
ffffffff  binit                          
UNDEFED   SHT$$INIT_ARRAY$$Base          
UNDEFED   SHT$$INIT_ARRAY$$Limit         

[206 symbols]
