******************************************************************************
                  TI ARM Linker PC v16.9.6                     
******************************************************************************
>> Linked Sun Oct 13 20:54:16 2019

OUTPUT FILE NAME:   <Kernel.out>
ENTRY POINT SYMBOL: "_c_int00"  address: 00003a29


MEMORY CONFIGURATION

         name            origin    length      used     unused   attr    fill
----------------------  --------  ---------  --------  --------  ----  --------
  FLASH                 00000000   00100000  0000402e  000fbfd2  R  X
  SRAM                  20000000   00040000  00000280  0003fd80  RW X


SEGMENT ALLOCATION MAP

run origin  load origin   length   init length attrs members
----------  ----------- ---------- ----------- ----- -------
00000000    00000000    00004030   00004030    r-x
  00000000    00000000    00000208   00000208    r-- .intvecs
  00000208    00000208    00003ba6   00003ba6    r-x .text
  00003db0    00003db0    00000228   00000228    r-- .const
  00003fd8    00003fd8    00000058   00000058    r-- .cinit
20000000    20000000    00000280   00000000    rw-
  20000000    20000000    00000200   00000000    rw- .stack
  20000200    20000200    00000068   00000000    rw- .data
  20000268    20000268    00000018   00000000    rw- .bss


SECTION ALLOCATION MAP

 output                                  attributes/
section   page    origin      length       input sections
--------  ----  ----------  ----------   ----------------
.intvecs   0    00000000    00000208     
                  00000000    00000208     tm4c1294ncpdt_startup_ccs.obj (.intvecs)

.text      0    00000208    00003ba6     
                  00000208    0000113e     rtsv7M4_T_le_v4SPD16_eabi.lib : _printfi.obj (.text)
                  00001346    00000002                                   : i_div0.obj (.text)
                  00001348    00000898                                   : _scanfi.obj (.text)
                  00001be0    000006d8     time.obj (.text)
                  000022b8    0000023c     rtsv7M4_T_le_v4SPD16_eabi.lib : strtod.obj (.text)
                  000024f4    000001f4                                   : ull_div_t2.obj (.text)
                  000026e8    000001dc                                   : strtoll.obj (.text)
                  000028c4    000001b6                                   : fd_add_t2.obj (.text)
                  00002a7a    00000002                                   : mpu_init.obj (.text)
                  00002a7c    00000180     UART.obj (.text)
                  00002bfc    0000015c     rtsv7M4_T_le_v4SPD16_eabi.lib : strtoull.obj (.text)
                  00002d58    00000136                                   : fd_div_t2.obj (.text)
                  00002e8e    00000002                                   : startup.obj (.text)
                  00002e90    00000134                                   : strtol.obj (.text)
                  00002fc4    00000116     cqueue.obj (.text)
                  000030da    00000002     --HOLE-- [fill = 0]
                  000030dc    00000114     rtsv7M4_T_le_v4SPD16_eabi.lib : strtoul.obj (.text)
                  000031f0    000000fc                                   : fd_mul_t2.obj (.text)
                  000032ec    000000fc                                   : s_scalbn.obj (.text)
                  000033e8    000000cc                                   : sscanf.obj (.text)
                  000034b4    0000009c                                   : memcpy_t2.obj (.text)
                  00003550    00000086                                   : fd_cmp_t2.obj (.text:__aeabi_cdcmple)
                  000035d6    00000086                                   : fd_cmp_t2.obj (.text:__aeabi_cdrcmple)
                  0000365c    0000007a                                   : memset_t2.obj (.text)
                  000036d6    00000002     --HOLE-- [fill = 0]
                  000036d8    00000078     SysTick.obj (.text)
                  00003750    00000070     rtsv7M4_T_le_v4SPD16_eabi.lib : autoinit.obj (.text)
                  000037c0    0000006e                                   : fd_tos_t2.obj (.text)
                  0000382e    00000002     --HOLE-- [fill = 0]
                  00003830    0000006c     application.obj (.text)
                  0000389c    00000068     rtsv7M4_T_le_v4SPD16_eabi.lib : copy_decompress_lzss.obj (.text:decompress:lzss)
                  00003904    00000064                                   : s_frexp.obj (.text)
                  00003968    00000060                                   : sprintf.obj (.text)
                  000039c8    0000005e                                   : i_divt2.obj (.text)
                  00003a26    00000002     --HOLE-- [fill = 0]
                  00003a28    00000054                                   : boot.obj (.text)
                  00003a7c    00000054                                   : exit.obj (.text)
                  00003ad0    00000054                                   : ltoa.obj (.text)
                  00003b24    0000004c                                   : atoi.obj (.text)
                  00003b70    0000004c                                   : cpy_tbl.obj (.text)
                  00003bbc    00000048                                   : fd_toi_t2.obj (.text)
                  00003c04    00000040                                   : u_divt2.obj (.text)
                  00003c44    0000002e                                   : i_tofd_t2.obj (.text)
                  00003c72    00000024                                   : memcmp.obj (.text)
                  00003c96    0000001c                                   : memccpy.obj (.text)
                  00003cb2    00000002     --HOLE-- [fill = 0]
                  00003cb4    00000018                                   : args_main.obj (.text)
                  00003ccc    00000018                                   : ll_mul_t2.obj (.text)
                  00003ce4    00000018                                   : strrchr.obj (.text)
                  00003cfc    00000016                                   : strchr.obj (.text)
                  00003d12    00000002     --HOLE-- [fill = 0]
                  00003d14    00000014                                   : _lock.obj (.text)
                  00003d28    00000014                                   : s_copysign.obj (.text)
                  00003d3c    00000014                                   : strcpy.obj (.text)
                  00003d50    00000014                                   : strlen.obj (.text)
                  00003d64    00000010                                   : tolower.obj (.text)
                  00003d74    00000010                                   : toupper.obj (.text)
                  00003d84    0000000e                                   : copy_decompress_none.obj (.text:decompress:none)
                  00003d92    0000000c                                   : copy_zero_init.obj (.text:decompress:ZI)
                  00003d9e    0000000c     tm4c1294ncpdt_startup_ccs.obj (.text)
                  00003daa    00000004     rtsv7M4_T_le_v4SPD16_eabi.lib : pre_init.obj (.text)

.const     0    00003db0    00000228     
                  00003db0    00000101     rtsv7M4_T_le_v4SPD16_eabi.lib : ctype.obj (.const:.string:_ctypes_)
                  00003eb1    00000007     --HOLE-- [fill = 0]
                  00003eb8    00000098                                   : strtod.obj (.const:$O1$$)
                  00003f50    00000048     time.obj (.const:.string)
                  00003f98    00000030     time.obj (.const:monthStrings)
                  00003fc8    00000010     rtsv7M4_T_le_v4SPD16_eabi.lib : _scanfi.obj (.const:$O1$$)

.cinit     0    00003fd8    00000058     
                  00003fd8    00000030     (.cinit..data.load) [load image, compression = lzss]
                  00004008    0000000c     (__TI_handler_table)
                  00004014    00000004     --HOLE-- [fill = 0]
                  00004018    00000008     (.cinit..bss.load) [load image, compression = zero_init]
                  00004020    00000010     (__TI_cinit_table)

.init_array 
*          0    00000000    00000000     UNINITIALIZED

.stack     0    20000000    00000200     UNINITIALIZED
                  20000000    00000200     --HOLE--

.data      0    20000200    00000068     UNINITIALIZED
                  20000200    00000030     time.obj (.data:monthDays)
                  20000230    00000010     time.obj (.data)
                  20000240    0000000c     rtsv7M4_T_le_v4SPD16_eabi.lib : exit.obj (.data:$O1$$)
                  2000024c    0000000c     SysTick.obj (.data)
                  20000258    00000008     rtsv7M4_T_le_v4SPD16_eabi.lib : _lock.obj (.data:$O1$$)
                  20000260    00000004                                   : errno.obj (.data)
                  20000264    00000004                                   : stkdepth_vars.obj (.data)

.bss       0    20000268    00000018     UNINITIALIZED
                  20000268    00000004     (.common:commandQueue)
                  2000026c    00000004     (.common:date)
                  20000270    00000004     (.common:inQueue)
                  20000274    00000004     (.common:outQueue)
                  20000278    00000004     (.common:tenthSecondsCounter)
                  2000027c    00000004     (.common:time)

MODULE SUMMARY

       Module                          code    ro data   rw data
       ------                          ----    -------   -------
    .\
       time.obj                        1752    120       76     
       tm4c1294ncpdt_startup_ccs.obj   12      520       0      
       UART.obj                        384     0         8      
       cqueue.obj                      278     0         0      
       SysTick.obj                     120     0         16     
       application.obj                 108     0         0      
    +--+-------------------------------+-------+---------+---------+
       Total:                          2654    640       100    
                                                                
    C:\ti\ccsv7\tools\compiler\ti-cgt-arm_16.9.6.LTS\lib\rtsv7M4_T_le_v4SPD16_eabi.lib
       _printfi.obj                    4414    0         0      
       _scanfi.obj                     2200    16        0      
       strtod.obj                      572     152       0      
       ull_div_t2.obj                  500     0         0      
       strtoll.obj                     476     0         0      
       fd_add_t2.obj                   438     0         0      
       strtoull.obj                    348     0         0      
       fd_div_t2.obj                   310     0         0      
       strtol.obj                      308     0         0      
       strtoul.obj                     276     0         0      
       fd_cmp_t2.obj                   268     0         0      
       ctype.obj                       0       257       0      
       fd_mul_t2.obj                   252     0         0      
       s_scalbn.obj                    252     0         0      
       sscanf.obj                      204     0         0      
       memcpy_t2.obj                   156     0         0      
       memset_t2.obj                   122     0         0      
       autoinit.obj                    112     0         0      
       fd_tos_t2.obj                   110     0         0      
       copy_decompress_lzss.obj        104     0         0      
       s_frexp.obj                     100     0         0      
       exit.obj                        84      0         12     
       sprintf.obj                     96      0         0      
       i_divt2.obj                     94      0         0      
       boot.obj                        84      0         0      
       ltoa.obj                        84      0         0      
       atoi.obj                        76      0         0      
       cpy_tbl.obj                     76      0         0      
       fd_toi_t2.obj                   72      0         0      
       u_divt2.obj                     64      0         0      
       i_tofd_t2.obj                   46      0         0      
       memcmp.obj                      36      0         0      
       _lock.obj                       20      0         8      
       memccpy.obj                     28      0         0      
       args_main.obj                   24      0         0      
       ll_mul_t2.obj                   24      0         0      
       strrchr.obj                     24      0         0      
       strchr.obj                      22      0         0      
       s_copysign.obj                  20      0         0      
       strcpy.obj                      20      0         0      
       strlen.obj                      20      0         0      
       tolower.obj                     16      0         0      
       toupper.obj                     16      0         0      
       copy_decompress_none.obj        14      0         0      
       copy_zero_init.obj              12      0         0      
       errno.obj                       0       0         4      
       pre_init.obj                    4       0         0      
       stkdepth_vars.obj               0       0         4      
       i_div0.obj                      2       0         0      
       mpu_init.obj                    2       0         0      
       startup.obj                     2       0         0      
    +--+-------------------------------+-------+---------+---------+
       Total:                          12604   425       28     
                                                                
       Stack:                          0       0         512    
       Linker Generated:               0       84        0      
    +--+-------------------------------+-------+---------+---------+
       Grand Total:                    15258   1149      640    


LINKER GENERATED COPY TABLES

__TI_cinit_table @ 00004020 records: 2, size/record: 8, table size: 16
	.data: load addr=00003fd8, load size=00000030 bytes, run addr=20000200, run size=00000068 bytes, compression=lzss
	.bss: load addr=00004018, load size=00000008 bytes, run addr=20000268, run size=00000018 bytes, compression=zero_init


LINKER GENERATED HANDLER TABLE

__TI_handler_table @ 00004008 records: 3, size/record: 4, table size: 12
	index: 0, handler: __TI_decompress_lzss
	index: 1, handler: __TI_decompress_none
	index: 2, handler: __TI_zero_init


GLOBAL SYMBOLS: SORTED ALPHABETICALLY BY Name 

address   name                           
-------   ----                           
00003a7d  C$$EXIT                        
0000371b  IntMasterEnable                
00002adb  InterruptEnable                
00002b4d  InterruptMasterEnable          
00003d9f  ResetISR                       
UNDEFED   SHT$$INIT_ARRAY$$Base          
UNDEFED   SHT$$INIT_ARRAY$$Limit         
0000371f  SysTickHandler                 
0000370f  SysTickIntDisable              
00003703  SysTickIntEnable               
000036f1  SysTickPeriod                  
000036d9  SysTickStart                   
000036e5  SysTickStop                    
00002a7d  UART0_Init                     
00002b03  UART0_IntEnable                
00002b17  UART0_IntHandler               
20000200  __STACK_END                    
00000200  __STACK_SIZE                   
20000200  __STACK_TOP                    
00004020  __TI_CINIT_Base                
00004030  __TI_CINIT_Limit               
00004008  __TI_Handler_Table_Base        
00004014  __TI_Handler_Table_Limit       
00003751  __TI_auto_init                 
20000240  __TI_cleanup_ptr               
0000389d  __TI_decompress_lzss           
00003d85  __TI_decompress_none           
20000244  __TI_dtors_ptr                 
20000248  __TI_enable_exit_profile_output
ffffffff  __TI_pprof_out_hndl            
00000a4d  __TI_printfi                   
ffffffff  __TI_prof_data_size            
ffffffff  __TI_prof_data_start           
00001349  __TI_scanfi                    
00000000  __TI_static_base__             
00003d93  __TI_zero_init                 
00003551  __aeabi_cdcmpeq                
00003551  __aeabi_cdcmple                
000035d7  __aeabi_cdrcmple               
000037c1  __aeabi_d2f                    
00003bbd  __aeabi_d2iz                   
000028cf  __aeabi_dadd                   
00002d59  __aeabi_ddiv                   
000031f1  __aeabi_dmul                   
000028c5  __aeabi_dsub                   
00003c45  __aeabi_i2d                    
000039c9  __aeabi_idiv                   
00001347  __aeabi_idiv0                  
000039c9  __aeabi_idivmod                
00003ccd  __aeabi_lmul                   
0000365d  __aeabi_memclr                 
0000365d  __aeabi_memclr4                
0000365d  __aeabi_memclr8                
000034b5  __aeabi_memcpy                 
000034b5  __aeabi_memcpy4                
000034b5  __aeabi_memcpy8                
0000365f  __aeabi_memset                 
0000365f  __aeabi_memset4                
0000365f  __aeabi_memset8                
00003c05  __aeabi_uidiv                  
00003c05  __aeabi_uidivmod               
000024f5  __aeabi_uldivmod               
ffffffff  __binit__                      
ffffffff  __c_args__                     
00002a7b  __mpu_init                     
20000000  __stack                        
00003cb5  _args_main                     
00003a29  _c_int00                       
00003db0  _ctypes_                       
20000258  _lock                          
00003d23  _nop                           
00003d1b  _register_lock                 
00003d15  _register_unlock               
00002e8f  _system_post_cinit             
00003dab  _system_pre_init               
2000025c  _unlock                        
00003a81  abort                          
20000238  alarmConstant                  
2000024c  alarmPtr                       
00003b25  atoi                           
0000303f  backspace                      
ffffffff  binit                          
0000307f  clearQueue                     
20000268  commandQueue                   
00003b71  copy_in                        
00003d29  copysign                       
00003d29  copysignl                      
20000254  count                          
2000026c  date                           
20000234  dateConstant                   
2000023c  daysPassed                     
00003003  dequeue                        
00002fc5  enqueue                        
20000260  errno                          
00003a89  exit                           
00003905  frexp                          
00003905  frexpl                         
00000000  g_pfnVectors                   
000030c3  getSize                        
20000270  inQueue                        
00003069  initQueue                      
000032ed  ldexp                          
000032ed  ldexpl                         
00002253  leapYear                       
00003ad1  ltoa                           
00003831  main                           
20000264  main_func_sp                   
00003c97  memccpy                        
00003c73  memcmp                         
000034b5  memcpy                         
00003665  memset                         
20000200  monthDays                      
00003f98  monthStrings                   
00001f6d  monthToInt                     
20000274  outQueue                       
0000216d  parseAlarm                     
00001c59  parseCommand                   
00001e85  parseDate                      
00001ca3  parseTime                      
00002b51  print                          
00002119  printAlarm                     
00002b79  printChar                      
00003833  processCommand                 
000020b1  readAlarm                      
00001df1  readDate                       
00001be1  readTime                       
000032ed  scalbn                         
000032ed  scalbnl                        
00003969  sprintf                        
000033fb  sscanf                         
00003cfd  strchr                         
00003d3d  strcpy                         
00003d51  strlen                         
00003ce5  strrchr                        
000022b9  strtod                         
00002e91  strtol                         
000022b9  strtold                        
000026e9  strtoll                        
000030dd  strtoul                        
00002bfd  strtoull                       
20000250  tenthSecondsAlarm              
20000278  tenthSecondsCounter            
2000027c  time                           
20000230  timeConstant                   
00003d65  tolower                        
00003d75  toupper                        
00002b95  transmitByte                   
00001fcd  updateDate                     
00001d5d  updateTime                     
000033e9  vsscanf                        


GLOBAL SYMBOLS: SORTED BY Symbol Address 

address   name                           
-------   ----                           
00000000  __TI_static_base__             
00000000  g_pfnVectors                   
00000200  __STACK_SIZE                   
00000a4d  __TI_printfi                   
00001347  __aeabi_idiv0                  
00001349  __TI_scanfi                    
00001be1  readTime                       
00001c59  parseCommand                   
00001ca3  parseTime                      
00001d5d  updateTime                     
00001df1  readDate                       
00001e85  parseDate                      
00001f6d  monthToInt                     
00001fcd  updateDate                     
000020b1  readAlarm                      
00002119  printAlarm                     
0000216d  parseAlarm                     
00002253  leapYear                       
000022b9  strtod                         
000022b9  strtold                        
000024f5  __aeabi_uldivmod               
000026e9  strtoll                        
000028c5  __aeabi_dsub                   
000028cf  __aeabi_dadd                   
00002a7b  __mpu_init                     
00002a7d  UART0_Init                     
00002adb  InterruptEnable                
00002b03  UART0_IntEnable                
00002b17  UART0_IntHandler               
00002b4d  InterruptMasterEnable          
00002b51  print                          
00002b79  printChar                      
00002b95  transmitByte                   
00002bfd  strtoull                       
00002d59  __aeabi_ddiv                   
00002e8f  _system_post_cinit             
00002e91  strtol                         
00002fc5  enqueue                        
00003003  dequeue                        
0000303f  backspace                      
00003069  initQueue                      
0000307f  clearQueue                     
000030c3  getSize                        
000030dd  strtoul                        
000031f1  __aeabi_dmul                   
000032ed  ldexp                          
000032ed  ldexpl                         
000032ed  scalbn                         
000032ed  scalbnl                        
000033e9  vsscanf                        
000033fb  sscanf                         
000034b5  __aeabi_memcpy                 
000034b5  __aeabi_memcpy4                
000034b5  __aeabi_memcpy8                
000034b5  memcpy                         
00003551  __aeabi_cdcmpeq                
00003551  __aeabi_cdcmple                
000035d7  __aeabi_cdrcmple               
0000365d  __aeabi_memclr                 
0000365d  __aeabi_memclr4                
0000365d  __aeabi_memclr8                
0000365f  __aeabi_memset                 
0000365f  __aeabi_memset4                
0000365f  __aeabi_memset8                
00003665  memset                         
000036d9  SysTickStart                   
000036e5  SysTickStop                    
000036f1  SysTickPeriod                  
00003703  SysTickIntEnable               
0000370f  SysTickIntDisable              
0000371b  IntMasterEnable                
0000371f  SysTickHandler                 
00003751  __TI_auto_init                 
000037c1  __aeabi_d2f                    
00003831  main                           
00003833  processCommand                 
0000389d  __TI_decompress_lzss           
00003905  frexp                          
00003905  frexpl                         
00003969  sprintf                        
000039c9  __aeabi_idiv                   
000039c9  __aeabi_idivmod                
00003a29  _c_int00                       
00003a7d  C$$EXIT                        
00003a81  abort                          
00003a89  exit                           
00003ad1  ltoa                           
00003b25  atoi                           
00003b71  copy_in                        
00003bbd  __aeabi_d2iz                   
00003c05  __aeabi_uidiv                  
00003c05  __aeabi_uidivmod               
00003c45  __aeabi_i2d                    
00003c73  memcmp                         
00003c97  memccpy                        
00003cb5  _args_main                     
00003ccd  __aeabi_lmul                   
00003ce5  strrchr                        
00003cfd  strchr                         
00003d15  _register_unlock               
00003d1b  _register_lock                 
00003d23  _nop                           
00003d29  copysign                       
00003d29  copysignl                      
00003d3d  strcpy                         
00003d51  strlen                         
00003d65  tolower                        
00003d75  toupper                        
00003d85  __TI_decompress_none           
00003d93  __TI_zero_init                 
00003d9f  ResetISR                       
00003dab  _system_pre_init               
00003db0  _ctypes_                       
00003f98  monthStrings                   
00004008  __TI_Handler_Table_Base        
00004014  __TI_Handler_Table_Limit       
00004020  __TI_CINIT_Base                
00004030  __TI_CINIT_Limit               
20000000  __stack                        
20000200  __STACK_END                    
20000200  __STACK_TOP                    
20000200  monthDays                      
20000230  timeConstant                   
20000234  dateConstant                   
20000238  alarmConstant                  
2000023c  daysPassed                     
20000240  __TI_cleanup_ptr               
20000244  __TI_dtors_ptr                 
20000248  __TI_enable_exit_profile_output
2000024c  alarmPtr                       
20000250  tenthSecondsAlarm              
20000254  count                          
20000258  _lock                          
2000025c  _unlock                        
20000260  errno                          
20000264  main_func_sp                   
20000268  commandQueue                   
2000026c  date                           
20000270  inQueue                        
20000274  outQueue                       
20000278  tenthSecondsCounter            
2000027c  time                           
ffffffff  __TI_pprof_out_hndl            
ffffffff  __TI_prof_data_size            
ffffffff  __TI_prof_data_start           
ffffffff  __binit__                      
ffffffff  __c_args__                     
ffffffff  binit                          
UNDEFED   SHT$$INIT_ARRAY$$Base          
UNDEFED   SHT$$INIT_ARRAY$$Limit         

[150 symbols]
