******************************************************************************
                  TI ARM Linker PC v16.9.6                     
******************************************************************************
>> Linked Sun Nov 17 15:32:31 2019

OUTPUT FILE NAME:   <Kernel.out>
ENTRY POINT SYMBOL: "_c_int00"  address: 000014d1


MEMORY CONFIGURATION

         name            origin    length      used     unused   attr    fill
----------------------  --------  ---------  --------  --------  ----  --------
  FLASH                 00000000   00100000  0000167e  000fe982  R  X
  SRAM                  20000000   00040000  0003f6b4  0000094c  RW X


SEGMENT ALLOCATION MAP

run origin  load origin   length   init length attrs members
----------  ----------- ---------- ----------- ----- -------
00000000    00000000    00001680   00001680    r-x
  00000000    00000000    00000208   00000208    r-- .intvecs
  00000208    00000208    00001412   00001412    r-x .text
  0000161c    0000161c    0000001c   0000001c    r-- .const
  00001638    00001638    00000048   00000048    r-- .cinit
20000000    20000000    0003f6b4   00000000    rw-
  20000000    20000000    0003e800   00000000    rw- .sysmem
  2003e800    2003e800    00000800   00000000    rw- .stack
  2003f000    2003f000    00000664   00000000    rw- .bss
  2003f664    2003f664    00000050   00000000    rw- .data


SECTION ALLOCATION MAP

 output                                  attributes/
section   page    origin      length       input sections
--------  ----  ----------  ----------   ----------------
.intvecs   0    00000000    00000208     
                  00000000    00000208     tm4c1294ncpdt_startup_ccs.obj (.intvecs)

.text      0    00000208    00001412     
                  00000208    0000043c     functions.obj (.text)
                  00000644    000003d0     rtsv7M4_T_le_v4SPD16_eabi.lib : memory.obj (.text)
                  00000a14    00000280     applications.obj (.text)
                  00000c94    00000270     SVC.obj (.text)
                  00000f04    00000180     UART.obj (.text)
                  00001084    00000116     cqueue.obj (.text)
                  0000119a    0000009c     rtsv7M4_T_le_v4SPD16_eabi.lib : memcpy_t2.obj (.text)
                  00001236    00000002                                   : i_div0.obj (.text)
                  00001238    00000084     SysTick.obj (.text)
                  000012bc    0000007a     rtsv7M4_T_le_v4SPD16_eabi.lib : memset_t2.obj (.text)
                  00001336    00000002                                   : mpu_init.obj (.text)
                  00001338    00000070                                   : autoinit.obj (.text)
                  000013a8    00000068                                   : copy_decompress_lzss.obj (.text:decompress:lzss)
                  00001410    00000060     Process.obj (.text)
                  00001470    0000005e     rtsv7M4_T_le_v4SPD16_eabi.lib : i_divt2.obj (.text)
                  000014ce    00000002                                   : startup.obj (.text)
                  000014d0    00000054                                   : boot.obj (.text)
                  00001524    00000054                                   : exit.obj (.text)
                  00001578    0000004c                                   : cpy_tbl.obj (.text)
                  000015c4    00000018                                   : args_main.obj (.text)
                  000015dc    00000014                                   : _lock.obj (.text)
                  000015f0    0000000e                                   : copy_decompress_none.obj (.text:decompress:none)
                  000015fe    0000000c                                   : copy_zero_init.obj (.text:decompress:ZI)
                  0000160a    0000000c     tm4c1294ncpdt_startup_ccs.obj (.text)
                  00001616    00000004     rtsv7M4_T_le_v4SPD16_eabi.lib : pre_init.obj (.text)

.const     0    0000161c    0000001c     
                  0000161c    00000010     applications.obj (.const:$P$T0$1)
                  0000162c    0000000c     applications.obj (.const:$P$T1$2)

.cinit     0    00001638    00000048     
                  00001638    00000023     (.cinit..data.load) [load image, compression = lzss]
                  0000165b    00000001     --HOLE-- [fill = 0]
                  0000165c    0000000c     (__TI_handler_table)
                  00001668    00000008     (.cinit..bss.load) [load image, compression = zero_init]
                  00001670    00000010     (__TI_cinit_table)

.init_array 
*          0    00000000    00000000     UNINITIALIZED

.sysmem    0    20000000    0003e800     UNINITIALIZED
                  20000000    00000008     rtsv7M4_T_le_v4SPD16_eabi.lib : memory.obj (.sysmem)
                  20000008    0003e7f8     --HOLE--

.stack     0    2003e800    00000800     UNINITIALIZED
                  2003e800    00000800     --HOLE--

.bss       0    2003f000    00000664     UNINITIALIZED
                  2003f000    00000640     (.common:mboxList)
                  2003f640    00000004     (.common:commandQueue)
                  2003f644    00000004     (.common:date)
                  2003f648    00000004     (.common:inQueue)
                  2003f64c    00000004     (.common:msgList)
                  2003f650    00000004     (.common:outQueue)
                  2003f654    00000004     (.common:priorityLevel)
                  2003f658    00000004     (.common:registersSaved)
                  2003f65c    00000004     (.common:tenthSecondsCounter)
                  2003f660    00000004     (.common:time)

.data      0    2003f664    00000050     UNINITIALIZED
                  2003f664    00000018     SVC.obj (.data:running)
                  2003f67c    0000000c     rtsv7M4_T_le_v4SPD16_eabi.lib : exit.obj (.data:$O1$$)
                  2003f688    0000000c                                   : memory.obj (.data:$O1$$)
                  2003f694    0000000c     SysTick.obj (.data)
                  2003f6a0    00000008     rtsv7M4_T_le_v4SPD16_eabi.lib : _lock.obj (.data:$O1$$)
                  2003f6a8    00000004     SVC.obj (.data)
                  2003f6ac    00000004     applications.obj (.data)
                  2003f6b0    00000004     rtsv7M4_T_le_v4SPD16_eabi.lib : stkdepth_vars.obj (.data)

MODULE SUMMARY

       Module                          code   ro data   rw data
       ------                          ----   -------   -------
    .\
       SVC.obj                         624    0         1640   
       functions.obj                   1084   0         0      
       applications.obj                640    28        4      
       tm4c1294ncpdt_startup_ccs.obj   12     520       0      
       UART.obj                        384    0         8      
       cqueue.obj                      278    0         0      
       SysTick.obj                     132    0         16     
       Process.obj                     96     0         0      
       time.obj                        0      0         12     
    +--+-------------------------------+------+---------+---------+
       Total:                          3250   548       1680   
                                                               
    C:\ti\ccsv7\tools\compiler\ti-cgt-arm_16.9.6.LTS\lib\rtsv7M4_T_le_v4SPD16_eabi.lib
       memory.obj                      976    0         12     
       memcpy_t2.obj                   156    0         0      
       memset_t2.obj                   122    0         0      
       autoinit.obj                    112    0         0      
       copy_decompress_lzss.obj        104    0         0      
       exit.obj                        84     0         12     
       i_divt2.obj                     94     0         0      
       boot.obj                        84     0         0      
       cpy_tbl.obj                     76     0         0      
       _lock.obj                       20     0         8      
       args_main.obj                   24     0         0      
       copy_decompress_none.obj        14     0         0      
       copy_zero_init.obj              12     0         0      
       pre_init.obj                    4      0         0      
       stkdepth_vars.obj               0      0         4      
       i_div0.obj                      2      0         0      
       mpu_init.obj                    2      0         0      
       startup.obj                     2      0         0      
    +--+-------------------------------+------+---------+---------+
       Total:                          1888   0         36     
                                                               
       Heap:                           0      0         256000 
       Stack:                          0      0         2048   
       Linker Generated:               0      71        0      
    +--+-------------------------------+------+---------+---------+
       Grand Total:                    5138   619       259764 


LINKER GENERATED COPY TABLES

__TI_cinit_table @ 00001670 records: 2, size/record: 8, table size: 16
	.data: load addr=00001638, load size=00000023 bytes, run addr=2003f664, run size=00000050 bytes, compression=lzss
	.bss: load addr=00001668, load size=00000008 bytes, run addr=2003f000, run size=00000664 bytes, compression=zero_init


LINKER GENERATED HANDLER TABLE

__TI_handler_table @ 0000165c records: 3, size/record: 4, table size: 12
	index: 0, handler: __TI_decompress_lzss
	index: 1, handler: __TI_decompress_none
	index: 2, handler: __TI_zero_init


GLOBAL SYMBOLS: SORTED ALPHABETICALLY BY Name 

address   name                           
-------   ----                           
00001525  C$$EXIT                        
0000127b  IntMasterEnable                
00000f63  InterruptEnable                
00000fd5  InterruptMasterEnable          
0000160b  ResetISR                       
UNDEFED   SHT$$INIT_ARRAY$$Base          
UNDEFED   SHT$$INIT_ARRAY$$Limit         
00000e21  SVCHandler                     
00000de7  SVCall                         
0000127f  SysTickHandler                 
0000126f  SysTickIntDisable              
00001263  SysTickIntEnable               
00001251  SysTickPeriod                  
00001239  SysTickStart                   
00001245  SysTickStop                    
00000f05  UART0_Init                     
00000f8b  UART0_IntEnable                
00000f9f  UART0_IntHandler               
00000a15  UARTReceive                    
2003f000  __STACK_END                    
00000800  __STACK_SIZE                   
2003ea00  __STACK_TOP                    
0003e800  __SYSMEM_SIZE                  
00001670  __TI_CINIT_Base                
00001680  __TI_CINIT_Limit               
0000165c  __TI_Handler_Table_Base        
00001668  __TI_Handler_Table_Limit       
00001339  __TI_auto_init                 
2003f67c  __TI_cleanup_ptr               
000013a9  __TI_decompress_lzss           
000015f1  __TI_decompress_none           
2003f680  __TI_dtors_ptr                 
2003f684  __TI_enable_exit_profile_output
ffffffff  __TI_pprof_out_hndl            
ffffffff  __TI_prof_data_size            
ffffffff  __TI_prof_data_start           
00000000  __TI_static_base__             
000015ff  __TI_zero_init                 
00001471  __aeabi_idiv                   
00001237  __aeabi_idiv0                  
00001471  __aeabi_idivmod                
000012bd  __aeabi_memclr                 
000012bd  __aeabi_memclr4                
000012bd  __aeabi_memclr8                
0000119b  __aeabi_memcpy                 
0000119b  __aeabi_memcpy4                
0000119b  __aeabi_memcpy8                
000012bf  __aeabi_memset                 
000012bf  __aeabi_memset4                
000012bf  __aeabi_memset8                
ffffffff  __binit__                      
ffffffff  __c_args__                     
00001337  __mpu_init                     
2003e800  __stack                        
000015c5  _args_main                     
000014d1  _c_int00                       
2003f6a0  _lock                          
000015eb  _nop                           
000015e3  _register_lock                 
000015dd  _register_unlock               
20000000  _sys_memory                    
000014cf  _system_post_cinit             
00001617  _system_pre_init               
2003f6a4  _unlock                        
00001529  abort                          
00000559  addPCB                         
2003f694  alarmPtr                       
000005c1  allocate                       
00000bd7  assignR7                       
000010ff  backspace                      
00000c57  bind                           
ffffffff  binit                          
000009e5  calloc                         
00000b65  check                          
00000b67  check2                         
0000113f  clearQueue                     
2003f640  commandQueue                   
00001579  copy_in                        
2003f69c  count                          
2003f644  date                           
000005e9  deallocate                     
000010c3  dequeue                        
00001085  enqueue                        
00001531  exit                           
00000603  findNextProcess                
0000072f  free                           
00000000  g_pfnVectors                   
00001183  getSize                        
00001427  get_MSP                        
0000141d  get_PSP                        
00001469  get_SP                         
00000b69  goodbye                        
2003f6ac  helloValue                     
2003f648  inQueue                        
00000cc1  initKernel                     
00001129  initQueue                      
0000028d  k_bind                         
0000027d  k_getPID                       
0000028b  k_nice                         
000003cf  k_recv                         
000002cd  k_send                         
00000209  k_terminate                    
00000b9d  lowest                         
00000c95  main                           
2003f6b0  main_func_sp                   
000006c5  malloc                         
2003f000  mboxList                       
000008f9  memalign                       
0000119b  memcpy                         
000012c5  memset                         
00000645  minit                          
2003f64c  msgList                        
000004e3  nextProcess                    
2003f650  outQueue                       
00000d45  pendSVHandler                  
00000be3  pkCall                         
00000fd9  print                          
00001001  printChar                      
2003f654  priorityLevel                  
000007ef  realloc                        
00000c2d  recv                           
00000d71  regProcess                     
2003f658  registersSaved                 
0000051d  removePCB                      
0000145b  restore_registers              
2003f664  running                        
0000144d  save_registers                 
00000c03  send                           
00001411  set_LR                         
0000143f  set_MSP                        
00001431  set_PSP                        
2003f698  tenthSecondsAlarm              
2003f65c  tenthSecondsCounter            
00000bc7  terminate                      
2003f660  time                           
0000101d  transmitByte                   


GLOBAL SYMBOLS: SORTED BY Symbol Address 

address   name                           
-------   ----                           
00000000  __TI_static_base__             
00000000  g_pfnVectors                   
00000209  k_terminate                    
0000027d  k_getPID                       
0000028b  k_nice                         
0000028d  k_bind                         
000002cd  k_send                         
000003cf  k_recv                         
000004e3  nextProcess                    
0000051d  removePCB                      
00000559  addPCB                         
000005c1  allocate                       
000005e9  deallocate                     
00000603  findNextProcess                
00000645  minit                          
000006c5  malloc                         
0000072f  free                           
000007ef  realloc                        
00000800  __STACK_SIZE                   
000008f9  memalign                       
000009e5  calloc                         
00000a15  UARTReceive                    
00000b65  check                          
00000b67  check2                         
00000b69  goodbye                        
00000b9d  lowest                         
00000bc7  terminate                      
00000bd7  assignR7                       
00000be3  pkCall                         
00000c03  send                           
00000c2d  recv                           
00000c57  bind                           
00000c95  main                           
00000cc1  initKernel                     
00000d45  pendSVHandler                  
00000d71  regProcess                     
00000de7  SVCall                         
00000e21  SVCHandler                     
00000f05  UART0_Init                     
00000f63  InterruptEnable                
00000f8b  UART0_IntEnable                
00000f9f  UART0_IntHandler               
00000fd5  InterruptMasterEnable          
00000fd9  print                          
00001001  printChar                      
0000101d  transmitByte                   
00001085  enqueue                        
000010c3  dequeue                        
000010ff  backspace                      
00001129  initQueue                      
0000113f  clearQueue                     
00001183  getSize                        
0000119b  __aeabi_memcpy                 
0000119b  __aeabi_memcpy4                
0000119b  __aeabi_memcpy8                
0000119b  memcpy                         
00001237  __aeabi_idiv0                  
00001239  SysTickStart                   
00001245  SysTickStop                    
00001251  SysTickPeriod                  
00001263  SysTickIntEnable               
0000126f  SysTickIntDisable              
0000127b  IntMasterEnable                
0000127f  SysTickHandler                 
000012bd  __aeabi_memclr                 
000012bd  __aeabi_memclr4                
000012bd  __aeabi_memclr8                
000012bf  __aeabi_memset                 
000012bf  __aeabi_memset4                
000012bf  __aeabi_memset8                
000012c5  memset                         
00001337  __mpu_init                     
00001339  __TI_auto_init                 
000013a9  __TI_decompress_lzss           
00001411  set_LR                         
0000141d  get_PSP                        
00001427  get_MSP                        
00001431  set_PSP                        
0000143f  set_MSP                        
0000144d  save_registers                 
0000145b  restore_registers              
00001469  get_SP                         
00001471  __aeabi_idiv                   
00001471  __aeabi_idivmod                
000014cf  _system_post_cinit             
000014d1  _c_int00                       
00001525  C$$EXIT                        
00001529  abort                          
00001531  exit                           
00001579  copy_in                        
000015c5  _args_main                     
000015dd  _register_unlock               
000015e3  _register_lock                 
000015eb  _nop                           
000015f1  __TI_decompress_none           
000015ff  __TI_zero_init                 
0000160b  ResetISR                       
00001617  _system_pre_init               
0000165c  __TI_Handler_Table_Base        
00001668  __TI_Handler_Table_Limit       
00001670  __TI_CINIT_Base                
00001680  __TI_CINIT_Limit               
0003e800  __SYSMEM_SIZE                  
20000000  _sys_memory                    
2003e800  __stack                        
2003ea00  __STACK_TOP                    
2003f000  __STACK_END                    
2003f000  mboxList                       
2003f640  commandQueue                   
2003f644  date                           
2003f648  inQueue                        
2003f64c  msgList                        
2003f650  outQueue                       
2003f654  priorityLevel                  
2003f658  registersSaved                 
2003f65c  tenthSecondsCounter            
2003f660  time                           
2003f664  running                        
2003f67c  __TI_cleanup_ptr               
2003f680  __TI_dtors_ptr                 
2003f684  __TI_enable_exit_profile_output
2003f694  alarmPtr                       
2003f698  tenthSecondsAlarm              
2003f69c  count                          
2003f6a0  _lock                          
2003f6a4  _unlock                        
2003f6ac  helloValue                     
2003f6b0  main_func_sp                   
ffffffff  __TI_pprof_out_hndl            
ffffffff  __TI_prof_data_size            
ffffffff  __TI_prof_data_start           
ffffffff  __binit__                      
ffffffff  __c_args__                     
ffffffff  binit                          
UNDEFED   SHT$$INIT_ARRAY$$Base          
UNDEFED   SHT$$INIT_ARRAY$$Limit         

[136 symbols]
