******************************************************************************
                  TI ARM Linker PC v16.9.6                     
******************************************************************************
>> Linked Sat Nov 16 14:39:41 2019

OUTPUT FILE NAME:   <Kernel.out>
ENTRY POINT SYMBOL: "_c_int00"  address: 000012c9


MEMORY CONFIGURATION

         name            origin    length      used     unused   attr    fill
----------------------  --------  ---------  --------  --------  ----  --------
  FLASH                 00000000   00100000  0000145a  000feba6  R  X
  SRAM                  20000000   00040000  0003f6a4  0000095c  RW X


SEGMENT ALLOCATION MAP

run origin  load origin   length   init length attrs members
----------  ----------- ---------- ----------- ----- -------
00000000    00000000    00001460   00001460    r-x
  00000000    00000000    00000208   00000208    r-- .intvecs
  00000208    00000208    0000120a   0000120a    r-x .text
  00001418    00001418    00000048   00000048    r-- .cinit
20000000    20000000    0003f6a4   00000000    rw-
  20000000    20000000    0003e800   00000000    rw- .sysmem
  2003e800    2003e800    00000800   00000000    rw- .stack
  2003f000    2003f000    00000658   00000000    rw- .bss
  2003f658    2003f658    0000004c   00000000    rw- .data


SECTION ALLOCATION MAP

 output                                  attributes/
section   page    origin      length       input sections
--------  ----  ----------  ----------   ----------------
.intvecs   0    00000000    00000208     
                  00000000    00000208     tm4c1294ncpdt_startup_ccs.obj (.intvecs)

.text      0    00000208    0000120a     
                  00000208    000003d0     rtsv7M4_T_le_v4SPD16_eabi.lib : memory.obj (.text)
                  000005d8    000003c0     functions.obj (.text)
                  00000998    00000254     SVC.obj (.text)
                  00000bec    00000180     UART.obj (.text)
                  00000d6c    00000116     cqueue.obj (.text)
                  00000e82    00000002     rtsv7M4_T_le_v4SPD16_eabi.lib : i_div0.obj (.text)
                  00000e84    00000110     applications.obj (.text)
                  00000f94    0000009c     rtsv7M4_T_le_v4SPD16_eabi.lib : memcpy_t2.obj (.text)
                  00001030    00000084     SysTick.obj (.text)
                  000010b4    0000007a     rtsv7M4_T_le_v4SPD16_eabi.lib : memset_t2.obj (.text)
                  0000112e    00000002                                   : mpu_init.obj (.text)
                  00001130    00000070                                   : autoinit.obj (.text)
                  000011a0    00000068                                   : copy_decompress_lzss.obj (.text:decompress:lzss)
                  00001208    00000060     Process.obj (.text)
                  00001268    0000005e     rtsv7M4_T_le_v4SPD16_eabi.lib : i_divt2.obj (.text)
                  000012c6    00000002                                   : startup.obj (.text)
                  000012c8    00000054                                   : boot.obj (.text)
                  0000131c    00000054                                   : exit.obj (.text)
                  00001370    0000004c                                   : cpy_tbl.obj (.text)
                  000013bc    00000018                                   : args_main.obj (.text)
                  000013d4    00000014                                   : _lock.obj (.text)
                  000013e8    0000000e                                   : copy_decompress_none.obj (.text:decompress:none)
                  000013f6    0000000c                                   : copy_zero_init.obj (.text:decompress:ZI)
                  00001402    0000000c     tm4c1294ncpdt_startup_ccs.obj (.text)
                  0000140e    00000004     rtsv7M4_T_le_v4SPD16_eabi.lib : pre_init.obj (.text)

.cinit     0    00001418    00000048     
                  00001418    00000023     (.cinit..data.load) [load image, compression = lzss]
                  0000143b    00000001     --HOLE-- [fill = 0]
                  0000143c    0000000c     (__TI_handler_table)
                  00001448    00000008     (.cinit..bss.load) [load image, compression = zero_init]
                  00001450    00000010     (__TI_cinit_table)

.init_array 
*          0    00000000    00000000     UNINITIALIZED

.sysmem    0    20000000    0003e800     UNINITIALIZED
                  20000000    00000008     rtsv7M4_T_le_v4SPD16_eabi.lib : memory.obj (.sysmem)
                  20000008    0003e7f8     --HOLE--

.stack     0    2003e800    00000800     UNINITIALIZED
                  2003e800    00000800     --HOLE--

.bss       0    2003f000    00000658     UNINITIALIZED
                  2003f000    00000640     (.common:mboxList)
                  2003f640    00000004     (.common:inQueue)
                  2003f644    00000004     (.common:msgList)
                  2003f648    00000004     (.common:outQueue)
                  2003f64c    00000004     (.common:priorityLevel)
                  2003f650    00000004     (.common:registersSaved)
                  2003f654    00000004     (.common:tenthSecondsCounter)

.data      0    2003f658    0000004c     UNINITIALIZED
                  2003f658    00000014     SVC.obj (.data:running)
                  2003f66c    0000000c     rtsv7M4_T_le_v4SPD16_eabi.lib : exit.obj (.data:$O1$$)
                  2003f678    0000000c                                   : memory.obj (.data:$O1$$)
                  2003f684    0000000c     SysTick.obj (.data)
                  2003f690    00000008     rtsv7M4_T_le_v4SPD16_eabi.lib : _lock.obj (.data:$O1$$)
                  2003f698    00000004     SVC.obj (.data)
                  2003f69c    00000004     applications.obj (.data)
                  2003f6a0    00000004     rtsv7M4_T_le_v4SPD16_eabi.lib : stkdepth_vars.obj (.data)

MODULE SUMMARY

       Module                          code   ro data   rw data
       ------                          ----   -------   -------
    .\
       SVC.obj                         596    0         1636   
       functions.obj                   960    0         0      
       tm4c1294ncpdt_startup_ccs.obj   12     520       0      
       UART.obj                        384    0         8      
       cqueue.obj                      278    0         0      
       applications.obj                272    0         4      
       SysTick.obj                     132    0         16     
       Process.obj                     96     0         0      
    +--+-------------------------------+------+---------+---------+
       Total:                          2730   520       1664   
                                                               
    C:\ti\ccsv7\tools\compiler\ti-cgt-arm_16.9.6.LTS\lib\rtsv7M4_T_le_v4SPD16_eabi.lib
       memory.obj                      976    0         12     
       memcpy_t2.obj                   156    0         0      
       memset_t2.obj                   122    0         0      
       autoinit.obj                    112    0         0      
       copy_decompress_lzss.obj        104    0         0      
       exit.obj                        84     0         12     
       i_divt2.obj                     94     0         0      
       boot.obj                        84     0         0      
       cpy_tbl.obj                     76     0         0      
       _lock.obj                       20     0         8      
       args_main.obj                   24     0         0      
       copy_decompress_none.obj        14     0         0      
       copy_zero_init.obj              12     0         0      
       pre_init.obj                    4      0         0      
       stkdepth_vars.obj               0      0         4      
       i_div0.obj                      2      0         0      
       mpu_init.obj                    2      0         0      
       startup.obj                     2      0         0      
    +--+-------------------------------+------+---------+---------+
       Total:                          1888   0         36     
                                                               
       Heap:                           0      0         256000 
       Stack:                          0      0         2048   
       Linker Generated:               0      71        0      
    +--+-------------------------------+------+---------+---------+
       Grand Total:                    4618   591       259748 


LINKER GENERATED COPY TABLES

__TI_cinit_table @ 00001450 records: 2, size/record: 8, table size: 16
	.data: load addr=00001418, load size=00000023 bytes, run addr=2003f658, run size=0000004c bytes, compression=lzss
	.bss: load addr=00001448, load size=00000008 bytes, run addr=2003f000, run size=00000658 bytes, compression=zero_init


LINKER GENERATED HANDLER TABLE

__TI_handler_table @ 0000143c records: 3, size/record: 4, table size: 12
	index: 0, handler: __TI_decompress_lzss
	index: 1, handler: __TI_decompress_none
	index: 2, handler: __TI_zero_init


GLOBAL SYMBOLS: SORTED ALPHABETICALLY BY Name 

address   name                           
-------   ----                           
0000131d  C$$EXIT                        
00001073  IntMasterEnable                
00000c4b  InterruptEnable                
00000cbd  InterruptMasterEnable          
00001403  ResetISR                       
UNDEFED   SHT$$INIT_ARRAY$$Base          
UNDEFED   SHT$$INIT_ARRAY$$Limit         
00000b09  SVCHandler                     
00000acf  SVCall                         
00001077  SysTickHandler                 
00001067  SysTickIntDisable              
0000105b  SysTickIntEnable               
00001049  SysTickPeriod                  
00001031  SysTickStart                   
0000103d  SysTickStop                    
00000bed  UART0_Init                     
00000c73  UART0_IntEnable                
00000c87  UART0_IntHandler               
2003f000  __STACK_END                    
00000800  __STACK_SIZE                   
2003ea00  __STACK_TOP                    
0003e800  __SYSMEM_SIZE                  
00001450  __TI_CINIT_Base                
00001460  __TI_CINIT_Limit               
0000143c  __TI_Handler_Table_Base        
00001448  __TI_Handler_Table_Limit       
00001131  __TI_auto_init                 
2003f66c  __TI_cleanup_ptr               
000011a1  __TI_decompress_lzss           
000013e9  __TI_decompress_none           
2003f670  __TI_dtors_ptr                 
2003f674  __TI_enable_exit_profile_output
ffffffff  __TI_pprof_out_hndl            
ffffffff  __TI_prof_data_size            
ffffffff  __TI_prof_data_start           
00000000  __TI_static_base__             
000013f7  __TI_zero_init                 
00001269  __aeabi_idiv                   
00000e83  __aeabi_idiv0                  
00001269  __aeabi_idivmod                
000010b5  __aeabi_memclr                 
000010b5  __aeabi_memclr4                
000010b5  __aeabi_memclr8                
00000f95  __aeabi_memcpy                 
00000f95  __aeabi_memcpy4                
00000f95  __aeabi_memcpy8                
000010b7  __aeabi_memset                 
000010b7  __aeabi_memset4                
000010b7  __aeabi_memset8                
ffffffff  __binit__                      
ffffffff  __c_args__                     
0000112f  __mpu_init                     
2003e800  __stack                        
000013bd  _args_main                     
000012c9  _c_int00                       
2003f690  _lock                          
000013e3  _nop                           
000013db  _register_lock                 
000013d5  _register_unlock               
20000000  _sys_memory                    
000012c7  _system_post_cinit             
0000140f  _system_pre_init               
2003f694  _unlock                        
00001321  abort                          
000008c5  addPCB                         
2003f684  alarmPtr                       
00000937  allocate                       
00000efd  assignR7                       
00000de7  backspace                      
00000f7d  bind                           
ffffffff  binit                          
000005a9  calloc                         
00000ea1  check                          
00000ea3  check2                         
00000e27  clearQueue                     
00001371  copy_in                        
2003f68c  count                          
00000dab  dequeue                        
00000d6d  enqueue                        
00001329  exit                           
0000095b  findNextProcess                
000002f3  free                           
00000000  g_pfnVectors                   
00000e6b  getSize                        
0000121f  get_MSP                        
00001215  get_PSP                        
00001261  get_SP                         
00000ea5  goodbye                        
00000e85  hello                          
2003f69c  helloValue                     
2003f640  inQueue                        
000009c5  initKernel                     
00000e11  initQueue                      
0000065d  k_bind                         
0000064d  k_getPID                       
0000065b  k_nice                         
0000075d  k_recv                         
0000069d  k_send                         
000005d9  k_terminate                    
00000ec3  lowest                         
00000999  main                           
2003f6a0  main_func_sp                   
00000289  malloc                         
2003f000  mboxList                       
000004bd  memalign                       
00000f95  memcpy                         
000010bd  memset                         
00000209  minit                          
2003f644  msgList                        
00000845  nextProcess                    
2003f648  outQueue                       
00000a49  pendSVHandler                  
00000f09  pkCall                         
00000cc1  print                          
00000ce9  printChar                      
2003f64c  priorityLevel                  
000003b3  realloc                        
00000f53  recv                           
00000a65  regProcess                     
2003f650  registersSaved                 
00000889  removePCB                      
00001253  restore_registers              
2003f658  running                        
00001245  save_registers                 
00000f29  send                           
00001209  set_LR                         
00001237  set_MSP                        
00001229  set_PSP                        
2003f688  tenthSecondsAlarm              
2003f654  tenthSecondsCounter            
00000eed  terminate                      
00000d05  transmitByte                   


GLOBAL SYMBOLS: SORTED BY Symbol Address 

address   name                           
-------   ----                           
00000000  __TI_static_base__             
00000000  g_pfnVectors                   
00000209  minit                          
00000289  malloc                         
000002f3  free                           
000003b3  realloc                        
000004bd  memalign                       
000005a9  calloc                         
000005d9  k_terminate                    
0000064d  k_getPID                       
0000065b  k_nice                         
0000065d  k_bind                         
0000069d  k_send                         
0000075d  k_recv                         
00000800  __STACK_SIZE                   
00000845  nextProcess                    
00000889  removePCB                      
000008c5  addPCB                         
00000937  allocate                       
0000095b  findNextProcess                
00000999  main                           
000009c5  initKernel                     
00000a49  pendSVHandler                  
00000a65  regProcess                     
00000acf  SVCall                         
00000b09  SVCHandler                     
00000bed  UART0_Init                     
00000c4b  InterruptEnable                
00000c73  UART0_IntEnable                
00000c87  UART0_IntHandler               
00000cbd  InterruptMasterEnable          
00000cc1  print                          
00000ce9  printChar                      
00000d05  transmitByte                   
00000d6d  enqueue                        
00000dab  dequeue                        
00000de7  backspace                      
00000e11  initQueue                      
00000e27  clearQueue                     
00000e6b  getSize                        
00000e83  __aeabi_idiv0                  
00000e85  hello                          
00000ea1  check                          
00000ea3  check2                         
00000ea5  goodbye                        
00000ec3  lowest                         
00000eed  terminate                      
00000efd  assignR7                       
00000f09  pkCall                         
00000f29  send                           
00000f53  recv                           
00000f7d  bind                           
00000f95  __aeabi_memcpy                 
00000f95  __aeabi_memcpy4                
00000f95  __aeabi_memcpy8                
00000f95  memcpy                         
00001031  SysTickStart                   
0000103d  SysTickStop                    
00001049  SysTickPeriod                  
0000105b  SysTickIntEnable               
00001067  SysTickIntDisable              
00001073  IntMasterEnable                
00001077  SysTickHandler                 
000010b5  __aeabi_memclr                 
000010b5  __aeabi_memclr4                
000010b5  __aeabi_memclr8                
000010b7  __aeabi_memset                 
000010b7  __aeabi_memset4                
000010b7  __aeabi_memset8                
000010bd  memset                         
0000112f  __mpu_init                     
00001131  __TI_auto_init                 
000011a1  __TI_decompress_lzss           
00001209  set_LR                         
00001215  get_PSP                        
0000121f  get_MSP                        
00001229  set_PSP                        
00001237  set_MSP                        
00001245  save_registers                 
00001253  restore_registers              
00001261  get_SP                         
00001269  __aeabi_idiv                   
00001269  __aeabi_idivmod                
000012c7  _system_post_cinit             
000012c9  _c_int00                       
0000131d  C$$EXIT                        
00001321  abort                          
00001329  exit                           
00001371  copy_in                        
000013bd  _args_main                     
000013d5  _register_unlock               
000013db  _register_lock                 
000013e3  _nop                           
000013e9  __TI_decompress_none           
000013f7  __TI_zero_init                 
00001403  ResetISR                       
0000140f  _system_pre_init               
0000143c  __TI_Handler_Table_Base        
00001448  __TI_Handler_Table_Limit       
00001450  __TI_CINIT_Base                
00001460  __TI_CINIT_Limit               
0003e800  __SYSMEM_SIZE                  
20000000  _sys_memory                    
2003e800  __stack                        
2003ea00  __STACK_TOP                    
2003f000  __STACK_END                    
2003f000  mboxList                       
2003f640  inQueue                        
2003f644  msgList                        
2003f648  outQueue                       
2003f64c  priorityLevel                  
2003f650  registersSaved                 
2003f654  tenthSecondsCounter            
2003f658  running                        
2003f66c  __TI_cleanup_ptr               
2003f670  __TI_dtors_ptr                 
2003f674  __TI_enable_exit_profile_output
2003f684  alarmPtr                       
2003f688  tenthSecondsAlarm              
2003f68c  count                          
2003f690  _lock                          
2003f694  _unlock                        
2003f69c  helloValue                     
2003f6a0  main_func_sp                   
ffffffff  __TI_pprof_out_hndl            
ffffffff  __TI_prof_data_size            
ffffffff  __TI_prof_data_start           
ffffffff  __binit__                      
ffffffff  __c_args__                     
ffffffff  binit                          
UNDEFED   SHT$$INIT_ARRAY$$Base          
UNDEFED   SHT$$INIT_ARRAY$$Limit         

[132 symbols]
