******************************************************************************
                  TI ARM Linker PC v16.9.6                     
******************************************************************************
>> Linked Sat Nov 16 17:31:19 2019

OUTPUT FILE NAME:   <Kernel.out>
ENTRY POINT SYMBOL: "_c_int00"  address: 00001481


MEMORY CONFIGURATION

         name            origin    length      used     unused   attr    fill
----------------------  --------  ---------  --------  --------  ----  --------
  FLASH                 00000000   00100000  0000162e  000fe9d2  R  X
  SRAM                  20000000   00040000  0003f6b4  0000094c  RW X


SEGMENT ALLOCATION MAP

run origin  load origin   length   init length attrs members
----------  ----------- ---------- ----------- ----- -------
00000000    00000000    00001630   00001630    r-x
  00000000    00000000    00000208   00000208    r-- .intvecs
  00000208    00000208    000013c2   000013c2    r-x .text
  000015cc    000015cc    0000001c   0000001c    r-- .const
  000015e8    000015e8    00000048   00000048    r-- .cinit
20000000    20000000    0003f6b4   00000000    rw-
  20000000    20000000    0003e800   00000000    rw- .sysmem
  2003e800    2003e800    00000800   00000000    rw- .stack
  2003f000    2003f000    00000664   00000000    rw- .bss
  2003f664    2003f664    00000050   00000000    rw- .data


SECTION ALLOCATION MAP

 output                                  attributes/
section   page    origin      length       input sections
--------  ----  ----------  ----------   ----------------
.intvecs   0    00000000    00000208     
                  00000000    00000208     tm4c1294ncpdt_startup_ccs.obj (.intvecs)

.text      0    00000208    000013c2     
                  00000208    00000400     functions.obj (.text)
                  00000608    000003d0     rtsv7M4_T_le_v4SPD16_eabi.lib : memory.obj (.text)
                  000009d8    00000274     applications.obj (.text)
                  00000c4c    00000268     SVC.obj (.text)
                  00000eb4    00000180     UART.obj (.text)
                  00001034    00000116     cqueue.obj (.text)
                  0000114a    0000009c     rtsv7M4_T_le_v4SPD16_eabi.lib : memcpy_t2.obj (.text)
                  000011e6    00000002                                   : i_div0.obj (.text)
                  000011e8    00000084     SysTick.obj (.text)
                  0000126c    0000007a     rtsv7M4_T_le_v4SPD16_eabi.lib : memset_t2.obj (.text)
                  000012e6    00000002                                   : mpu_init.obj (.text)
                  000012e8    00000070                                   : autoinit.obj (.text)
                  00001358    00000068                                   : copy_decompress_lzss.obj (.text:decompress:lzss)
                  000013c0    00000060     Process.obj (.text)
                  00001420    0000005e     rtsv7M4_T_le_v4SPD16_eabi.lib : i_divt2.obj (.text)
                  0000147e    00000002                                   : startup.obj (.text)
                  00001480    00000054                                   : boot.obj (.text)
                  000014d4    00000054                                   : exit.obj (.text)
                  00001528    0000004c                                   : cpy_tbl.obj (.text)
                  00001574    00000018                                   : args_main.obj (.text)
                  0000158c    00000014                                   : _lock.obj (.text)
                  000015a0    0000000e                                   : copy_decompress_none.obj (.text:decompress:none)
                  000015ae    0000000c                                   : copy_zero_init.obj (.text:decompress:ZI)
                  000015ba    0000000c     tm4c1294ncpdt_startup_ccs.obj (.text)
                  000015c6    00000004     rtsv7M4_T_le_v4SPD16_eabi.lib : pre_init.obj (.text)

.const     0    000015cc    0000001c     
                  000015cc    00000010     applications.obj (.const:$P$T0$1)
                  000015dc    0000000c     applications.obj (.const:$P$T1$2)

.cinit     0    000015e8    00000048     
                  000015e8    00000023     (.cinit..data.load) [load image, compression = lzss]
                  0000160b    00000001     --HOLE-- [fill = 0]
                  0000160c    0000000c     (__TI_handler_table)
                  00001618    00000008     (.cinit..bss.load) [load image, compression = zero_init]
                  00001620    00000010     (__TI_cinit_table)

.init_array 
*          0    00000000    00000000     UNINITIALIZED

.sysmem    0    20000000    0003e800     UNINITIALIZED
                  20000000    00000008     rtsv7M4_T_le_v4SPD16_eabi.lib : memory.obj (.sysmem)
                  20000008    0003e7f8     --HOLE--

.stack     0    2003e800    00000800     UNINITIALIZED
                  2003e800    00000800     --HOLE--

.bss       0    2003f000    00000664     UNINITIALIZED
                  2003f000    00000640     (.common:mboxList)
                  2003f640    00000004     (.common:commandQueue)
                  2003f644    00000004     (.common:date)
                  2003f648    00000004     (.common:inQueue)
                  2003f64c    00000004     (.common:msgList)
                  2003f650    00000004     (.common:outQueue)
                  2003f654    00000004     (.common:priorityLevel)
                  2003f658    00000004     (.common:registersSaved)
                  2003f65c    00000004     (.common:tenthSecondsCounter)
                  2003f660    00000004     (.common:time)

.data      0    2003f664    00000050     UNINITIALIZED
                  2003f664    00000018     SVC.obj (.data:running)
                  2003f67c    0000000c     rtsv7M4_T_le_v4SPD16_eabi.lib : exit.obj (.data:$O1$$)
                  2003f688    0000000c                                   : memory.obj (.data:$O1$$)
                  2003f694    0000000c     SysTick.obj (.data)
                  2003f6a0    00000008     rtsv7M4_T_le_v4SPD16_eabi.lib : _lock.obj (.data:$O1$$)
                  2003f6a8    00000004     SVC.obj (.data)
                  2003f6ac    00000004     applications.obj (.data)
                  2003f6b0    00000004     rtsv7M4_T_le_v4SPD16_eabi.lib : stkdepth_vars.obj (.data)

MODULE SUMMARY

       Module                          code   ro data   rw data
       ------                          ----   -------   -------
    .\
       SVC.obj                         616    0         1640   
       functions.obj                   1024   0         0      
       applications.obj                628    28        4      
       tm4c1294ncpdt_startup_ccs.obj   12     520       0      
       UART.obj                        384    0         8      
       cqueue.obj                      278    0         0      
       SysTick.obj                     132    0         16     
       Process.obj                     96     0         0      
       time.obj                        0      0         12     
    +--+-------------------------------+------+---------+---------+
       Total:                          3170   548       1680   
                                                               
    C:\ti\ccsv7\tools\compiler\ti-cgt-arm_16.9.6.LTS\lib\rtsv7M4_T_le_v4SPD16_eabi.lib
       memory.obj                      976    0         12     
       memcpy_t2.obj                   156    0         0      
       memset_t2.obj                   122    0         0      
       autoinit.obj                    112    0         0      
       copy_decompress_lzss.obj        104    0         0      
       exit.obj                        84     0         12     
       i_divt2.obj                     94     0         0      
       boot.obj                        84     0         0      
       cpy_tbl.obj                     76     0         0      
       _lock.obj                       20     0         8      
       args_main.obj                   24     0         0      
       copy_decompress_none.obj        14     0         0      
       copy_zero_init.obj              12     0         0      
       pre_init.obj                    4      0         0      
       stkdepth_vars.obj               0      0         4      
       i_div0.obj                      2      0         0      
       mpu_init.obj                    2      0         0      
       startup.obj                     2      0         0      
    +--+-------------------------------+------+---------+---------+
       Total:                          1888   0         36     
                                                               
       Heap:                           0      0         256000 
       Stack:                          0      0         2048   
       Linker Generated:               0      71        0      
    +--+-------------------------------+------+---------+---------+
       Grand Total:                    5058   619       259764 


LINKER GENERATED COPY TABLES

__TI_cinit_table @ 00001620 records: 2, size/record: 8, table size: 16
	.data: load addr=000015e8, load size=00000023 bytes, run addr=2003f664, run size=00000050 bytes, compression=lzss
	.bss: load addr=00001618, load size=00000008 bytes, run addr=2003f000, run size=00000664 bytes, compression=zero_init


LINKER GENERATED HANDLER TABLE

__TI_handler_table @ 0000160c records: 3, size/record: 4, table size: 12
	index: 0, handler: __TI_decompress_lzss
	index: 1, handler: __TI_decompress_none
	index: 2, handler: __TI_zero_init


GLOBAL SYMBOLS: SORTED ALPHABETICALLY BY Name 

address   name                           
-------   ----                           
000014d5  C$$EXIT                        
0000122b  IntMasterEnable                
00000f13  InterruptEnable                
00000f85  InterruptMasterEnable          
000015bb  ResetISR                       
UNDEFED   SHT$$INIT_ARRAY$$Base          
UNDEFED   SHT$$INIT_ARRAY$$Limit         
00000dd3  SVCHandler                     
00000d99  SVCall                         
0000122f  SysTickHandler                 
0000121f  SysTickIntDisable              
00001213  SysTickIntEnable               
00001201  SysTickPeriod                  
000011e9  SysTickStart                   
000011f5  SysTickStop                    
00000eb5  UART0_Init                     
00000f3b  UART0_IntEnable                
00000f4f  UART0_IntHandler               
000009d9  UARTReceive                    
2003f000  __STACK_END                    
00000800  __STACK_SIZE                   
2003ea00  __STACK_TOP                    
0003e800  __SYSMEM_SIZE                  
00001620  __TI_CINIT_Base                
00001630  __TI_CINIT_Limit               
0000160c  __TI_Handler_Table_Base        
00001618  __TI_Handler_Table_Limit       
000012e9  __TI_auto_init                 
2003f67c  __TI_cleanup_ptr               
00001359  __TI_decompress_lzss           
000015a1  __TI_decompress_none           
2003f680  __TI_dtors_ptr                 
2003f684  __TI_enable_exit_profile_output
ffffffff  __TI_pprof_out_hndl            
ffffffff  __TI_prof_data_size            
ffffffff  __TI_prof_data_start           
00000000  __TI_static_base__             
000015af  __TI_zero_init                 
00001421  __aeabi_idiv                   
000011e7  __aeabi_idiv0                  
00001421  __aeabi_idivmod                
0000126d  __aeabi_memclr                 
0000126d  __aeabi_memclr4                
0000126d  __aeabi_memclr8                
0000114b  __aeabi_memcpy                 
0000114b  __aeabi_memcpy4                
0000114b  __aeabi_memcpy8                
0000126f  __aeabi_memset                 
0000126f  __aeabi_memset4                
0000126f  __aeabi_memset8                
ffffffff  __binit__                      
ffffffff  __c_args__                     
000012e7  __mpu_init                     
2003e800  __stack                        
00001575  _args_main                     
00001481  _c_int00                       
2003f6a0  _lock                          
0000159b  _nop                           
00001593  _register_lock                 
0000158d  _register_unlock               
20000000  _sys_memory                    
0000147f  _system_post_cinit             
000015c7  _system_pre_init               
2003f6a4  _unlock                        
000014d9  abort                          
0000052d  addPCB                         
2003f694  alarmPtr                       
0000059f  allocate                       
00000b93  assignR7                       
000010af  backspace                      
00000c13  bind                           
ffffffff  binit                          
000009a9  calloc                         
00000b29  check                          
00000b2b  check2                         
000010ef  clearQueue                     
2003f640  commandQueue                   
00001529  copy_in                        
2003f69c  count                          
2003f644  date                           
00001073  dequeue                        
00001035  enqueue                        
000014e1  exit                           
000005c9  findNextProcess                
000006f3  free                           
00000000  g_pfnVectors                   
00001133  getSize                        
000013d7  get_MSP                        
000013cd  get_PSP                        
00001419  get_SP                         
00000b2d  goodbye                        
2003f6ac  helloValue                     
2003f648  inQueue                        
00000c79  initKernel                     
000010d9  initQueue                      
0000028d  k_bind                         
0000027d  k_getPID                       
0000028b  k_nice                         
000003bd  k_recv                         
000002cd  k_send                         
00000209  k_terminate                    
00000b59  lowest                         
00000c4d  main                           
2003f6b0  main_func_sp                   
00000689  malloc                         
2003f000  mboxList                       
000008bd  memalign                       
0000114b  memcpy                         
00001275  memset                         
00000609  minit                          
2003f64c  msgList                        
000004b9  nextProcess                    
2003f650  outQueue                       
00000cfd  pendSVHandler                  
00000b9f  pkCall                         
00000f89  print                          
00000fb1  printChar                      
2003f654  priorityLevel                  
000007b3  realloc                        
00000be9  recv                           
00000d29  regProcess                     
2003f658  registersSaved                 
000004f3  removePCB                      
0000140b  restore_registers              
2003f664  running                        
000013fd  save_registers                 
00000bbf  send                           
000013c1  set_LR                         
000013ef  set_MSP                        
000013e1  set_PSP                        
2003f698  tenthSecondsAlarm              
2003f65c  tenthSecondsCounter            
00000b83  terminate                      
2003f660  time                           
00000fcd  transmitByte                   


GLOBAL SYMBOLS: SORTED BY Symbol Address 

address   name                           
-------   ----                           
00000000  __TI_static_base__             
00000000  g_pfnVectors                   
00000209  k_terminate                    
0000027d  k_getPID                       
0000028b  k_nice                         
0000028d  k_bind                         
000002cd  k_send                         
000003bd  k_recv                         
000004b9  nextProcess                    
000004f3  removePCB                      
0000052d  addPCB                         
0000059f  allocate                       
000005c9  findNextProcess                
00000609  minit                          
00000689  malloc                         
000006f3  free                           
000007b3  realloc                        
00000800  __STACK_SIZE                   
000008bd  memalign                       
000009a9  calloc                         
000009d9  UARTReceive                    
00000b29  check                          
00000b2b  check2                         
00000b2d  goodbye                        
00000b59  lowest                         
00000b83  terminate                      
00000b93  assignR7                       
00000b9f  pkCall                         
00000bbf  send                           
00000be9  recv                           
00000c13  bind                           
00000c4d  main                           
00000c79  initKernel                     
00000cfd  pendSVHandler                  
00000d29  regProcess                     
00000d99  SVCall                         
00000dd3  SVCHandler                     
00000eb5  UART0_Init                     
00000f13  InterruptEnable                
00000f3b  UART0_IntEnable                
00000f4f  UART0_IntHandler               
00000f85  InterruptMasterEnable          
00000f89  print                          
00000fb1  printChar                      
00000fcd  transmitByte                   
00001035  enqueue                        
00001073  dequeue                        
000010af  backspace                      
000010d9  initQueue                      
000010ef  clearQueue                     
00001133  getSize                        
0000114b  __aeabi_memcpy                 
0000114b  __aeabi_memcpy4                
0000114b  __aeabi_memcpy8                
0000114b  memcpy                         
000011e7  __aeabi_idiv0                  
000011e9  SysTickStart                   
000011f5  SysTickStop                    
00001201  SysTickPeriod                  
00001213  SysTickIntEnable               
0000121f  SysTickIntDisable              
0000122b  IntMasterEnable                
0000122f  SysTickHandler                 
0000126d  __aeabi_memclr                 
0000126d  __aeabi_memclr4                
0000126d  __aeabi_memclr8                
0000126f  __aeabi_memset                 
0000126f  __aeabi_memset4                
0000126f  __aeabi_memset8                
00001275  memset                         
000012e7  __mpu_init                     
000012e9  __TI_auto_init                 
00001359  __TI_decompress_lzss           
000013c1  set_LR                         
000013cd  get_PSP                        
000013d7  get_MSP                        
000013e1  set_PSP                        
000013ef  set_MSP                        
000013fd  save_registers                 
0000140b  restore_registers              
00001419  get_SP                         
00001421  __aeabi_idiv                   
00001421  __aeabi_idivmod                
0000147f  _system_post_cinit             
00001481  _c_int00                       
000014d5  C$$EXIT                        
000014d9  abort                          
000014e1  exit                           
00001529  copy_in                        
00001575  _args_main                     
0000158d  _register_unlock               
00001593  _register_lock                 
0000159b  _nop                           
000015a1  __TI_decompress_none           
000015af  __TI_zero_init                 
000015bb  ResetISR                       
000015c7  _system_pre_init               
0000160c  __TI_Handler_Table_Base        
00001618  __TI_Handler_Table_Limit       
00001620  __TI_CINIT_Base                
00001630  __TI_CINIT_Limit               
0003e800  __SYSMEM_SIZE                  
20000000  _sys_memory                    
2003e800  __stack                        
2003ea00  __STACK_TOP                    
2003f000  __STACK_END                    
2003f000  mboxList                       
2003f640  commandQueue                   
2003f644  date                           
2003f648  inQueue                        
2003f64c  msgList                        
2003f650  outQueue                       
2003f654  priorityLevel                  
2003f658  registersSaved                 
2003f65c  tenthSecondsCounter            
2003f660  time                           
2003f664  running                        
2003f67c  __TI_cleanup_ptr               
2003f680  __TI_dtors_ptr                 
2003f684  __TI_enable_exit_profile_output
2003f694  alarmPtr                       
2003f698  tenthSecondsAlarm              
2003f69c  count                          
2003f6a0  _lock                          
2003f6a4  _unlock                        
2003f6ac  helloValue                     
2003f6b0  main_func_sp                   
ffffffff  __TI_pprof_out_hndl            
ffffffff  __TI_prof_data_size            
ffffffff  __TI_prof_data_start           
ffffffff  __binit__                      
ffffffff  __c_args__                     
ffffffff  binit                          
UNDEFED   SHT$$INIT_ARRAY$$Base          
UNDEFED   SHT$$INIT_ARRAY$$Limit         

[135 symbols]
