******************************************************************************
                  TI ARM Linker PC v16.9.6                     
******************************************************************************
>> Linked Wed Nov 27 23:21:57 2019

OUTPUT FILE NAME:   <Kernel.out>
ENTRY POINT SYMBOL: "_c_int00"  address: 00004da5


MEMORY CONFIGURATION

         name            origin    length      used     unused   attr    fill
----------------------  --------  ---------  --------  --------  ----  --------
  FLASH                 00000000   00100000  000053ca  000fac36  R  X
  SRAM                  20000000   00040000  0003f6f4  0000090c  RW X


SEGMENT ALLOCATION MAP

run origin  load origin   length   init length attrs members
----------  ----------- ---------- ----------- ----- -------
00000000    00000000    000053d0   000053d0    r-x
  00000000    00000000    00000208   00000208    r-- .intvecs
  00000208    00000208    00004f3a   00004f3a    r-x .text
  00005148    00005148    00000228   00000228    r-- .const
  00005370    00005370    00000060   00000060    r-- .cinit
20000000    20000000    0003f6f4   00000000    rw-
  20000000    20000000    0003e800   00000000    rw- .sysmem
  2003e800    2003e800    00000800   00000000    rw- .stack
  2003f000    2003f000    00000660   00000000    rw- .bss
  2003f660    2003f660    00000094   00000000    rw- .data


SECTION ALLOCATION MAP

 output                                  attributes/
section   page    origin      length       input sections
--------  ----  ----------  ----------   ----------------
.intvecs   0    00000000    00000208     
                  00000000    00000208     tm4c1294ncpdt_startup_ccs.obj (.intvecs)

.text      0    00000208    00004f3a     
                  00000208    0000113e     rtsv7M4_T_le_v4SPD16_eabi.lib : _printfi.obj (.text)
                  00001346    00000002                                   : i_div0.obj (.text)
                  00001348    00000898                                   : _scanfi.obj (.text)
                  00001be0    000007dc     functions.obj (.text)
                  000023bc    000006d8     time.obj (.text)
                  00002a94    00000494     applications.obj (.text)
                  00002f28    000003d0     rtsv7M4_T_le_v4SPD16_eabi.lib : memory.obj (.text)
                  000032f8    00000384     SVC.obj (.text)
                  0000367c    0000023c     rtsv7M4_T_le_v4SPD16_eabi.lib : strtod.obj (.text)
                  000038b8    000001f4                                   : ull_div_t2.obj (.text)
                  00003aac    000001dc                                   : strtoll.obj (.text)
                  00003c88    000001b6                                   : fd_add_t2.obj (.text)
                  00003e3e    00000002                                   : mpu_init.obj (.text)
                  00003e40    00000184     UART.obj (.text)
                  00003fc4    0000015c     rtsv7M4_T_le_v4SPD16_eabi.lib : strtoull.obj (.text)
                  00004120    00000136                                   : fd_div_t2.obj (.text)
                  00004256    00000002                                   : startup.obj (.text)
                  00004258    00000134                                   : strtol.obj (.text)
                  0000438c    00000114                                   : strtoul.obj (.text)
                  000044a0    00000110     cqueue.obj (.text)
                  000045b0    000000fc     rtsv7M4_T_le_v4SPD16_eabi.lib : fd_mul_t2.obj (.text)
                  000046ac    000000fc                                   : s_scalbn.obj (.text)
                  000047a8    000000cc                                   : sscanf.obj (.text)
                  00004874    000000a0     SysTick.obj (.text)
                  00004914    0000009c     rtsv7M4_T_le_v4SPD16_eabi.lib : memcpy_t2.obj (.text)
                  000049b0    00000086                                   : fd_cmp_t2.obj (.text:__aeabi_cdcmple)
                  00004a36    00000086                                   : fd_cmp_t2.obj (.text:__aeabi_cdrcmple)
                  00004abc    0000007a                                   : memset_t2.obj (.text)
                  00004b36    00000002     --HOLE-- [fill = 0]
                  00004b38    00000070                                   : autoinit.obj (.text)
                  00004ba8    0000006e                                   : fd_tos_t2.obj (.text)
                  00004c16    00000068                                   : copy_decompress_lzss.obj (.text:decompress:lzss)
                  00004c7e    00000002     --HOLE-- [fill = 0]
                  00004c80    00000064                                   : s_frexp.obj (.text)
                  00004ce4    00000060     Process.obj (.text)
                  00004d44    00000060     rtsv7M4_T_le_v4SPD16_eabi.lib : sprintf.obj (.text)
                  00004da4    00000054                                   : boot.obj (.text)
                  00004df8    00000054                                   : exit.obj (.text)
                  00004e4c    00000054                                   : ltoa.obj (.text)
                  00004ea0    0000004c                                   : atoi.obj (.text)
                  00004eec    0000004c                                   : cpy_tbl.obj (.text)
                  00004f38    00000048                                   : fd_toi_t2.obj (.text)
                  00004f80    00000040                                   : u_divt2.obj (.text)
                  00004fc0    0000002e                                   : i_tofd_t2.obj (.text)
                  00004fee    00000024                                   : memcmp.obj (.text)
                  00005012    0000001c                                   : memccpy.obj (.text)
                  0000502e    00000002     --HOLE-- [fill = 0]
                  00005030    00000018                                   : args_main.obj (.text)
                  00005048    00000018                                   : ll_mul_t2.obj (.text)
                  00005060    00000018                                   : strcmp.obj (.text)
                  00005078    00000018                                   : strrchr.obj (.text)
                  00005090    00000016                                   : strchr.obj (.text)
                  000050a6    00000002     --HOLE-- [fill = 0]
                  000050a8    00000014                                   : _lock.obj (.text)
                  000050bc    00000014                                   : s_copysign.obj (.text)
                  000050d0    00000014                                   : strcpy.obj (.text)
                  000050e4    00000014                                   : strlen.obj (.text)
                  000050f8    00000010                                   : tolower.obj (.text)
                  00005108    00000010                                   : toupper.obj (.text)
                  00005118    0000000e                                   : copy_decompress_none.obj (.text:decompress:none)
                  00005126    0000000c                                   : copy_zero_init.obj (.text:decompress:ZI)
                  00005132    0000000c     tm4c1294ncpdt_startup_ccs.obj (.text)
                  0000513e    00000004     rtsv7M4_T_le_v4SPD16_eabi.lib : pre_init.obj (.text)

.const     0    00005148    00000228     
                  00005148    00000101     rtsv7M4_T_le_v4SPD16_eabi.lib : ctype.obj (.const:.string:_ctypes_)
                  00005249    00000007     --HOLE-- [fill = 0]
                  00005250    00000098                                   : strtod.obj (.const:$O1$$)
                  000052e8    00000048     time.obj (.const:.string)
                  00005330    00000030     time.obj (.const:monthStrings)
                  00005360    00000010     rtsv7M4_T_le_v4SPD16_eabi.lib : _scanfi.obj (.const:$O1$$)

.cinit     0    00005370    00000060     
                  00005370    0000003c     (.cinit..data.load) [load image, compression = lzss]
                  000053ac    0000000c     (__TI_handler_table)
                  000053b8    00000008     (.cinit..bss.load) [load image, compression = zero_init]
                  000053c0    00000010     (__TI_cinit_table)

.init_array 
*          0    00000000    00000000     UNINITIALIZED

.sysmem    0    20000000    0003e800     UNINITIALIZED
                  20000000    00000008     rtsv7M4_T_le_v4SPD16_eabi.lib : memory.obj (.sysmem)
                  20000008    0003e7f8     --HOLE--

.stack     0    2003e800    00000800     UNINITIALIZED
                  2003e800    00000800     --HOLE--

.bss       0    2003f000    00000660     UNINITIALIZED
                  2003f000    00000640     (.common:mboxList)
                  2003f640    00000004     (.common:commandQueue)
                  2003f644    00000004     (.common:date)
                  2003f648    00000004     (.common:inQueue)
                  2003f64c    00000004     (.common:msgList)
                  2003f650    00000004     (.common:outQueue)
                  2003f654    00000004     (.common:priorityLevel)
                  2003f658    00000004     (.common:tenthSecondsCounter)
                  2003f65c    00000004     (.common:time)

.data      0    2003f660    00000094     UNINITIALIZED
                  2003f660    00000030     time.obj (.data:monthDays)
                  2003f690    00000018     SVC.obj (.data:running)
                  2003f6a8    00000010     SysTick.obj (.data)
                  2003f6b8    00000010     time.obj (.data)
                  2003f6c8    0000000c     rtsv7M4_T_le_v4SPD16_eabi.lib : exit.obj (.data:$O1$$)
                  2003f6d4    0000000c                                   : memory.obj (.data:$O1$$)
                  2003f6e0    00000008                                   : _lock.obj (.data:$O1$$)
                  2003f6e8    00000004     SVC.obj (.data)
                  2003f6ec    00000004     rtsv7M4_T_le_v4SPD16_eabi.lib : errno.obj (.data)
                  2003f6f0    00000004                                   : stkdepth_vars.obj (.data)

MODULE SUMMARY

       Module                          code    ro data   rw data
       ------                          ----    -------   -------
    .\
       SVC.obj                         900     0         1636   
       functions.obj                   2012    0         0      
       time.obj                        1752    120       76     
       applications.obj                1172    0         0      
       tm4c1294ncpdt_startup_ccs.obj   12      520       0      
       UART.obj                        388     0         8      
       cqueue.obj                      272     0         0      
       SysTick.obj                     160     0         20     
       Process.obj                     96      0         0      
    +--+-------------------------------+-------+---------+---------+
       Total:                          6764    640       1740   
                                                                
    C:\ti\ccsv7\tools\compiler\ti-cgt-arm_16.9.6.LTS\lib\rtsv7M4_T_le_v4SPD16_eabi.lib
       _printfi.obj                    4414    0         0      
       _scanfi.obj                     2200    16        0      
       memory.obj                      976     0         12     
       strtod.obj                      572     152       0      
       ull_div_t2.obj                  500     0         0      
       strtoll.obj                     476     0         0      
       fd_add_t2.obj                   438     0         0      
       strtoull.obj                    348     0         0      
       fd_div_t2.obj                   310     0         0      
       strtol.obj                      308     0         0      
       strtoul.obj                     276     0         0      
       fd_cmp_t2.obj                   268     0         0      
       ctype.obj                       0       257       0      
       fd_mul_t2.obj                   252     0         0      
       s_scalbn.obj                    252     0         0      
       sscanf.obj                      204     0         0      
       memcpy_t2.obj                   156     0         0      
       memset_t2.obj                   122     0         0      
       autoinit.obj                    112     0         0      
       fd_tos_t2.obj                   110     0         0      
       copy_decompress_lzss.obj        104     0         0      
       s_frexp.obj                     100     0         0      
       exit.obj                        84      0         12     
       sprintf.obj                     96      0         0      
       boot.obj                        84      0         0      
       ltoa.obj                        84      0         0      
       atoi.obj                        76      0         0      
       cpy_tbl.obj                     76      0         0      
       fd_toi_t2.obj                   72      0         0      
       u_divt2.obj                     64      0         0      
       i_tofd_t2.obj                   46      0         0      
       memcmp.obj                      36      0         0      
       _lock.obj                       20      0         8      
       memccpy.obj                     28      0         0      
       args_main.obj                   24      0         0      
       ll_mul_t2.obj                   24      0         0      
       strcmp.obj                      24      0         0      
       strrchr.obj                     24      0         0      
       strchr.obj                      22      0         0      
       s_copysign.obj                  20      0         0      
       strcpy.obj                      20      0         0      
       strlen.obj                      20      0         0      
       tolower.obj                     16      0         0      
       toupper.obj                     16      0         0      
       copy_decompress_none.obj        14      0         0      
       copy_zero_init.obj              12      0         0      
       errno.obj                       0       0         4      
       pre_init.obj                    4       0         0      
       stkdepth_vars.obj               0       0         4      
       i_div0.obj                      2       0         0      
       mpu_init.obj                    2       0         0      
       startup.obj                     2       0         0      
    +--+-------------------------------+-------+---------+---------+
       Total:                          13510   425       40     
                                                                
       Heap:                           0       0         256000 
       Stack:                          0       0         2048   
       Linker Generated:               0       96        0      
    +--+-------------------------------+-------+---------+---------+
       Grand Total:                    20274   1161      259828 


LINKER GENERATED COPY TABLES

__TI_cinit_table @ 000053c0 records: 2, size/record: 8, table size: 16
	.data: load addr=00005370, load size=0000003c bytes, run addr=2003f660, run size=00000094 bytes, compression=lzss
	.bss: load addr=000053b8, load size=00000008 bytes, run addr=2003f000, run size=00000660 bytes, compression=zero_init


LINKER GENERATED HANDLER TABLE

__TI_handler_table @ 000053ac records: 3, size/record: 4, table size: 12
	index: 0, handler: __TI_decompress_lzss
	index: 1, handler: __TI_decompress_none
	index: 2, handler: __TI_zero_init


GLOBAL SYMBOLS: SORTED ALPHABETICALLY BY Name 

address   name                           
-------   ----                           
00004df9  C$$EXIT                        
00002a95  IOprocess                      
000048b7  IntMasterEnable                
00003e9f  InterruptEnable                
00003f11  InterruptMasterEnable          
00005133  ResetISR                       
UNDEFED   SHT$$INIT_ARRAY$$Base          
UNDEFED   SHT$$INIT_ARRAY$$Limit         
00003519  SVCHandler                     
000034c3  SVCall                         
000048bb  SysTickHandler                 
000048ab  SysTickIntDisable              
0000489f  SysTickIntEnable               
0000488d  SysTickPeriod                  
00004875  SysTickStart                   
00004881  SysTickStop                    
00003e41  UART0_Init                     
00003ec7  UART0_IntEnable                
00003edb  UART0_IntHandler               
2003f000  __STACK_END                    
00000800  __STACK_SIZE                   
2003ea00  __STACK_TOP                    
0003e800  __SYSMEM_SIZE                  
000053c0  __TI_CINIT_Base                
000053d0  __TI_CINIT_Limit               
000053ac  __TI_Handler_Table_Base        
000053b8  __TI_Handler_Table_Limit       
00004b39  __TI_auto_init                 
2003f6c8  __TI_cleanup_ptr               
00004c17  __TI_decompress_lzss           
00005119  __TI_decompress_none           
2003f6cc  __TI_dtors_ptr                 
2003f6d0  __TI_enable_exit_profile_output
ffffffff  __TI_pprof_out_hndl            
00000a4d  __TI_printfi                   
ffffffff  __TI_prof_data_size            
ffffffff  __TI_prof_data_start           
00001349  __TI_scanfi                    
00000000  __TI_static_base__             
00005127  __TI_zero_init                 
000049b1  __aeabi_cdcmpeq                
000049b1  __aeabi_cdcmple                
00004a37  __aeabi_cdrcmple               
00004ba9  __aeabi_d2f                    
00004f39  __aeabi_d2iz                   
00003c93  __aeabi_dadd                   
00004121  __aeabi_ddiv                   
000045b1  __aeabi_dmul                   
00003c89  __aeabi_dsub                   
00004fc1  __aeabi_i2d                    
00001347  __aeabi_idiv0                  
00005049  __aeabi_lmul                   
00004abd  __aeabi_memclr                 
00004abd  __aeabi_memclr4                
00004abd  __aeabi_memclr8                
00004915  __aeabi_memcpy                 
00004915  __aeabi_memcpy4                
00004915  __aeabi_memcpy8                
00004abf  __aeabi_memset                 
00004abf  __aeabi_memset4                
00004abf  __aeabi_memset8                
00004f81  __aeabi_uidiv                  
00004f81  __aeabi_uidivmod               
000038b9  __aeabi_uldivmod               
ffffffff  __binit__                      
ffffffff  __c_args__                     
00003e3f  __mpu_init                     
2003e800  __stack                        
00005031  _args_main                     
00004da5  _c_int00                       
00005148  _ctypes_                       
2003f6e0  _lock                          
000050b7  _nop                           
000050af  _register_lock                 
000050a9  _register_unlock               
20000000  _sys_memory                    
00004257  _system_post_cinit             
0000513f  _system_pre_init               
2003f6e4  _unlock                        
00004dfd  abort                          
00002271  addPCB                         
2003f6c0  alarmConstant                  
2003f6ac  alarmPtr                       
000022cd  allocate                       
00002d5b  assignR7                       
00004ea1  atoi                           
0000451b  backspace                      
00002de1  bind                           
ffffffff  binit                          
000032c9  calloc                         
0000454f  clearQueue                     
2003f640  commandQueue                   
00004eed  copy_in                        
000050bd  copysign                       
000050bd  copysignl                      
2003f6b4  count                          
2003f644  date                           
2003f6bc  dateConstant                   
2003f6c4  daysPassed                     
000022f5  deallocate                     
000044df  dequeue                        
000044a1  enqueue                        
2003f6ec  errno                          
00004e05  exit                           
00002315  findNextProcess                
00003f15  formOutQueue                   
00003013  free                           
00004c81  frexp                          
00004c81  frexpl                         
00000000  g_pfnVectors                   
00004593  getSize                        
00004cfb  get_MSP                        
00004cf1  get_PSP                        
00004d3d  get_SP                         
2003f6a8  hundredths                     
00002cbb  idle                           
00002c91  inProcess                      
2003f648  inQueue                        
00003327  initKernel                     
00004539  initQueue                      
00002bd7  inputRequest                   
00001d95  k_bind                         
00001c81  k_getPID                       
00001be1  k_input                        
00001cf9  k_nice                         
00001ccb  k_print                        
00001ce9  k_printChar                    
00001c8f  k_printVT                      
00002099  k_recv                         
00001ea9  k_send                         
00001c0d  k_terminate                    
00001e27  k_unbind                       
000046ad  ldexp                          
000046ad  ldexpl                         
00002a2f  leapYear                       
00004e4d  ltoa                           
000032f9  main                           
2003f6f0  main_func_sp                   
00002fa9  malloc                         
2003f000  mboxList                       
000031dd  memalign                       
00005013  memccpy                        
00004fef  memcmp                         
00004915  memcpy                         
00004ac5  memset                         
00002f29  minit                          
2003f660  monthDays                      
00005330  monthStrings                   
00002749  monthToInt                     
2003f64c  msgList                        
00002201  nextProcess                    
00002e0f  nice                           
00002be5  outProcess                     
2003f650  outQueue                       
00002949  parseAlarm                     
00002435  parseCommand                   
00002661  parseDate                      
0000247f  parseTime                      
00003421  pendSVHandler                  
00002d67  pkCall                         
000028f5  printAlarm                     
00003f3d  printChar                      
00002e3d  printRequest                   
00002e4b  printVT                        
2003f654  priorityLevel                  
00002343  processSwitch                  
0000288d  readAlarm                      
000025cd  readDate                       
000023bd  readTime                       
000030d3  realloc                        
00002db7  recv                           
0000344d  regProcess                     
0000223b  removePCB                      
00004d2f  restore_registers              
2003f690  running                        
00004d21  save_registers                 
000046ad  scalbn                         
000046ad  scalbnl                        
00002d8d  send                           
00004ce5  set_LR                         
00004d13  set_MSP                        
00004d05  set_PSP                        
00004d45  sprintf                        
000047bb  sscanf                         
00005091  strchr                         
00005061  strcmp                         
000050d1  strcpy                         
000050e5  strlen                         
00005079  strrchr                        
0000367d  strtod                         
00004259  strtol                         
0000367d  strtold                        
00003aad  strtoll                        
0000438d  strtoul                        
00003fc5  strtoull                       
2003f6b0  tenthSecondsAlarm              
2003f658  tenthSecondsCounter            
00002d4b  terminate                      
2003f65c  time                           
2003f6b8  timeConstant                   
000050f9  tolower                        
00005109  toupper                        
00003f5d  transmitByte                   
00002df9  unbind                         
000027a9  updateDate                     
00002539  updateTime                     
000047a9  vsscanf                        


GLOBAL SYMBOLS: SORTED BY Symbol Address 

address   name                           
-------   ----                           
00000000  __TI_static_base__             
00000000  g_pfnVectors                   
00000800  __STACK_SIZE                   
00000a4d  __TI_printfi                   
00001347  __aeabi_idiv0                  
00001349  __TI_scanfi                    
00001be1  k_input                        
00001c0d  k_terminate                    
00001c81  k_getPID                       
00001c8f  k_printVT                      
00001ccb  k_print                        
00001ce9  k_printChar                    
00001cf9  k_nice                         
00001d95  k_bind                         
00001e27  k_unbind                       
00001ea9  k_send                         
00002099  k_recv                         
00002201  nextProcess                    
0000223b  removePCB                      
00002271  addPCB                         
000022cd  allocate                       
000022f5  deallocate                     
00002315  findNextProcess                
00002343  processSwitch                  
000023bd  readTime                       
00002435  parseCommand                   
0000247f  parseTime                      
00002539  updateTime                     
000025cd  readDate                       
00002661  parseDate                      
00002749  monthToInt                     
000027a9  updateDate                     
0000288d  readAlarm                      
000028f5  printAlarm                     
00002949  parseAlarm                     
00002a2f  leapYear                       
00002a95  IOprocess                      
00002bd7  inputRequest                   
00002be5  outProcess                     
00002c91  inProcess                      
00002cbb  idle                           
00002d4b  terminate                      
00002d5b  assignR7                       
00002d67  pkCall                         
00002d8d  send                           
00002db7  recv                           
00002de1  bind                           
00002df9  unbind                         
00002e0f  nice                           
00002e3d  printRequest                   
00002e4b  printVT                        
00002f29  minit                          
00002fa9  malloc                         
00003013  free                           
000030d3  realloc                        
000031dd  memalign                       
000032c9  calloc                         
000032f9  main                           
00003327  initKernel                     
00003421  pendSVHandler                  
0000344d  regProcess                     
000034c3  SVCall                         
00003519  SVCHandler                     
0000367d  strtod                         
0000367d  strtold                        
000038b9  __aeabi_uldivmod               
00003aad  strtoll                        
00003c89  __aeabi_dsub                   
00003c93  __aeabi_dadd                   
00003e3f  __mpu_init                     
00003e41  UART0_Init                     
00003e9f  InterruptEnable                
00003ec7  UART0_IntEnable                
00003edb  UART0_IntHandler               
00003f11  InterruptMasterEnable          
00003f15  formOutQueue                   
00003f3d  printChar                      
00003f5d  transmitByte                   
00003fc5  strtoull                       
00004121  __aeabi_ddiv                   
00004257  _system_post_cinit             
00004259  strtol                         
0000438d  strtoul                        
000044a1  enqueue                        
000044df  dequeue                        
0000451b  backspace                      
00004539  initQueue                      
0000454f  clearQueue                     
00004593  getSize                        
000045b1  __aeabi_dmul                   
000046ad  ldexp                          
000046ad  ldexpl                         
000046ad  scalbn                         
000046ad  scalbnl                        
000047a9  vsscanf                        
000047bb  sscanf                         
00004875  SysTickStart                   
00004881  SysTickStop                    
0000488d  SysTickPeriod                  
0000489f  SysTickIntEnable               
000048ab  SysTickIntDisable              
000048b7  IntMasterEnable                
000048bb  SysTickHandler                 
00004915  __aeabi_memcpy                 
00004915  __aeabi_memcpy4                
00004915  __aeabi_memcpy8                
00004915  memcpy                         
000049b1  __aeabi_cdcmpeq                
000049b1  __aeabi_cdcmple                
00004a37  __aeabi_cdrcmple               
00004abd  __aeabi_memclr                 
00004abd  __aeabi_memclr4                
00004abd  __aeabi_memclr8                
00004abf  __aeabi_memset                 
00004abf  __aeabi_memset4                
00004abf  __aeabi_memset8                
00004ac5  memset                         
00004b39  __TI_auto_init                 
00004ba9  __aeabi_d2f                    
00004c17  __TI_decompress_lzss           
00004c81  frexp                          
00004c81  frexpl                         
00004ce5  set_LR                         
00004cf1  get_PSP                        
00004cfb  get_MSP                        
00004d05  set_PSP                        
00004d13  set_MSP                        
00004d21  save_registers                 
00004d2f  restore_registers              
00004d3d  get_SP                         
00004d45  sprintf                        
00004da5  _c_int00                       
00004df9  C$$EXIT                        
00004dfd  abort                          
00004e05  exit                           
00004e4d  ltoa                           
00004ea1  atoi                           
00004eed  copy_in                        
00004f39  __aeabi_d2iz                   
00004f81  __aeabi_uidiv                  
00004f81  __aeabi_uidivmod               
00004fc1  __aeabi_i2d                    
00004fef  memcmp                         
00005013  memccpy                        
00005031  _args_main                     
00005049  __aeabi_lmul                   
00005061  strcmp                         
00005079  strrchr                        
00005091  strchr                         
000050a9  _register_unlock               
000050af  _register_lock                 
000050b7  _nop                           
000050bd  copysign                       
000050bd  copysignl                      
000050d1  strcpy                         
000050e5  strlen                         
000050f9  tolower                        
00005109  toupper                        
00005119  __TI_decompress_none           
00005127  __TI_zero_init                 
00005133  ResetISR                       
0000513f  _system_pre_init               
00005148  _ctypes_                       
00005330  monthStrings                   
000053ac  __TI_Handler_Table_Base        
000053b8  __TI_Handler_Table_Limit       
000053c0  __TI_CINIT_Base                
000053d0  __TI_CINIT_Limit               
0003e800  __SYSMEM_SIZE                  
20000000  _sys_memory                    
2003e800  __stack                        
2003ea00  __STACK_TOP                    
2003f000  __STACK_END                    
2003f000  mboxList                       
2003f640  commandQueue                   
2003f644  date                           
2003f648  inQueue                        
2003f64c  msgList                        
2003f650  outQueue                       
2003f654  priorityLevel                  
2003f658  tenthSecondsCounter            
2003f65c  time                           
2003f660  monthDays                      
2003f690  running                        
2003f6a8  hundredths                     
2003f6ac  alarmPtr                       
2003f6b0  tenthSecondsAlarm              
2003f6b4  count                          
2003f6b8  timeConstant                   
2003f6bc  dateConstant                   
2003f6c0  alarmConstant                  
2003f6c4  daysPassed                     
2003f6c8  __TI_cleanup_ptr               
2003f6cc  __TI_dtors_ptr                 
2003f6d0  __TI_enable_exit_profile_output
2003f6e0  _lock                          
2003f6e4  _unlock                        
2003f6ec  errno                          
2003f6f0  main_func_sp                   
ffffffff  __TI_pprof_out_hndl            
ffffffff  __TI_prof_data_size            
ffffffff  __TI_prof_data_start           
ffffffff  __binit__                      
ffffffff  __c_args__                     
ffffffff  binit                          
UNDEFED   SHT$$INIT_ARRAY$$Base          
UNDEFED   SHT$$INIT_ARRAY$$Limit         

[207 symbols]
