******************************************************************************
                  TI ARM Linker PC v16.9.6                     
******************************************************************************
>> Linked Wed Nov 20 15:01:01 2019

OUTPUT FILE NAME:   <Kernel.out>
ENTRY POINT SYMBOL: "_c_int00"  address: 00001605


MEMORY CONFIGURATION

         name            origin    length      used     unused   attr    fill
----------------------  --------  ---------  --------  --------  ----  --------
  FLASH                 00000000   00100000  000017b2  000fe84e  R  X
  SRAM                  20000000   00040000  0003f6b4  0000094c  RW X


SEGMENT ALLOCATION MAP

run origin  load origin   length   init length attrs members
----------  ----------- ---------- ----------- ----- -------
00000000    00000000    000017b8   000017b8    r-x
  00000000    00000000    00000208   00000208    r-- .intvecs
  00000208    00000208    00001546   00001546    r-x .text
  00001750    00001750    0000001c   0000001c    r-- .const
  00001770    00001770    00000048   00000048    r-- .cinit
20000000    20000000    0003f6b4   00000000    rw-
  20000000    20000000    0003e800   00000000    rw- .sysmem
  2003e800    2003e800    00000800   00000000    rw- .stack
  2003f000    2003f000    00000664   00000000    rw- .bss
  2003f664    2003f664    00000050   00000000    rw- .data


SECTION ALLOCATION MAP

 output                                  attributes/
section   page    origin      length       input sections
--------  ----  ----------  ----------   ----------------
.intvecs   0    00000000    00000208     
                  00000000    00000208     tm4c1294ncpdt_startup_ccs.obj (.intvecs)

.text      0    00000208    00001546     
                  00000208    0000051c     functions.obj (.text)
                  00000724    000003d0     rtsv7M4_T_le_v4SPD16_eabi.lib : memory.obj (.text)
                  00000af4    000002ac     applications.obj (.text)
                  00000da0    00000298     SVC.obj (.text)
                  00001038    00000180     UART.obj (.text)
                  000011b8    00000116     cqueue.obj (.text)
                  000012ce    0000009c     rtsv7M4_T_le_v4SPD16_eabi.lib : memcpy_t2.obj (.text)
                  0000136a    00000002                                   : i_div0.obj (.text)
                  0000136c    00000084     SysTick.obj (.text)
                  000013f0    0000007a     rtsv7M4_T_le_v4SPD16_eabi.lib : memset_t2.obj (.text)
                  0000146a    00000002                                   : mpu_init.obj (.text)
                  0000146c    00000070                                   : autoinit.obj (.text)
                  000014dc    00000068                                   : copy_decompress_lzss.obj (.text:decompress:lzss)
                  00001544    00000060     Process.obj (.text)
                  000015a4    0000005e     rtsv7M4_T_le_v4SPD16_eabi.lib : i_divt2.obj (.text)
                  00001602    00000002                                   : startup.obj (.text)
                  00001604    00000054                                   : boot.obj (.text)
                  00001658    00000054                                   : exit.obj (.text)
                  000016ac    0000004c                                   : cpy_tbl.obj (.text)
                  000016f8    00000018                                   : args_main.obj (.text)
                  00001710    00000014                                   : _lock.obj (.text)
                  00001724    0000000e                                   : copy_decompress_none.obj (.text:decompress:none)
                  00001732    0000000c                                   : copy_zero_init.obj (.text:decompress:ZI)
                  0000173e    0000000c     tm4c1294ncpdt_startup_ccs.obj (.text)
                  0000174a    00000004     rtsv7M4_T_le_v4SPD16_eabi.lib : pre_init.obj (.text)

.const     0    00001750    0000001c     
                  00001750    00000010     applications.obj (.const:$P$T0$1)
                  00001760    0000000c     applications.obj (.const:$P$T1$2)

.cinit     0    00001770    00000048     
                  00001770    00000023     (.cinit..data.load) [load image, compression = lzss]
                  00001793    00000001     --HOLE-- [fill = 0]
                  00001794    0000000c     (__TI_handler_table)
                  000017a0    00000008     (.cinit..bss.load) [load image, compression = zero_init]
                  000017a8    00000010     (__TI_cinit_table)

.init_array 
*          0    00000000    00000000     UNINITIALIZED

.sysmem    0    20000000    0003e800     UNINITIALIZED
                  20000000    00000008     rtsv7M4_T_le_v4SPD16_eabi.lib : memory.obj (.sysmem)
                  20000008    0003e7f8     --HOLE--

.stack     0    2003e800    00000800     UNINITIALIZED
                  2003e800    00000800     --HOLE--

.bss       0    2003f000    00000664     UNINITIALIZED
                  2003f000    00000640     (.common:mboxList)
                  2003f640    00000004     (.common:commandQueue)
                  2003f644    00000004     (.common:date)
                  2003f648    00000004     (.common:inQueue)
                  2003f64c    00000004     (.common:msgList)
                  2003f650    00000004     (.common:outQueue)
                  2003f654    00000004     (.common:priorityLevel)
                  2003f658    00000004     (.common:registersSaved)
                  2003f65c    00000004     (.common:tenthSecondsCounter)
                  2003f660    00000004     (.common:time)

.data      0    2003f664    00000050     UNINITIALIZED
                  2003f664    00000018     SVC.obj (.data:running)
                  2003f67c    0000000c     rtsv7M4_T_le_v4SPD16_eabi.lib : exit.obj (.data:$O1$$)
                  2003f688    0000000c                                   : memory.obj (.data:$O1$$)
                  2003f694    0000000c     SysTick.obj (.data)
                  2003f6a0    00000008     rtsv7M4_T_le_v4SPD16_eabi.lib : _lock.obj (.data:$O1$$)
                  2003f6a8    00000004     SVC.obj (.data)
                  2003f6ac    00000004     applications.obj (.data)
                  2003f6b0    00000004     rtsv7M4_T_le_v4SPD16_eabi.lib : stkdepth_vars.obj (.data)

MODULE SUMMARY

       Module                          code   ro data   rw data
       ------                          ----   -------   -------
    .\
       SVC.obj                         664    0         1640   
       functions.obj                   1308   0         0      
       applications.obj                684    28        4      
       tm4c1294ncpdt_startup_ccs.obj   12     520       0      
       UART.obj                        384    0         8      
       cqueue.obj                      278    0         0      
       SysTick.obj                     132    0         16     
       Process.obj                     96     0         0      
       time.obj                        0      0         12     
    +--+-------------------------------+------+---------+---------+
       Total:                          3558   548       1680   
                                                               
    C:\ti\ccsv7\tools\compiler\ti-cgt-arm_16.9.6.LTS\lib\rtsv7M4_T_le_v4SPD16_eabi.lib
       memory.obj                      976    0         12     
       memcpy_t2.obj                   156    0         0      
       memset_t2.obj                   122    0         0      
       autoinit.obj                    112    0         0      
       copy_decompress_lzss.obj        104    0         0      
       exit.obj                        84     0         12     
       i_divt2.obj                     94     0         0      
       boot.obj                        84     0         0      
       cpy_tbl.obj                     76     0         0      
       _lock.obj                       20     0         8      
       args_main.obj                   24     0         0      
       copy_decompress_none.obj        14     0         0      
       copy_zero_init.obj              12     0         0      
       pre_init.obj                    4      0         0      
       stkdepth_vars.obj               0      0         4      
       i_div0.obj                      2      0         0      
       mpu_init.obj                    2      0         0      
       startup.obj                     2      0         0      
    +--+-------------------------------+------+---------+---------+
       Total:                          1888   0         36     
                                                               
       Heap:                           0      0         256000 
       Stack:                          0      0         2048   
       Linker Generated:               0      71        0      
    +--+-------------------------------+------+---------+---------+
       Grand Total:                    5446   619       259764 


LINKER GENERATED COPY TABLES

__TI_cinit_table @ 000017a8 records: 2, size/record: 8, table size: 16
	.data: load addr=00001770, load size=00000023 bytes, run addr=2003f664, run size=00000050 bytes, compression=lzss
	.bss: load addr=000017a0, load size=00000008 bytes, run addr=2003f000, run size=00000664 bytes, compression=zero_init


LINKER GENERATED HANDLER TABLE

__TI_handler_table @ 00001794 records: 3, size/record: 4, table size: 12
	index: 0, handler: __TI_decompress_lzss
	index: 1, handler: __TI_decompress_none
	index: 2, handler: __TI_zero_init


GLOBAL SYMBOLS: SORTED ALPHABETICALLY BY Name 

address   name                           
-------   ----                           
00001659  C$$EXIT                        
000013af  IntMasterEnable                
00001097  InterruptEnable                
00001109  InterruptMasterEnable          
0000173f  ResetISR                       
UNDEFED   SHT$$INIT_ARRAY$$Base          
UNDEFED   SHT$$INIT_ARRAY$$Limit         
00000f2d  SVCHandler                     
00000ef3  SVCall                         
000013b3  SysTickHandler                 
000013a3  SysTickIntDisable              
00001397  SysTickIntEnable               
00001385  SysTickPeriod                  
0000136d  SysTickStart                   
00001379  SysTickStop                    
00001039  UART0_Init                     
000010bf  UART0_IntEnable                
000010d3  UART0_IntHandler               
00000af5  UARTReceive                    
2003f000  __STACK_END                    
00000800  __STACK_SIZE                   
2003ea00  __STACK_TOP                    
0003e800  __SYSMEM_SIZE                  
000017a8  __TI_CINIT_Base                
000017b8  __TI_CINIT_Limit               
00001794  __TI_Handler_Table_Base        
000017a0  __TI_Handler_Table_Limit       
0000146d  __TI_auto_init                 
2003f67c  __TI_cleanup_ptr               
000014dd  __TI_decompress_lzss           
00001725  __TI_decompress_none           
2003f680  __TI_dtors_ptr                 
2003f684  __TI_enable_exit_profile_output
ffffffff  __TI_pprof_out_hndl            
ffffffff  __TI_prof_data_size            
ffffffff  __TI_prof_data_start           
00000000  __TI_static_base__             
00001733  __TI_zero_init                 
000015a5  __aeabi_idiv                   
0000136b  __aeabi_idiv0                  
000015a5  __aeabi_idivmod                
000013f1  __aeabi_memclr                 
000013f1  __aeabi_memclr4                
000013f1  __aeabi_memclr8                
000012cf  __aeabi_memcpy                 
000012cf  __aeabi_memcpy4                
000012cf  __aeabi_memcpy8                
000013f3  __aeabi_memset                 
000013f3  __aeabi_memset4                
000013f3  __aeabi_memset8                
ffffffff  __binit__                      
ffffffff  __c_args__                     
0000146b  __mpu_init                     
2003e800  __stack                        
000016f9  _args_main                     
00001605  _c_int00                       
2003f6a0  _lock                          
0000171f  _nop                           
00001717  _register_lock                 
00001711  _register_unlock               
20000000  _sys_memory                    
00001603  _system_post_cinit             
0000174b  _system_pre_init               
2003f6a4  _unlock                        
0000165d  abort                          
000005e1  addPCB                         
2003f694  alarmPtr                       
00000641  allocate                       
00000cc7  assignR7                       
00001233  backspace                      
00000d47  bind                           
ffffffff  binit                          
00000ac5  calloc                         
00000c45  check                          
00000c47  check2                         
00001273  clearQueue                     
2003f640  commandQueue                   
000016ad  copy_in                        
2003f69c  count                          
2003f644  date                           
00000665  deallocate                     
000011f7  dequeue                        
000011b9  enqueue                        
00001665  exit                           
0000067f  findNextProcess                
0000080f  free                           
00000000  g_pfnVectors                   
000012b7  getSize                        
0000155b  get_MSP                        
00001551  get_PSP                        
0000159d  get_SP                         
00000c49  goodbye                        
2003f6ac  helloValue                     
2003f648  inQueue                        
00000dcd  initKernel                     
0000125d  initQueue                      
000002c5  k_bind                         
0000027d  k_getPID                       
0000028b  k_nice                         
000004c1  k_recv                         
000003ad  k_send                         
00000209  k_terminate                    
00000341  k_unbind                       
00000c8d  lowest                         
00000da1  main                           
2003f6b0  main_func_sp                   
000007a5  malloc                         
2003f000  mboxList                       
000009d9  memalign                       
000012cf  memcpy                         
000013f9  memset                         
00000725  minit                          
2003f64c  msgList                        
0000056d  nextProcess                    
00000d63  nice                           
2003f650  outQueue                       
00000e51  pendSVHandler                  
00000cd3  pkCall                         
0000110d  print                          
00001135  printChar                      
2003f654  priorityLevel                  
000006ad  processSwitch                  
000008cf  realloc                        
00000d1d  recv                           
00000e7d  regProcess                     
2003f658  registersSaved                 
000005a7  removePCB                      
0000158f  restore_registers              
2003f664  running                        
00001581  save_registers                 
00000cf3  send                           
00001545  set_LR                         
00001573  set_MSP                        
00001565  set_PSP                        
2003f698  tenthSecondsAlarm              
2003f65c  tenthSecondsCounter            
00000cb7  terminate                      
2003f660  time                           
00001151  transmitByte                   
00000d55  unbind                         


GLOBAL SYMBOLS: SORTED BY Symbol Address 

address   name                           
-------   ----                           
00000000  __TI_static_base__             
00000000  g_pfnVectors                   
00000209  k_terminate                    
0000027d  k_getPID                       
0000028b  k_nice                         
000002c5  k_bind                         
00000341  k_unbind                       
000003ad  k_send                         
000004c1  k_recv                         
0000056d  nextProcess                    
000005a7  removePCB                      
000005e1  addPCB                         
00000641  allocate                       
00000665  deallocate                     
0000067f  findNextProcess                
000006ad  processSwitch                  
00000725  minit                          
000007a5  malloc                         
00000800  __STACK_SIZE                   
0000080f  free                           
000008cf  realloc                        
000009d9  memalign                       
00000ac5  calloc                         
00000af5  UARTReceive                    
00000c45  check                          
00000c47  check2                         
00000c49  goodbye                        
00000c8d  lowest                         
00000cb7  terminate                      
00000cc7  assignR7                       
00000cd3  pkCall                         
00000cf3  send                           
00000d1d  recv                           
00000d47  bind                           
00000d55  unbind                         
00000d63  nice                           
00000da1  main                           
00000dcd  initKernel                     
00000e51  pendSVHandler                  
00000e7d  regProcess                     
00000ef3  SVCall                         
00000f2d  SVCHandler                     
00001039  UART0_Init                     
00001097  InterruptEnable                
000010bf  UART0_IntEnable                
000010d3  UART0_IntHandler               
00001109  InterruptMasterEnable          
0000110d  print                          
00001135  printChar                      
00001151  transmitByte                   
000011b9  enqueue                        
000011f7  dequeue                        
00001233  backspace                      
0000125d  initQueue                      
00001273  clearQueue                     
000012b7  getSize                        
000012cf  __aeabi_memcpy                 
000012cf  __aeabi_memcpy4                
000012cf  __aeabi_memcpy8                
000012cf  memcpy                         
0000136b  __aeabi_idiv0                  
0000136d  SysTickStart                   
00001379  SysTickStop                    
00001385  SysTickPeriod                  
00001397  SysTickIntEnable               
000013a3  SysTickIntDisable              
000013af  IntMasterEnable                
000013b3  SysTickHandler                 
000013f1  __aeabi_memclr                 
000013f1  __aeabi_memclr4                
000013f1  __aeabi_memclr8                
000013f3  __aeabi_memset                 
000013f3  __aeabi_memset4                
000013f3  __aeabi_memset8                
000013f9  memset                         
0000146b  __mpu_init                     
0000146d  __TI_auto_init                 
000014dd  __TI_decompress_lzss           
00001545  set_LR                         
00001551  get_PSP                        
0000155b  get_MSP                        
00001565  set_PSP                        
00001573  set_MSP                        
00001581  save_registers                 
0000158f  restore_registers              
0000159d  get_SP                         
000015a5  __aeabi_idiv                   
000015a5  __aeabi_idivmod                
00001603  _system_post_cinit             
00001605  _c_int00                       
00001659  C$$EXIT                        
0000165d  abort                          
00001665  exit                           
000016ad  copy_in                        
000016f9  _args_main                     
00001711  _register_unlock               
00001717  _register_lock                 
0000171f  _nop                           
00001725  __TI_decompress_none           
00001733  __TI_zero_init                 
0000173f  ResetISR                       
0000174b  _system_pre_init               
00001794  __TI_Handler_Table_Base        
000017a0  __TI_Handler_Table_Limit       
000017a8  __TI_CINIT_Base                
000017b8  __TI_CINIT_Limit               
0003e800  __SYSMEM_SIZE                  
20000000  _sys_memory                    
2003e800  __stack                        
2003ea00  __STACK_TOP                    
2003f000  __STACK_END                    
2003f000  mboxList                       
2003f640  commandQueue                   
2003f644  date                           
2003f648  inQueue                        
2003f64c  msgList                        
2003f650  outQueue                       
2003f654  priorityLevel                  
2003f658  registersSaved                 
2003f65c  tenthSecondsCounter            
2003f660  time                           
2003f664  running                        
2003f67c  __TI_cleanup_ptr               
2003f680  __TI_dtors_ptr                 
2003f684  __TI_enable_exit_profile_output
2003f694  alarmPtr                       
2003f698  tenthSecondsAlarm              
2003f69c  count                          
2003f6a0  _lock                          
2003f6a4  _unlock                        
2003f6ac  helloValue                     
2003f6b0  main_func_sp                   
ffffffff  __TI_pprof_out_hndl            
ffffffff  __TI_prof_data_size            
ffffffff  __TI_prof_data_start           
ffffffff  __binit__                      
ffffffff  __c_args__                     
ffffffff  binit                          
UNDEFED   SHT$$INIT_ARRAY$$Base          
UNDEFED   SHT$$INIT_ARRAY$$Limit         

[140 symbols]
