******************************************************************************
                  TI ARM Linker PC v16.9.6                     
******************************************************************************
>> Linked Sun Nov 03 18:47:48 2019

OUTPUT FILE NAME:   <Kernel.out>
ENTRY POINT SYMBOL: "_c_int00"  address: 00000f09


MEMORY CONFIGURATION

         name            origin    length      used     unused   attr    fill
----------------------  --------  ---------  --------  --------  ----  --------
  FLASH                 00000000   00100000  0000109a  000fef66  R  X
  SRAM                  20000000   00040000  0003f060  00000fa0  RW X


SEGMENT ALLOCATION MAP

run origin  load origin   length   init length attrs members
----------  ----------- ---------- ----------- ----- -------
00000000    00000000    000010a0   000010a0    r-x
  00000000    00000000    00000208   00000208    r-- .intvecs
  00000208    00000208    00000e4a   00000e4a    r-x .text
  00001058    00001058    00000048   00000048    r-- .cinit
20000000    20000000    0003f060   00000000    rw-
  20000000    20000000    0003e800   00000000    rw- .sysmem
  2003e800    2003e800    00000800   00000000    rw- .stack
  2003f000    2003f000    00000050   00000000    rw- .data
  2003f050    2003f050    00000010   00000000    rw- .bss


SECTION ALLOCATION MAP

 output                                  attributes/
section   page    origin      length       input sections
--------  ----  ----------  ----------   ----------------
.intvecs   0    00000000    00000208     
                  00000000    00000208     tm4c1294ncpdt_startup_ccs.obj (.intvecs)

.text      0    00000208    00000e4a     
                  00000208    000003d0     rtsv7M4_T_le_v4SPD16_eabi.lib : memory.obj (.text)
                  000005d8    000002c4     SVC.obj (.text)
                  0000089c    00000180     UART.obj (.text)
                  00000a1c    00000116     cqueue.obj (.text)
                  00000b32    00000002     rtsv7M4_T_le_v4SPD16_eabi.lib : i_div0.obj (.text)
                  00000b34    000000a0     applications.obj (.text)
                  00000bd4    0000009c     rtsv7M4_T_le_v4SPD16_eabi.lib : memcpy_t2.obj (.text)
                  00000c70    00000084     SysTick.obj (.text)
                  00000cf4    0000007a     rtsv7M4_T_le_v4SPD16_eabi.lib : memset_t2.obj (.text)
                  00000d6e    00000002                                   : mpu_init.obj (.text)
                  00000d70    00000070                                   : autoinit.obj (.text)
                  00000de0    00000068                                   : copy_decompress_lzss.obj (.text:decompress:lzss)
                  00000e48    00000060     Process.obj (.text)
                  00000ea8    0000005e     rtsv7M4_T_le_v4SPD16_eabi.lib : i_divt2.obj (.text)
                  00000f06    00000002                                   : startup.obj (.text)
                  00000f08    00000054                                   : boot.obj (.text)
                  00000f5c    00000054                                   : exit.obj (.text)
                  00000fb0    0000004c                                   : cpy_tbl.obj (.text)
                  00000ffc    00000018                                   : args_main.obj (.text)
                  00001014    00000014                                   : _lock.obj (.text)
                  00001028    0000000e                                   : copy_decompress_none.obj (.text:decompress:none)
                  00001036    0000000c                                   : copy_zero_init.obj (.text:decompress:ZI)
                  00001042    0000000c     tm4c1294ncpdt_startup_ccs.obj (.text)
                  0000104e    00000004     rtsv7M4_T_le_v4SPD16_eabi.lib : pre_init.obj (.text)

.cinit     0    00001058    00000048     
                  00001058    00000023     (.cinit..data.load) [load image, compression = lzss]
                  0000107b    00000001     --HOLE-- [fill = 0]
                  0000107c    0000000c     (__TI_handler_table)
                  00001088    00000008     (.cinit..bss.load) [load image, compression = zero_init]
                  00001090    00000010     (__TI_cinit_table)

.init_array 
*          0    00000000    00000000     UNINITIALIZED

.sysmem    0    20000000    0003e800     UNINITIALIZED
                  20000000    00000008     rtsv7M4_T_le_v4SPD16_eabi.lib : memory.obj (.sysmem)
                  20000008    0003e7f8     --HOLE--

.stack     0    2003e800    00000800     UNINITIALIZED
                  2003e800    00000800     --HOLE--

.data      0    2003f000    00000050     UNINITIALIZED
                  2003f000    00000018     SVC.obj (.data:running)
                  2003f018    0000000c     rtsv7M4_T_le_v4SPD16_eabi.lib : exit.obj (.data:$O1$$)
                  2003f024    0000000c                                   : memory.obj (.data:$O1$$)
                  2003f030    0000000c     SysTick.obj (.data)
                  2003f03c    00000008     rtsv7M4_T_le_v4SPD16_eabi.lib : _lock.obj (.data:$O1$$)
                  2003f044    00000004     SVC.obj (.data)
                  2003f048    00000004     applications.obj (.data)
                  2003f04c    00000004     rtsv7M4_T_le_v4SPD16_eabi.lib : stkdepth_vars.obj (.data)

.bss       0    2003f050    00000010     UNINITIALIZED
                  2003f050    00000004     (.common:inQueue)
                  2003f054    00000004     (.common:outQueue)
                  2003f058    00000004     (.common:priorityLevel)
                  2003f05c    00000004     (.common:tenthSecondsCounter)

MODULE SUMMARY

       Module                          code   ro data   rw data
       ------                          ----   -------   -------
    .\
       SVC.obj                         708    0         32     
       tm4c1294ncpdt_startup_ccs.obj   12     520       0      
       UART.obj                        384    0         8      
       cqueue.obj                      278    0         0      
       applications.obj                160    0         4      
       SysTick.obj                     132    0         16     
       Process.obj                     96     0         0      
    +--+-------------------------------+------+---------+---------+
       Total:                          1770   520       60     
                                                               
    C:\ti\ccsv7\tools\compiler\ti-cgt-arm_16.9.6.LTS\lib\rtsv7M4_T_le_v4SPD16_eabi.lib
       memory.obj                      976    0         12     
       memcpy_t2.obj                   156    0         0      
       memset_t2.obj                   122    0         0      
       autoinit.obj                    112    0         0      
       copy_decompress_lzss.obj        104    0         0      
       exit.obj                        84     0         12     
       i_divt2.obj                     94     0         0      
       boot.obj                        84     0         0      
       cpy_tbl.obj                     76     0         0      
       _lock.obj                       20     0         8      
       args_main.obj                   24     0         0      
       copy_decompress_none.obj        14     0         0      
       copy_zero_init.obj              12     0         0      
       pre_init.obj                    4      0         0      
       stkdepth_vars.obj               0      0         4      
       i_div0.obj                      2      0         0      
       mpu_init.obj                    2      0         0      
       startup.obj                     2      0         0      
    +--+-------------------------------+------+---------+---------+
       Total:                          1888   0         36     
                                                               
       Heap:                           0      0         256000 
       Stack:                          0      0         2048   
       Linker Generated:               0      71        0      
    +--+-------------------------------+------+---------+---------+
       Grand Total:                    3658   591       258144 


LINKER GENERATED COPY TABLES

__TI_cinit_table @ 00001090 records: 2, size/record: 8, table size: 16
	.data: load addr=00001058, load size=00000023 bytes, run addr=2003f000, run size=00000050 bytes, compression=lzss
	.bss: load addr=00001088, load size=00000008 bytes, run addr=2003f050, run size=00000010 bytes, compression=zero_init


LINKER GENERATED HANDLER TABLE

__TI_handler_table @ 0000107c records: 3, size/record: 4, table size: 12
	index: 0, handler: __TI_decompress_lzss
	index: 1, handler: __TI_decompress_none
	index: 2, handler: __TI_zero_init


GLOBAL SYMBOLS: SORTED ALPHABETICALLY BY Name 

address   name                           
-------   ----                           
00000f5d  C$$EXIT                        
00000cb3  IntMasterEnable                
000008fb  InterruptEnable                
0000096d  InterruptMasterEnable          
00001043  ResetISR                       
UNDEFED   SHT$$INIT_ARRAY$$Base          
UNDEFED   SHT$$INIT_ARRAY$$Limit         
000007d9  SVCHandler                     
00000797  SVCall                         
00000cb7  SysTickHandler                 
00000ca7  SysTickIntDisable              
00000c9b  SysTickIntEnable               
00000c89  SysTickPeriod                  
00000c71  SysTickStart                   
00000c7d  SysTickStop                    
0000089d  UART0_Init                     
00000923  UART0_IntEnable                
00000937  UART0_IntHandler               
2003f000  __STACK_END                    
00000800  __STACK_SIZE                   
2003ea00  __STACK_TOP                    
0003e800  __SYSMEM_SIZE                  
00001090  __TI_CINIT_Base                
000010a0  __TI_CINIT_Limit               
0000107c  __TI_Handler_Table_Base        
00001088  __TI_Handler_Table_Limit       
00000d71  __TI_auto_init                 
2003f018  __TI_cleanup_ptr               
00000de1  __TI_decompress_lzss           
00001029  __TI_decompress_none           
2003f01c  __TI_dtors_ptr                 
2003f020  __TI_enable_exit_profile_output
ffffffff  __TI_pprof_out_hndl            
ffffffff  __TI_prof_data_size            
ffffffff  __TI_prof_data_start           
00000000  __TI_static_base__             
00001037  __TI_zero_init                 
00000ea9  __aeabi_idiv                   
00000b33  __aeabi_idiv0                  
00000ea9  __aeabi_idivmod                
00000cf5  __aeabi_memclr                 
00000cf5  __aeabi_memclr4                
00000cf5  __aeabi_memclr8                
00000bd5  __aeabi_memcpy                 
00000bd5  __aeabi_memcpy4                
00000bd5  __aeabi_memcpy8                
00000cf7  __aeabi_memset                 
00000cf7  __aeabi_memset4                
00000cf7  __aeabi_memset8                
ffffffff  __binit__                      
ffffffff  __c_args__                     
00000d6f  __mpu_init                     
2003e800  __stack                        
00000ffd  _args_main                     
00000f09  _c_int00                       
2003f03c  _lock                          
00001023  _nop                           
0000101b  _register_lock                 
00001015  _register_unlock               
20000000  _sys_memory                    
00000f07  _system_post_cinit             
0000104f  _system_pre_init               
2003f040  _unlock                        
00000f61  abort                          
000006ff  addPCB                         
0000078b  addProcess                     
2003f030  alarmPtr                       
00000a97  backspace                      
ffffffff  binit                          
000005a9  calloc                         
00000ad7  clearQueue                     
00000fb1  copy_in                        
2003f038  count                          
00000a5b  dequeue                        
00000a1d  enqueue                        
00000f69  exit                           
0000075d  findNextProcess                
000002f3  free                           
00000000  g_pfnVectors                   
00000b1b  getSize                        
00000e5f  get_MSP                        
00000e55  get_PSP                        
00000ea1  get_SP                         
00000b65  goodbye                        
00000b35  hello                          
2003f048  helloValue                     
2003f050  inQueue                        
000006cb  initKernel                     
00000ac1  initQueue                      
00000655  k_terminate                    
00000b97  lowest                         
000005d9  main                           
2003f04c  main_func_sp                   
00000289  malloc                         
000004bd  memalign                       
00000bd5  memcpy                         
00000cfd  memset                         
00000209  minit                          
00000839  nextProcess                    
2003f054  outQueue                       
00000829  pendSVHandler                  
00000971  print                          
00000999  printChar                      
2003f058  priorityLevel                  
000003b3  realloc                        
00000605  regProcess                     
00000695  removePCB                      
00000e93  restore_registers              
2003f000  running                        
00000e85  save_registers                 
00000e49  set_LR                         
00000e77  set_MSP                        
00000e69  set_PSP                        
2003f034  tenthSecondsAlarm              
2003f05c  tenthSecondsCounter            
00000bc1  terminate                      
000009b5  transmitByte                   


GLOBAL SYMBOLS: SORTED BY Symbol Address 

address   name                           
-------   ----                           
00000000  __TI_static_base__             
00000000  g_pfnVectors                   
00000209  minit                          
00000289  malloc                         
000002f3  free                           
000003b3  realloc                        
000004bd  memalign                       
000005a9  calloc                         
000005d9  main                           
00000605  regProcess                     
00000655  k_terminate                    
00000695  removePCB                      
000006cb  initKernel                     
000006ff  addPCB                         
0000075d  findNextProcess                
0000078b  addProcess                     
00000797  SVCall                         
000007d9  SVCHandler                     
00000800  __STACK_SIZE                   
00000829  pendSVHandler                  
00000839  nextProcess                    
0000089d  UART0_Init                     
000008fb  InterruptEnable                
00000923  UART0_IntEnable                
00000937  UART0_IntHandler               
0000096d  InterruptMasterEnable          
00000971  print                          
00000999  printChar                      
000009b5  transmitByte                   
00000a1d  enqueue                        
00000a5b  dequeue                        
00000a97  backspace                      
00000ac1  initQueue                      
00000ad7  clearQueue                     
00000b1b  getSize                        
00000b33  __aeabi_idiv0                  
00000b35  hello                          
00000b65  goodbye                        
00000b97  lowest                         
00000bc1  terminate                      
00000bd5  __aeabi_memcpy                 
00000bd5  __aeabi_memcpy4                
00000bd5  __aeabi_memcpy8                
00000bd5  memcpy                         
00000c71  SysTickStart                   
00000c7d  SysTickStop                    
00000c89  SysTickPeriod                  
00000c9b  SysTickIntEnable               
00000ca7  SysTickIntDisable              
00000cb3  IntMasterEnable                
00000cb7  SysTickHandler                 
00000cf5  __aeabi_memclr                 
00000cf5  __aeabi_memclr4                
00000cf5  __aeabi_memclr8                
00000cf7  __aeabi_memset                 
00000cf7  __aeabi_memset4                
00000cf7  __aeabi_memset8                
00000cfd  memset                         
00000d6f  __mpu_init                     
00000d71  __TI_auto_init                 
00000de1  __TI_decompress_lzss           
00000e49  set_LR                         
00000e55  get_PSP                        
00000e5f  get_MSP                        
00000e69  set_PSP                        
00000e77  set_MSP                        
00000e85  save_registers                 
00000e93  restore_registers              
00000ea1  get_SP                         
00000ea9  __aeabi_idiv                   
00000ea9  __aeabi_idivmod                
00000f07  _system_post_cinit             
00000f09  _c_int00                       
00000f5d  C$$EXIT                        
00000f61  abort                          
00000f69  exit                           
00000fb1  copy_in                        
00000ffd  _args_main                     
00001015  _register_unlock               
0000101b  _register_lock                 
00001023  _nop                           
00001029  __TI_decompress_none           
00001037  __TI_zero_init                 
00001043  ResetISR                       
0000104f  _system_pre_init               
0000107c  __TI_Handler_Table_Base        
00001088  __TI_Handler_Table_Limit       
00001090  __TI_CINIT_Base                
000010a0  __TI_CINIT_Limit               
0003e800  __SYSMEM_SIZE                  
20000000  _sys_memory                    
2003e800  __stack                        
2003ea00  __STACK_TOP                    
2003f000  __STACK_END                    
2003f000  running                        
2003f018  __TI_cleanup_ptr               
2003f01c  __TI_dtors_ptr                 
2003f020  __TI_enable_exit_profile_output
2003f030  alarmPtr                       
2003f034  tenthSecondsAlarm              
2003f038  count                          
2003f03c  _lock                          
2003f040  _unlock                        
2003f048  helloValue                     
2003f04c  main_func_sp                   
2003f050  inQueue                        
2003f054  outQueue                       
2003f058  priorityLevel                  
2003f05c  tenthSecondsCounter            
ffffffff  __TI_pprof_out_hndl            
ffffffff  __TI_prof_data_size            
ffffffff  __TI_prof_data_start           
ffffffff  __binit__                      
ffffffff  __c_args__                     
ffffffff  binit                          
UNDEFED   SHT$$INIT_ARRAY$$Base          
UNDEFED   SHT$$INIT_ARRAY$$Limit         

[117 symbols]
