******************************************************************************
                  TI ARM Linker PC v16.9.6                     
******************************************************************************
>> Linked Fri Nov 22 16:31:31 2019

OUTPUT FILE NAME:   <Kernel.out>
ENTRY POINT SYMBOL: "_c_int00"  address: 000016cd


MEMORY CONFIGURATION

         name            origin    length      used     unused   attr    fill
----------------------  --------  ---------  --------  --------  ----  --------
  FLASH                 00000000   00100000  000018a2  000fe75e  R  X
  SRAM                  20000000   00040000  0003f6b4  0000094c  RW X


SEGMENT ALLOCATION MAP

run origin  load origin   length   init length attrs members
----------  ----------- ---------- ----------- ----- -------
00000000    00000000    000018a8   000018a8    r-x
  00000000    00000000    00000208   00000208    r-- .intvecs
  00000208    00000208    0000160e   0000160e    r-x .text
  00001818    00001818    00000044   00000044    r-- .const
  00001860    00001860    00000048   00000048    r-- .cinit
20000000    20000000    0003f6b4   00000000    rw-
  20000000    20000000    0003e800   00000000    rw- .sysmem
  2003e800    2003e800    00000800   00000000    rw- .stack
  2003f000    2003f000    00000664   00000000    rw- .bss
  2003f664    2003f664    00000050   00000000    rw- .data


SECTION ALLOCATION MAP

 output                                  attributes/
section   page    origin      length       input sections
--------  ----  ----------  ----------   ----------------
.intvecs   0    00000000    00000208     
                  00000000    00000208     tm4c1294ncpdt_startup_ccs.obj (.intvecs)

.text      0    00000208    0000160e     
                  00000208    000005b4     functions.obj (.text)
                  000007bc    000003d0     rtsv7M4_T_le_v4SPD16_eabi.lib : memory.obj (.text)
                  00000b8c    000002c0     applications.obj (.text)
                  00000e4c    000002b4     SVC.obj (.text)
                  00001100    00000180     UART.obj (.text)
                  00001280    00000116     cqueue.obj (.text)
                  00001396    0000009c     rtsv7M4_T_le_v4SPD16_eabi.lib : memcpy_t2.obj (.text)
                  00001432    00000002                                   : i_div0.obj (.text)
                  00001434    00000084     SysTick.obj (.text)
                  000014b8    0000007a     rtsv7M4_T_le_v4SPD16_eabi.lib : memset_t2.obj (.text)
                  00001532    00000002                                   : mpu_init.obj (.text)
                  00001534    00000070                                   : autoinit.obj (.text)
                  000015a4    00000068                                   : copy_decompress_lzss.obj (.text:decompress:lzss)
                  0000160c    00000060     Process.obj (.text)
                  0000166c    0000005e     rtsv7M4_T_le_v4SPD16_eabi.lib : i_divt2.obj (.text)
                  000016ca    00000002                                   : startup.obj (.text)
                  000016cc    00000054                                   : boot.obj (.text)
                  00001720    00000054                                   : exit.obj (.text)
                  00001774    0000004c                                   : cpy_tbl.obj (.text)
                  000017c0    00000018                                   : args_main.obj (.text)
                  000017d8    00000014                                   : _lock.obj (.text)
                  000017ec    0000000e                                   : copy_decompress_none.obj (.text:decompress:none)
                  000017fa    0000000c                                   : copy_zero_init.obj (.text:decompress:ZI)
                  00001806    0000000c     tm4c1294ncpdt_startup_ccs.obj (.text)
                  00001812    00000004     rtsv7M4_T_le_v4SPD16_eabi.lib : pre_init.obj (.text)

.const     0    00001818    00000044     
                  00001818    00000028     applications.obj (.const:.string:$P$T2$3)
                  00001840    00000010     applications.obj (.const:$P$T0$1)
                  00001850    0000000c     applications.obj (.const:$P$T1$2)

.cinit     0    00001860    00000048     
                  00001860    00000023     (.cinit..data.load) [load image, compression = lzss]
                  00001883    00000001     --HOLE-- [fill = 0]
                  00001884    0000000c     (__TI_handler_table)
                  00001890    00000008     (.cinit..bss.load) [load image, compression = zero_init]
                  00001898    00000010     (__TI_cinit_table)

.init_array 
*          0    00000000    00000000     UNINITIALIZED

.sysmem    0    20000000    0003e800     UNINITIALIZED
                  20000000    00000008     rtsv7M4_T_le_v4SPD16_eabi.lib : memory.obj (.sysmem)
                  20000008    0003e7f8     --HOLE--

.stack     0    2003e800    00000800     UNINITIALIZED
                  2003e800    00000800     --HOLE--

.bss       0    2003f000    00000664     UNINITIALIZED
                  2003f000    00000640     (.common:mboxList)
                  2003f640    00000004     (.common:commandQueue)
                  2003f644    00000004     (.common:date)
                  2003f648    00000004     (.common:inQueue)
                  2003f64c    00000004     (.common:msgList)
                  2003f650    00000004     (.common:outQueue)
                  2003f654    00000004     (.common:priorityLevel)
                  2003f658    00000004     (.common:registersSaved)
                  2003f65c    00000004     (.common:tenthSecondsCounter)
                  2003f660    00000004     (.common:time)

.data      0    2003f664    00000050     UNINITIALIZED
                  2003f664    00000018     SVC.obj (.data:running)
                  2003f67c    0000000c     rtsv7M4_T_le_v4SPD16_eabi.lib : exit.obj (.data:$O1$$)
                  2003f688    0000000c                                   : memory.obj (.data:$O1$$)
                  2003f694    0000000c     SysTick.obj (.data)
                  2003f6a0    00000008     rtsv7M4_T_le_v4SPD16_eabi.lib : _lock.obj (.data:$O1$$)
                  2003f6a8    00000004     SVC.obj (.data)
                  2003f6ac    00000004     applications.obj (.data)
                  2003f6b0    00000004     rtsv7M4_T_le_v4SPD16_eabi.lib : stkdepth_vars.obj (.data)

MODULE SUMMARY

       Module                          code   ro data   rw data
       ------                          ----   -------   -------
    .\
       SVC.obj                         692    0         1640   
       functions.obj                   1460   0         0      
       applications.obj                704    68        4      
       tm4c1294ncpdt_startup_ccs.obj   12     520       0      
       UART.obj                        384    0         8      
       cqueue.obj                      278    0         0      
       SysTick.obj                     132    0         16     
       Process.obj                     96     0         0      
       time.obj                        0      0         12     
    +--+-------------------------------+------+---------+---------+
       Total:                          3758   588       1680   
                                                               
    C:\ti\ccsv7\tools\compiler\ti-cgt-arm_16.9.6.LTS\lib\rtsv7M4_T_le_v4SPD16_eabi.lib
       memory.obj                      976    0         12     
       memcpy_t2.obj                   156    0         0      
       memset_t2.obj                   122    0         0      
       autoinit.obj                    112    0         0      
       copy_decompress_lzss.obj        104    0         0      
       exit.obj                        84     0         12     
       i_divt2.obj                     94     0         0      
       boot.obj                        84     0         0      
       cpy_tbl.obj                     76     0         0      
       _lock.obj                       20     0         8      
       args_main.obj                   24     0         0      
       copy_decompress_none.obj        14     0         0      
       copy_zero_init.obj              12     0         0      
       pre_init.obj                    4      0         0      
       stkdepth_vars.obj               0      0         4      
       i_div0.obj                      2      0         0      
       mpu_init.obj                    2      0         0      
       startup.obj                     2      0         0      
    +--+-------------------------------+------+---------+---------+
       Total:                          1888   0         36     
                                                               
       Heap:                           0      0         256000 
       Stack:                          0      0         2048   
       Linker Generated:               0      71        0      
    +--+-------------------------------+------+---------+---------+
       Grand Total:                    5646   659       259764 


LINKER GENERATED COPY TABLES

__TI_cinit_table @ 00001898 records: 2, size/record: 8, table size: 16
	.data: load addr=00001860, load size=00000023 bytes, run addr=2003f664, run size=00000050 bytes, compression=lzss
	.bss: load addr=00001890, load size=00000008 bytes, run addr=2003f000, run size=00000664 bytes, compression=zero_init


LINKER GENERATED HANDLER TABLE

__TI_handler_table @ 00001884 records: 3, size/record: 4, table size: 12
	index: 0, handler: __TI_decompress_lzss
	index: 1, handler: __TI_decompress_none
	index: 2, handler: __TI_zero_init


GLOBAL SYMBOLS: SORTED ALPHABETICALLY BY Name 

address   name                           
-------   ----                           
00001721  C$$EXIT                        
00001477  IntMasterEnable                
0000115f  InterruptEnable                
000011d1  InterruptMasterEnable          
00001807  ResetISR                       
UNDEFED   SHT$$INIT_ARRAY$$Base          
UNDEFED   SHT$$INIT_ARRAY$$Limit         
00000fd9  SVCHandler                     
00000f9f  SVCall                         
0000147b  SysTickHandler                 
0000146b  SysTickIntDisable              
0000145f  SysTickIntEnable               
0000144d  SysTickPeriod                  
00001435  SysTickStart                   
00001441  SysTickStop                    
00001101  UART0_Init                     
00001187  UART0_IntEnable                
0000119b  UART0_IntHandler               
00000b8d  UARTReceive                    
2003f000  __STACK_END                    
00000800  __STACK_SIZE                   
2003ea00  __STACK_TOP                    
0003e800  __SYSMEM_SIZE                  
00001898  __TI_CINIT_Base                
000018a8  __TI_CINIT_Limit               
00001884  __TI_Handler_Table_Base        
00001890  __TI_Handler_Table_Limit       
00001535  __TI_auto_init                 
2003f67c  __TI_cleanup_ptr               
000015a5  __TI_decompress_lzss           
000017ed  __TI_decompress_none           
2003f680  __TI_dtors_ptr                 
2003f684  __TI_enable_exit_profile_output
ffffffff  __TI_pprof_out_hndl            
ffffffff  __TI_prof_data_size            
ffffffff  __TI_prof_data_start           
00000000  __TI_static_base__             
000017fb  __TI_zero_init                 
0000166d  __aeabi_idiv                   
00001433  __aeabi_idiv0                  
0000166d  __aeabi_idivmod                
000014b9  __aeabi_memclr                 
000014b9  __aeabi_memclr4                
000014b9  __aeabi_memclr8                
00001397  __aeabi_memcpy                 
00001397  __aeabi_memcpy4                
00001397  __aeabi_memcpy8                
000014bb  __aeabi_memset                 
000014bb  __aeabi_memset4                
000014bb  __aeabi_memset8                
ffffffff  __binit__                      
ffffffff  __c_args__                     
00001533  __mpu_init                     
2003e800  __stack                        
000017c1  _args_main                     
000016cd  _c_int00                       
2003f6a0  _lock                          
000017e7  _nop                           
000017df  _register_lock                 
000017d9  _register_unlock               
20000000  _sys_memory                    
000016cb  _system_post_cinit             
00001813  _system_pre_init               
2003f6a4  _unlock                        
00001725  abort                          
0000067d  addPCB                         
2003f694  alarmPtr                       
000006d9  allocate                       
00000d63  assignR7                       
000012fb  backspace                      
00000de3  bind                           
ffffffff  binit                          
00000b5d  calloc                         
00000ce1  check                          
00000ce3  check2                         
0000133b  clearQueue                     
2003f640  commandQueue                   
00001775  copy_in                        
2003f69c  count                          
2003f644  date                           
000006fd  deallocate                     
000012bf  dequeue                        
00001281  enqueue                        
0000172d  exit                           
00000717  findNextProcess                
000008a7  free                           
00000000  g_pfnVectors                   
0000137f  getSize                        
00001623  get_MSP                        
00001619  get_PSP                        
00001665  get_SP                         
00000ce5  goodbye                        
2003f6ac  helloValue                     
2003f648  inQueue                        
00000e79  initKernel                     
00001325  initQueue                      
00000329  k_bind                         
0000027d  k_getPID                       
0000028d  k_nice                         
0000028b  k_print                        
00000519  k_recv                         
00000411  k_send                         
00000209  k_terminate                    
000003a5  k_unbind                       
00000d29  lowest                         
00000e4d  main                           
2003f6b0  main_func_sp                   
0000083d  malloc                         
2003f000  mboxList                       
00000a71  memalign                       
00001397  memcpy                         
000014c1  memset                         
000007bd  minit                          
2003f64c  msgList                        
00000603  nextProcess                    
00000dff  nice                           
2003f650  outQueue                       
00000efd  pendSVHandler                  
00000d6f  pkCall                         
000011d5  print                          
000011fd  printChar                      
00000e0d  printRequest                   
2003f654  priorityLevel                  
00000745  processSwitch                  
00000967  realloc                        
00000db9  recv                           
00000f29  regProcess                     
2003f658  registersSaved                 
0000063d  removePCB                      
00001657  restore_registers              
2003f664  running                        
00001649  save_registers                 
00000d8f  send                           
0000160d  set_LR                         
0000163b  set_MSP                        
0000162d  set_PSP                        
2003f698  tenthSecondsAlarm              
2003f65c  tenthSecondsCounter            
00000d53  terminate                      
2003f660  time                           
00001219  transmitByte                   
00000df1  unbind                         


GLOBAL SYMBOLS: SORTED BY Symbol Address 

address   name                           
-------   ----                           
00000000  __TI_static_base__             
00000000  g_pfnVectors                   
00000209  k_terminate                    
0000027d  k_getPID                       
0000028b  k_print                        
0000028d  k_nice                         
00000329  k_bind                         
000003a5  k_unbind                       
00000411  k_send                         
00000519  k_recv                         
00000603  nextProcess                    
0000063d  removePCB                      
0000067d  addPCB                         
000006d9  allocate                       
000006fd  deallocate                     
00000717  findNextProcess                
00000745  processSwitch                  
000007bd  minit                          
00000800  __STACK_SIZE                   
0000083d  malloc                         
000008a7  free                           
00000967  realloc                        
00000a71  memalign                       
00000b5d  calloc                         
00000b8d  UARTReceive                    
00000ce1  check                          
00000ce3  check2                         
00000ce5  goodbye                        
00000d29  lowest                         
00000d53  terminate                      
00000d63  assignR7                       
00000d6f  pkCall                         
00000d8f  send                           
00000db9  recv                           
00000de3  bind                           
00000df1  unbind                         
00000dff  nice                           
00000e0d  printRequest                   
00000e4d  main                           
00000e79  initKernel                     
00000efd  pendSVHandler                  
00000f29  regProcess                     
00000f9f  SVCall                         
00000fd9  SVCHandler                     
00001101  UART0_Init                     
0000115f  InterruptEnable                
00001187  UART0_IntEnable                
0000119b  UART0_IntHandler               
000011d1  InterruptMasterEnable          
000011d5  print                          
000011fd  printChar                      
00001219  transmitByte                   
00001281  enqueue                        
000012bf  dequeue                        
000012fb  backspace                      
00001325  initQueue                      
0000133b  clearQueue                     
0000137f  getSize                        
00001397  __aeabi_memcpy                 
00001397  __aeabi_memcpy4                
00001397  __aeabi_memcpy8                
00001397  memcpy                         
00001433  __aeabi_idiv0                  
00001435  SysTickStart                   
00001441  SysTickStop                    
0000144d  SysTickPeriod                  
0000145f  SysTickIntEnable               
0000146b  SysTickIntDisable              
00001477  IntMasterEnable                
0000147b  SysTickHandler                 
000014b9  __aeabi_memclr                 
000014b9  __aeabi_memclr4                
000014b9  __aeabi_memclr8                
000014bb  __aeabi_memset                 
000014bb  __aeabi_memset4                
000014bb  __aeabi_memset8                
000014c1  memset                         
00001533  __mpu_init                     
00001535  __TI_auto_init                 
000015a5  __TI_decompress_lzss           
0000160d  set_LR                         
00001619  get_PSP                        
00001623  get_MSP                        
0000162d  set_PSP                        
0000163b  set_MSP                        
00001649  save_registers                 
00001657  restore_registers              
00001665  get_SP                         
0000166d  __aeabi_idiv                   
0000166d  __aeabi_idivmod                
000016cb  _system_post_cinit             
000016cd  _c_int00                       
00001721  C$$EXIT                        
00001725  abort                          
0000172d  exit                           
00001775  copy_in                        
000017c1  _args_main                     
000017d9  _register_unlock               
000017df  _register_lock                 
000017e7  _nop                           
000017ed  __TI_decompress_none           
000017fb  __TI_zero_init                 
00001807  ResetISR                       
00001813  _system_pre_init               
00001884  __TI_Handler_Table_Base        
00001890  __TI_Handler_Table_Limit       
00001898  __TI_CINIT_Base                
000018a8  __TI_CINIT_Limit               
0003e800  __SYSMEM_SIZE                  
20000000  _sys_memory                    
2003e800  __stack                        
2003ea00  __STACK_TOP                    
2003f000  __STACK_END                    
2003f000  mboxList                       
2003f640  commandQueue                   
2003f644  date                           
2003f648  inQueue                        
2003f64c  msgList                        
2003f650  outQueue                       
2003f654  priorityLevel                  
2003f658  registersSaved                 
2003f65c  tenthSecondsCounter            
2003f660  time                           
2003f664  running                        
2003f67c  __TI_cleanup_ptr               
2003f680  __TI_dtors_ptr                 
2003f684  __TI_enable_exit_profile_output
2003f694  alarmPtr                       
2003f698  tenthSecondsAlarm              
2003f69c  count                          
2003f6a0  _lock                          
2003f6a4  _unlock                        
2003f6ac  helloValue                     
2003f6b0  main_func_sp                   
ffffffff  __TI_pprof_out_hndl            
ffffffff  __TI_prof_data_size            
ffffffff  __TI_prof_data_start           
ffffffff  __binit__                      
ffffffff  __c_args__                     
ffffffff  binit                          
UNDEFED   SHT$$INIT_ARRAY$$Base          
UNDEFED   SHT$$INIT_ARRAY$$Limit         

[142 symbols]
