******************************************************************************
                  TI ARM Linker PC v16.9.6                     
******************************************************************************
>> Linked Tue Oct 15 19:45:13 2019

OUTPUT FILE NAME:   <Kernel.out>
ENTRY POINT SYMBOL: "_c_int00"  address: 00000d21


MEMORY CONFIGURATION

         name            origin    length      used     unused   attr    fill
----------------------  --------  ---------  --------  --------  ----  --------
  FLASH                 00000000   00100000  00000eb6  000ff14a  R  X
  SRAM                  20000000   00040000  0003f05c  00000fa4  RW X


SEGMENT ALLOCATION MAP

run origin  load origin   length   init length attrs members
----------  ----------- ---------- ----------- ----- -------
00000000    00000000    00000eb8   00000eb8    r-x
  00000000    00000000    00000208   00000208    r-- .intvecs
  00000208    00000208    00000c66   00000c66    r-x .text
  00000e70    00000e70    00000048   00000048    r-- .cinit
20000000    20000000    0003f05c   00000000    rw-
  20000000    20000000    0003e800   00000000    rw- .sysmem
  2003e800    2003e800    00000800   00000000    rw- .stack
  2003f000    2003f000    00000038   00000000    rw- .data
  2003f038    2003f038    00000024   00000000    rw- .bss


SECTION ALLOCATION MAP

 output                                  attributes/
section   page    origin      length       input sections
--------  ----  ----------  ----------   ----------------
.intvecs   0    00000000    00000208     
                  00000000    00000208     tm4c1294ncpdt_startup_ccs.obj (.intvecs)

.text      0    00000208    00000c66     
                  00000208    000003d0     rtsv7M4_T_le_v4SPD16_eabi.lib : memory.obj (.text)
                  000005d8    00000198     SVC.obj (.text)
                  00000770    00000180     UART.obj (.text)
                  000008f0    00000116     cqueue.obj (.text)
                  00000a06    0000009c     rtsv7M4_T_le_v4SPD16_eabi.lib : memcpy_t2.obj (.text)
                  00000aa2    0000007a                                   : memset_t2.obj (.text)
                  00000b1c    00000078     SysTick.obj (.text)
                  00000b94    00000070     rtsv7M4_T_le_v4SPD16_eabi.lib : autoinit.obj (.text)
                  00000c04    00000068                                   : copy_decompress_lzss.obj (.text:decompress:lzss)
                  00000c6c    0000005e                                   : i_divt2.obj (.text)
                  00000cca    00000054     Process.obj (.text)
                  00000d1e    00000002     rtsv7M4_T_le_v4SPD16_eabi.lib : i_div0.obj (.text)
                  00000d20    00000054                                   : boot.obj (.text)
                  00000d74    00000054                                   : exit.obj (.text)
                  00000dc8    0000004c                                   : cpy_tbl.obj (.text)
                  00000e14    00000018                                   : args_main.obj (.text)
                  00000e2c    00000014                                   : _lock.obj (.text)
                  00000e40    0000000e                                   : copy_decompress_none.obj (.text:decompress:none)
                  00000e4e    0000000c                                   : copy_zero_init.obj (.text:decompress:ZI)
                  00000e5a    0000000c     tm4c1294ncpdt_startup_ccs.obj (.text)
                  00000e66    00000004     rtsv7M4_T_le_v4SPD16_eabi.lib : pre_init.obj (.text)
                  00000e6a    00000002                                   : mpu_init.obj (.text)
                  00000e6c    00000002                                   : startup.obj (.text)

.cinit     0    00000e70    00000048     
                  00000e70    00000022     (.cinit..data.load) [load image, compression = lzss]
                  00000e92    00000002     --HOLE-- [fill = 0]
                  00000e94    0000000c     (__TI_handler_table)
                  00000ea0    00000008     (.cinit..bss.load) [load image, compression = zero_init]
                  00000ea8    00000010     (__TI_cinit_table)

.init_array 
*          0    00000000    00000000     UNINITIALIZED

.sysmem    0    20000000    0003e800     UNINITIALIZED
                  20000000    00000008     rtsv7M4_T_le_v4SPD16_eabi.lib : memory.obj (.sysmem)
                  20000008    0003e7f8     --HOLE--

.stack     0    2003e800    00000800     UNINITIALIZED
                  2003e800    00000800     --HOLE--

.data      0    2003f000    00000038     UNINITIALIZED
                  2003f000    0000000c     rtsv7M4_T_le_v4SPD16_eabi.lib : exit.obj (.data:$O1$$)
                  2003f00c    0000000c                                   : memory.obj (.data:$O1$$)
                  2003f018    0000000c     SysTick.obj (.data)
                  2003f024    00000008     rtsv7M4_T_le_v4SPD16_eabi.lib : _lock.obj (.data:$O1$$)
                  2003f02c    00000008     SVC.obj (.data)
                  2003f034    00000004     rtsv7M4_T_le_v4SPD16_eabi.lib : stkdepth_vars.obj (.data)

.bss       0    2003f038    00000024     UNINITIALIZED
                  2003f038    00000014     (.common:running)
                  2003f04c    00000004     (.common:inQueue)
                  2003f050    00000004     (.common:outQueue)
                  2003f054    00000004     (.common:priorityLevel)
                  2003f058    00000004     (.common:tenthSecondsCounter)

MODULE SUMMARY

       Module                          code   ro data   rw data
       ------                          ----   -------   -------
    .\
       tm4c1294ncpdt_startup_ccs.obj   12     520       0      
       UART.obj                        384    0         8      
       cqueue.obj                      278    0         0      
       SysTick.obj                     120    0         16     
       Process.obj                     84     0         0      
    +--+-------------------------------+------+---------+---------+
       Total:                          878    520       24     
                                                               
    .\kernel\
       SVC.obj                         408    0         32     
    +--+-------------------------------+------+---------+---------+
       Total:                          408    0         32     
                                                               
    C:\ti\ccsv7\tools\compiler\ti-cgt-arm_16.9.6.LTS\lib\rtsv7M4_T_le_v4SPD16_eabi.lib
       memory.obj                      976    0         12     
       memcpy_t2.obj                   156    0         0      
       memset_t2.obj                   122    0         0      
       autoinit.obj                    112    0         0      
       copy_decompress_lzss.obj        104    0         0      
       exit.obj                        84     0         12     
       i_divt2.obj                     94     0         0      
       boot.obj                        84     0         0      
       cpy_tbl.obj                     76     0         0      
       _lock.obj                       20     0         8      
       args_main.obj                   24     0         0      
       copy_decompress_none.obj        14     0         0      
       copy_zero_init.obj              12     0         0      
       pre_init.obj                    4      0         0      
       stkdepth_vars.obj               0      0         4      
       i_div0.obj                      2      0         0      
       mpu_init.obj                    2      0         0      
       startup.obj                     2      0         0      
    +--+-------------------------------+------+---------+---------+
       Total:                          1888   0         36     
                                                               
       Heap:                           0      0         256000 
       Stack:                          0      0         2048   
       Linker Generated:               0      70        0      
    +--+-------------------------------+------+---------+---------+
       Grand Total:                    3174   590       258140 


LINKER GENERATED COPY TABLES

__TI_cinit_table @ 00000ea8 records: 2, size/record: 8, table size: 16
	.data: load addr=00000e70, load size=00000022 bytes, run addr=2003f000, run size=00000038 bytes, compression=lzss
	.bss: load addr=00000ea0, load size=00000008 bytes, run addr=2003f038, run size=00000024 bytes, compression=zero_init


LINKER GENERATED HANDLER TABLE

__TI_handler_table @ 00000e94 records: 3, size/record: 4, table size: 12
	index: 0, handler: __TI_decompress_lzss
	index: 1, handler: __TI_decompress_none
	index: 2, handler: __TI_zero_init


GLOBAL SYMBOLS: SORTED ALPHABETICALLY BY Name 

address   name                           
-------   ----                           
00000d75  C$$EXIT                        
00000b5f  IntMasterEnable                
000007cf  InterruptEnable                
00000841  InterruptMasterEnable          
00000e5b  ResetISR                       
UNDEFED   SHT$$INIT_ARRAY$$Base          
UNDEFED   SHT$$INIT_ARRAY$$Limit         
00000717  SVCHandler                     
000006dd  SVCall                         
00000b63  SysTickHandler                 
00000b53  SysTickIntDisable              
00000b47  SysTickIntEnable               
00000b35  SysTickPeriod                  
00000b1d  SysTickStart                   
00000b29  SysTickStop                    
00000771  UART0_Init                     
000007f7  UART0_IntEnable                
0000080b  UART0_IntHandler               
2003f000  __STACK_END                    
00000800  __STACK_SIZE                   
2003ea00  __STACK_TOP                    
0003e800  __SYSMEM_SIZE                  
00000ea8  __TI_CINIT_Base                
00000eb8  __TI_CINIT_Limit               
00000e94  __TI_Handler_Table_Base        
00000ea0  __TI_Handler_Table_Limit       
00000b95  __TI_auto_init                 
2003f000  __TI_cleanup_ptr               
00000c05  __TI_decompress_lzss           
00000e41  __TI_decompress_none           
2003f004  __TI_dtors_ptr                 
2003f008  __TI_enable_exit_profile_output
ffffffff  __TI_pprof_out_hndl            
ffffffff  __TI_prof_data_size            
ffffffff  __TI_prof_data_start           
00000000  __TI_static_base__             
00000e4f  __TI_zero_init                 
00000c6d  __aeabi_idiv                   
00000d1f  __aeabi_idiv0                  
00000c6d  __aeabi_idivmod                
00000aa3  __aeabi_memclr                 
00000aa3  __aeabi_memclr4                
00000aa3  __aeabi_memclr8                
00000a07  __aeabi_memcpy                 
00000a07  __aeabi_memcpy4                
00000a07  __aeabi_memcpy8                
00000aa5  __aeabi_memset                 
00000aa5  __aeabi_memset4                
00000aa5  __aeabi_memset8                
ffffffff  __binit__                      
ffffffff  __c_args__                     
00000e6b  __mpu_init                     
2003e800  __stack                        
00000e15  _args_main                     
00000d21  _c_int00                       
2003f024  _lock                          
00000e3b  _nop                           
00000e33  _register_lock                 
00000e2d  _register_unlock               
20000000  _sys_memory                    
00000e6d  _system_post_cinit             
00000e67  _system_pre_init               
2003f028  _unlock                        
00000d79  abort                          
00000671  addPCB                         
000006d1  addProcess                     
2003f018  alarmPtr                       
0000096b  backspace                      
ffffffff  binit                          
000005a9  calloc                         
000009ab  clearQueue                     
00000dc9  copy_in                        
2003f020  count                          
0000092f  dequeue                        
000008f1  enqueue                        
00000d81  exit                           
000002f3  free                           
00000000  g_pfnVectors                   
000009ef  getSize                        
00000cd5  get_MSP                        
00000ccb  get_PSP                        
00000d17  get_SP                         
00000639  hello                          
2003f02c  helloValue                     
2003f04c  inQueue                        
00000643  initKernel                     
00000995  initQueue                      
000005d9  main                           
2003f034  main_func_sp                   
00000289  malloc                         
000004bd  memalign                       
00000a07  memcpy                         
00000aab  memset                         
00000209  minit                          
2003f050  outQueue                       
00000845  print                          
0000086d  printChar                      
2003f054  priorityLevel                  
000003b3  realloc                        
000005ef  regProcess                     
00000d09  restore_registers              
2003f038  running                        
00000cfb  save_registers                 
000006cf  schedule                       
00000ced  set_MSP                        
00000cdf  set_PSP                        
2003f01c  tenthSecondsAlarm              
2003f058  tenthSecondsCounter            
00000641  terminate                      
00000889  transmitByte                   


GLOBAL SYMBOLS: SORTED BY Symbol Address 

address   name                           
-------   ----                           
00000000  __TI_static_base__             
00000000  g_pfnVectors                   
00000209  minit                          
00000289  malloc                         
000002f3  free                           
000003b3  realloc                        
000004bd  memalign                       
000005a9  calloc                         
000005d9  main                           
000005ef  regProcess                     
00000639  hello                          
00000641  terminate                      
00000643  initKernel                     
00000671  addPCB                         
000006cf  schedule                       
000006d1  addProcess                     
000006dd  SVCall                         
00000717  SVCHandler                     
00000771  UART0_Init                     
000007cf  InterruptEnable                
000007f7  UART0_IntEnable                
00000800  __STACK_SIZE                   
0000080b  UART0_IntHandler               
00000841  InterruptMasterEnable          
00000845  print                          
0000086d  printChar                      
00000889  transmitByte                   
000008f1  enqueue                        
0000092f  dequeue                        
0000096b  backspace                      
00000995  initQueue                      
000009ab  clearQueue                     
000009ef  getSize                        
00000a07  __aeabi_memcpy                 
00000a07  __aeabi_memcpy4                
00000a07  __aeabi_memcpy8                
00000a07  memcpy                         
00000aa3  __aeabi_memclr                 
00000aa3  __aeabi_memclr4                
00000aa3  __aeabi_memclr8                
00000aa5  __aeabi_memset                 
00000aa5  __aeabi_memset4                
00000aa5  __aeabi_memset8                
00000aab  memset                         
00000b1d  SysTickStart                   
00000b29  SysTickStop                    
00000b35  SysTickPeriod                  
00000b47  SysTickIntEnable               
00000b53  SysTickIntDisable              
00000b5f  IntMasterEnable                
00000b63  SysTickHandler                 
00000b95  __TI_auto_init                 
00000c05  __TI_decompress_lzss           
00000c6d  __aeabi_idiv                   
00000c6d  __aeabi_idivmod                
00000ccb  get_PSP                        
00000cd5  get_MSP                        
00000cdf  set_PSP                        
00000ced  set_MSP                        
00000cfb  save_registers                 
00000d09  restore_registers              
00000d17  get_SP                         
00000d1f  __aeabi_idiv0                  
00000d21  _c_int00                       
00000d75  C$$EXIT                        
00000d79  abort                          
00000d81  exit                           
00000dc9  copy_in                        
00000e15  _args_main                     
00000e2d  _register_unlock               
00000e33  _register_lock                 
00000e3b  _nop                           
00000e41  __TI_decompress_none           
00000e4f  __TI_zero_init                 
00000e5b  ResetISR                       
00000e67  _system_pre_init               
00000e6b  __mpu_init                     
00000e6d  _system_post_cinit             
00000e94  __TI_Handler_Table_Base        
00000ea0  __TI_Handler_Table_Limit       
00000ea8  __TI_CINIT_Base                
00000eb8  __TI_CINIT_Limit               
0003e800  __SYSMEM_SIZE                  
20000000  _sys_memory                    
2003e800  __stack                        
2003ea00  __STACK_TOP                    
2003f000  __STACK_END                    
2003f000  __TI_cleanup_ptr               
2003f004  __TI_dtors_ptr                 
2003f008  __TI_enable_exit_profile_output
2003f018  alarmPtr                       
2003f01c  tenthSecondsAlarm              
2003f020  count                          
2003f024  _lock                          
2003f028  _unlock                        
2003f02c  helloValue                     
2003f034  main_func_sp                   
2003f038  running                        
2003f04c  inQueue                        
2003f050  outQueue                       
2003f054  priorityLevel                  
2003f058  tenthSecondsCounter            
ffffffff  __TI_pprof_out_hndl            
ffffffff  __TI_prof_data_size            
ffffffff  __TI_prof_data_start           
ffffffff  __binit__                      
ffffffff  __c_args__                     
ffffffff  binit                          
UNDEFED   SHT$$INIT_ARRAY$$Base          
UNDEFED   SHT$$INIT_ARRAY$$Limit         

[110 symbols]
