******************************************************************************
                  TI ARM Linker PC v16.9.6                     
******************************************************************************
>> Linked Tue Oct 15 19:34:26 2019

OUTPUT FILE NAME:   <Kernel.out>
ENTRY POINT SYMBOL: "_c_int00"  address: 00000d15


MEMORY CONFIGURATION

         name            origin    length      used     unused   attr    fill
----------------------  --------  ---------  --------  --------  ----  --------
  FLASH                 00000000   00100000  00000eaa  000ff156  R  X
  SRAM                  20000000   00040000  0003f05c  00000fa4  RW X


SEGMENT ALLOCATION MAP

run origin  load origin   length   init length attrs members
----------  ----------- ---------- ----------- ----- -------
00000000    00000000    00000eb0   00000eb0    r-x
  00000000    00000000    00000208   00000208    r-- .intvecs
  00000208    00000208    00000c5a   00000c5a    r-x .text
  00000e68    00000e68    00000048   00000048    r-- .cinit
20000000    20000000    0003f05c   00000000    rw-
  20000000    20000000    0003e800   00000000    rw- .sysmem
  2003e800    2003e800    00000800   00000000    rw- .stack
  2003f000    2003f000    00000038   00000000    rw- .data
  2003f038    2003f038    00000024   00000000    rw- .bss


SECTION ALLOCATION MAP

 output                                  attributes/
section   page    origin      length       input sections
--------  ----  ----------  ----------   ----------------
.intvecs   0    00000000    00000208     
                  00000000    00000208     tm4c1294ncpdt_startup_ccs.obj (.intvecs)

.text      0    00000208    00000c5a     
                  00000208    000003d0     rtsv7M4_T_le_v4SPD16_eabi.lib : memory.obj (.text)
                  000005d8    0000018c     SVC.obj (.text)
                  00000764    00000180     UART.obj (.text)
                  000008e4    00000116     cqueue.obj (.text)
                  000009fa    0000009c     rtsv7M4_T_le_v4SPD16_eabi.lib : memcpy_t2.obj (.text)
                  00000a96    0000007a                                   : memset_t2.obj (.text)
                  00000b10    00000078     SysTick.obj (.text)
                  00000b88    00000070     rtsv7M4_T_le_v4SPD16_eabi.lib : autoinit.obj (.text)
                  00000bf8    00000068                                   : copy_decompress_lzss.obj (.text:decompress:lzss)
                  00000c60    0000005e                                   : i_divt2.obj (.text)
                  00000cbe    00000054     Process.obj (.text)
                  00000d12    00000002     rtsv7M4_T_le_v4SPD16_eabi.lib : i_div0.obj (.text)
                  00000d14    00000054                                   : boot.obj (.text)
                  00000d68    00000054                                   : exit.obj (.text)
                  00000dbc    0000004c                                   : cpy_tbl.obj (.text)
                  00000e08    00000018                                   : args_main.obj (.text)
                  00000e20    00000014                                   : _lock.obj (.text)
                  00000e34    0000000e                                   : copy_decompress_none.obj (.text:decompress:none)
                  00000e42    0000000c                                   : copy_zero_init.obj (.text:decompress:ZI)
                  00000e4e    0000000c     tm4c1294ncpdt_startup_ccs.obj (.text)
                  00000e5a    00000004     rtsv7M4_T_le_v4SPD16_eabi.lib : pre_init.obj (.text)
                  00000e5e    00000002                                   : mpu_init.obj (.text)
                  00000e60    00000002                                   : startup.obj (.text)

.cinit     0    00000e68    00000048     
                  00000e68    00000022     (.cinit..data.load) [load image, compression = lzss]
                  00000e8a    00000002     --HOLE-- [fill = 0]
                  00000e8c    0000000c     (__TI_handler_table)
                  00000e98    00000008     (.cinit..bss.load) [load image, compression = zero_init]
                  00000ea0    00000010     (__TI_cinit_table)

.init_array 
*          0    00000000    00000000     UNINITIALIZED

.sysmem    0    20000000    0003e800     UNINITIALIZED
                  20000000    00000008     rtsv7M4_T_le_v4SPD16_eabi.lib : memory.obj (.sysmem)
                  20000008    0003e7f8     --HOLE--

.stack     0    2003e800    00000800     UNINITIALIZED
                  2003e800    00000800     --HOLE--

.data      0    2003f000    00000038     UNINITIALIZED
                  2003f000    0000000c     rtsv7M4_T_le_v4SPD16_eabi.lib : exit.obj (.data:$O1$$)
                  2003f00c    0000000c                                   : memory.obj (.data:$O1$$)
                  2003f018    0000000c     SysTick.obj (.data)
                  2003f024    00000008     rtsv7M4_T_le_v4SPD16_eabi.lib : _lock.obj (.data:$O1$$)
                  2003f02c    00000008     SVC.obj (.data)
                  2003f034    00000004     rtsv7M4_T_le_v4SPD16_eabi.lib : stkdepth_vars.obj (.data)

.bss       0    2003f038    00000024     UNINITIALIZED
                  2003f038    00000014     (.common:running)
                  2003f04c    00000004     (.common:inQueue)
                  2003f050    00000004     (.common:outQueue)
                  2003f054    00000004     (.common:priorityLevel)
                  2003f058    00000004     (.common:tenthSecondsCounter)

MODULE SUMMARY

       Module                          code   ro data   rw data
       ------                          ----   -------   -------
    .\
       tm4c1294ncpdt_startup_ccs.obj   12     520       0      
       UART.obj                        384    0         8      
       cqueue.obj                      278    0         0      
       SysTick.obj                     120    0         16     
       Process.obj                     84     0         0      
    +--+-------------------------------+------+---------+---------+
       Total:                          878    520       24     
                                                               
    .\kernel\
       SVC.obj                         396    0         32     
    +--+-------------------------------+------+---------+---------+
       Total:                          396    0         32     
                                                               
    C:\ti\ccsv7\tools\compiler\ti-cgt-arm_16.9.6.LTS\lib\rtsv7M4_T_le_v4SPD16_eabi.lib
       memory.obj                      976    0         12     
       memcpy_t2.obj                   156    0         0      
       memset_t2.obj                   122    0         0      
       autoinit.obj                    112    0         0      
       copy_decompress_lzss.obj        104    0         0      
       exit.obj                        84     0         12     
       i_divt2.obj                     94     0         0      
       boot.obj                        84     0         0      
       cpy_tbl.obj                     76     0         0      
       _lock.obj                       20     0         8      
       args_main.obj                   24     0         0      
       copy_decompress_none.obj        14     0         0      
       copy_zero_init.obj              12     0         0      
       pre_init.obj                    4      0         0      
       stkdepth_vars.obj               0      0         4      
       i_div0.obj                      2      0         0      
       mpu_init.obj                    2      0         0      
       startup.obj                     2      0         0      
    +--+-------------------------------+------+---------+---------+
       Total:                          1888   0         36     
                                                               
       Heap:                           0      0         256000 
       Stack:                          0      0         2048   
       Linker Generated:               0      70        0      
    +--+-------------------------------+------+---------+---------+
       Grand Total:                    3162   590       258140 


LINKER GENERATED COPY TABLES

__TI_cinit_table @ 00000ea0 records: 2, size/record: 8, table size: 16
	.data: load addr=00000e68, load size=00000022 bytes, run addr=2003f000, run size=00000038 bytes, compression=lzss
	.bss: load addr=00000e98, load size=00000008 bytes, run addr=2003f038, run size=00000024 bytes, compression=zero_init


LINKER GENERATED HANDLER TABLE

__TI_handler_table @ 00000e8c records: 3, size/record: 4, table size: 12
	index: 0, handler: __TI_decompress_lzss
	index: 1, handler: __TI_decompress_none
	index: 2, handler: __TI_zero_init


GLOBAL SYMBOLS: SORTED ALPHABETICALLY BY Name 

address   name                           
-------   ----                           
00000d69  C$$EXIT                        
00000b53  IntMasterEnable                
000007c3  InterruptEnable                
00000835  InterruptMasterEnable          
00000e4f  ResetISR                       
UNDEFED   SHT$$INIT_ARRAY$$Base          
UNDEFED   SHT$$INIT_ARRAY$$Limit         
0000070f  SVCHandler                     
000006d5  SVCall                         
00000b57  SysTickHandler                 
00000b47  SysTickIntDisable              
00000b3b  SysTickIntEnable               
00000b29  SysTickPeriod                  
00000b11  SysTickStart                   
00000b1d  SysTickStop                    
00000765  UART0_Init                     
000007eb  UART0_IntEnable                
000007ff  UART0_IntHandler               
2003f000  __STACK_END                    
00000800  __STACK_SIZE                   
2003ea00  __STACK_TOP                    
0003e800  __SYSMEM_SIZE                  
00000ea0  __TI_CINIT_Base                
00000eb0  __TI_CINIT_Limit               
00000e8c  __TI_Handler_Table_Base        
00000e98  __TI_Handler_Table_Limit       
00000b89  __TI_auto_init                 
2003f000  __TI_cleanup_ptr               
00000bf9  __TI_decompress_lzss           
00000e35  __TI_decompress_none           
2003f004  __TI_dtors_ptr                 
2003f008  __TI_enable_exit_profile_output
ffffffff  __TI_pprof_out_hndl            
ffffffff  __TI_prof_data_size            
ffffffff  __TI_prof_data_start           
00000000  __TI_static_base__             
00000e43  __TI_zero_init                 
00000c61  __aeabi_idiv                   
00000d13  __aeabi_idiv0                  
00000c61  __aeabi_idivmod                
00000a97  __aeabi_memclr                 
00000a97  __aeabi_memclr4                
00000a97  __aeabi_memclr8                
000009fb  __aeabi_memcpy                 
000009fb  __aeabi_memcpy4                
000009fb  __aeabi_memcpy8                
00000a99  __aeabi_memset                 
00000a99  __aeabi_memset4                
00000a99  __aeabi_memset8                
ffffffff  __binit__                      
ffffffff  __c_args__                     
00000e5f  __mpu_init                     
2003e800  __stack                        
00000e09  _args_main                     
00000d15  _c_int00                       
2003f024  _lock                          
00000e2f  _nop                           
00000e27  _register_lock                 
00000e21  _register_unlock               
20000000  _sys_memory                    
00000e61  _system_post_cinit             
00000e5b  _system_pre_init               
2003f028  _unlock                        
00000d6d  abort                          
00000669  addPCB                         
000006c9  addProcess                     
2003f018  alarmPtr                       
0000095f  backspace                      
ffffffff  binit                          
000005a9  calloc                         
0000099f  clearQueue                     
00000dbd  copy_in                        
2003f020  count                          
00000923  dequeue                        
000008e5  enqueue                        
00000d75  exit                           
000002f3  free                           
00000000  g_pfnVectors                   
000009e3  getSize                        
00000cc9  get_MSP                        
00000cbf  get_PSP                        
00000d0b  get_SP                         
00000633  hello                          
2003f02c  helloValue                     
2003f04c  inQueue                        
0000063b  initKernel                     
00000989  initQueue                      
000005d9  main                           
2003f034  main_func_sp                   
00000289  malloc                         
000004bd  memalign                       
000009fb  memcpy                         
00000a9f  memset                         
00000209  minit                          
2003f050  outQueue                       
00000839  print                          
00000861  printChar                      
2003f054  priorityLevel                  
000003b3  realloc                        
000005ef  regProcess                     
00000cfd  restore_registers              
2003f038  running                        
00000cef  save_registers                 
000006c7  schedule                       
00000ce1  set_MSP                        
00000cd3  set_PSP                        
2003f01c  tenthSecondsAlarm              
2003f058  tenthSecondsCounter            
0000087d  transmitByte                   


GLOBAL SYMBOLS: SORTED BY Symbol Address 

address   name                           
-------   ----                           
00000000  __TI_static_base__             
00000000  g_pfnVectors                   
00000209  minit                          
00000289  malloc                         
000002f3  free                           
000003b3  realloc                        
000004bd  memalign                       
000005a9  calloc                         
000005d9  main                           
000005ef  regProcess                     
00000633  hello                          
0000063b  initKernel                     
00000669  addPCB                         
000006c7  schedule                       
000006c9  addProcess                     
000006d5  SVCall                         
0000070f  SVCHandler                     
00000765  UART0_Init                     
000007c3  InterruptEnable                
000007eb  UART0_IntEnable                
000007ff  UART0_IntHandler               
00000800  __STACK_SIZE                   
00000835  InterruptMasterEnable          
00000839  print                          
00000861  printChar                      
0000087d  transmitByte                   
000008e5  enqueue                        
00000923  dequeue                        
0000095f  backspace                      
00000989  initQueue                      
0000099f  clearQueue                     
000009e3  getSize                        
000009fb  __aeabi_memcpy                 
000009fb  __aeabi_memcpy4                
000009fb  __aeabi_memcpy8                
000009fb  memcpy                         
00000a97  __aeabi_memclr                 
00000a97  __aeabi_memclr4                
00000a97  __aeabi_memclr8                
00000a99  __aeabi_memset                 
00000a99  __aeabi_memset4                
00000a99  __aeabi_memset8                
00000a9f  memset                         
00000b11  SysTickStart                   
00000b1d  SysTickStop                    
00000b29  SysTickPeriod                  
00000b3b  SysTickIntEnable               
00000b47  SysTickIntDisable              
00000b53  IntMasterEnable                
00000b57  SysTickHandler                 
00000b89  __TI_auto_init                 
00000bf9  __TI_decompress_lzss           
00000c61  __aeabi_idiv                   
00000c61  __aeabi_idivmod                
00000cbf  get_PSP                        
00000cc9  get_MSP                        
00000cd3  set_PSP                        
00000ce1  set_MSP                        
00000cef  save_registers                 
00000cfd  restore_registers              
00000d0b  get_SP                         
00000d13  __aeabi_idiv0                  
00000d15  _c_int00                       
00000d69  C$$EXIT                        
00000d6d  abort                          
00000d75  exit                           
00000dbd  copy_in                        
00000e09  _args_main                     
00000e21  _register_unlock               
00000e27  _register_lock                 
00000e2f  _nop                           
00000e35  __TI_decompress_none           
00000e43  __TI_zero_init                 
00000e4f  ResetISR                       
00000e5b  _system_pre_init               
00000e5f  __mpu_init                     
00000e61  _system_post_cinit             
00000e8c  __TI_Handler_Table_Base        
00000e98  __TI_Handler_Table_Limit       
00000ea0  __TI_CINIT_Base                
00000eb0  __TI_CINIT_Limit               
0003e800  __SYSMEM_SIZE                  
20000000  _sys_memory                    
2003e800  __stack                        
2003ea00  __STACK_TOP                    
2003f000  __STACK_END                    
2003f000  __TI_cleanup_ptr               
2003f004  __TI_dtors_ptr                 
2003f008  __TI_enable_exit_profile_output
2003f018  alarmPtr                       
2003f01c  tenthSecondsAlarm              
2003f020  count                          
2003f024  _lock                          
2003f028  _unlock                        
2003f02c  helloValue                     
2003f034  main_func_sp                   
2003f038  running                        
2003f04c  inQueue                        
2003f050  outQueue                       
2003f054  priorityLevel                  
2003f058  tenthSecondsCounter            
ffffffff  __TI_pprof_out_hndl            
ffffffff  __TI_prof_data_size            
ffffffff  __TI_prof_data_start           
ffffffff  __binit__                      
ffffffff  __c_args__                     
ffffffff  binit                          
UNDEFED   SHT$$INIT_ARRAY$$Base          
UNDEFED   SHT$$INIT_ARRAY$$Limit         

[109 symbols]
