******************************************************************************
                  TI ARM Linker PC v16.9.6                     
******************************************************************************
>> Linked Wed Nov 27 04:13:06 2019

OUTPUT FILE NAME:   <Kernel.out>
ENTRY POINT SYMBOL: "_c_int00"  address: 00004b91


MEMORY CONFIGURATION

         name            origin    length      used     unused   attr    fill
----------------------  --------  ---------  --------  --------  ----  --------
  FLASH                 00000000   00100000  000051a6  000fae5a  R  X
  SRAM                  20000000   00040000  0003f6f4  0000090c  RW X


SEGMENT ALLOCATION MAP

run origin  load origin   length   init length attrs members
----------  ----------- ---------- ----------- ----- -------
00000000    00000000    000051a8   000051a8    r-x
  00000000    00000000    00000208   00000208    r-- .intvecs
  00000208    00000208    00004d0e   00004d0e    r-x .text
  00004f18    00004f18    00000228   00000228    r-- .const
  00005140    00005140    00000068   00000068    r-- .cinit
20000000    20000000    0003f6f4   00000000    rw-
  20000000    20000000    0003e800   00000000    rw- .sysmem
  2003e800    2003e800    00000800   00000000    rw- .stack
  2003f000    2003f000    00000660   00000000    rw- .bss
  2003f660    2003f660    00000094   00000000    rw- .data


SECTION ALLOCATION MAP

 output                                  attributes/
section   page    origin      length       input sections
--------  ----  ----------  ----------   ----------------
.intvecs   0    00000000    00000208     
                  00000000    00000208     tm4c1294ncpdt_startup_ccs.obj (.intvecs)

.text      0    00000208    00004d0e     
                  00000208    0000113e     rtsv7M4_T_le_v4SPD16_eabi.lib : _printfi.obj (.text)
                  00001346    00000002                                   : i_div0.obj (.text)
                  00001348    00000898                                   : _scanfi.obj (.text)
                  00001be0    000006d8     time.obj (.text)
                  000022b8    000006a0     functions.obj (.text)
                  00002958    000003d0     rtsv7M4_T_le_v4SPD16_eabi.lib : memory.obj (.text)
                  00002d28    00000370     applications.obj (.text)
                  00003098    00000368     SVC.obj (.text)
                  00003400    0000023c     rtsv7M4_T_le_v4SPD16_eabi.lib : strtod.obj (.text)
                  0000363c    000001f4                                   : ull_div_t2.obj (.text)
                  00003830    000001dc                                   : strtoll.obj (.text)
                  00003a0c    000001b6                                   : fd_add_t2.obj (.text)
                  00003bc2    00000002                                   : mpu_init.obj (.text)
                  00003bc4    00000184     UART.obj (.text)
                  00003d48    0000015c     rtsv7M4_T_le_v4SPD16_eabi.lib : strtoull.obj (.text)
                  00003ea4    00000136                                   : fd_div_t2.obj (.text)
                  00003fda    00000002                                   : startup.obj (.text)
                  00003fdc    00000134                                   : strtol.obj (.text)
                  00004110    00000116     cqueue.obj (.text)
                  00004226    00000002     --HOLE-- [fill = 0]
                  00004228    00000114     rtsv7M4_T_le_v4SPD16_eabi.lib : strtoul.obj (.text)
                  0000433c    000000fc                                   : fd_mul_t2.obj (.text)
                  00004438    000000fc                                   : s_scalbn.obj (.text)
                  00004534    000000cc                                   : sscanf.obj (.text)
                  00004600    000000a0     SysTick.obj (.text)
                  000046a0    0000009c     rtsv7M4_T_le_v4SPD16_eabi.lib : memcpy_t2.obj (.text)
                  0000473c    00000086                                   : fd_cmp_t2.obj (.text:__aeabi_cdcmple)
                  000047c2    00000086                                   : fd_cmp_t2.obj (.text:__aeabi_cdrcmple)
                  00004848    0000007a                                   : memset_t2.obj (.text)
                  000048c2    00000002     --HOLE-- [fill = 0]
                  000048c4    00000070                                   : autoinit.obj (.text)
                  00004934    0000006e                                   : fd_tos_t2.obj (.text)
                  000049a2    00000068                                   : copy_decompress_lzss.obj (.text:decompress:lzss)
                  00004a0a    00000002     --HOLE-- [fill = 0]
                  00004a0c    00000064                                   : s_frexp.obj (.text)
                  00004a70    00000060     Process.obj (.text)
                  00004ad0    00000060     rtsv7M4_T_le_v4SPD16_eabi.lib : sprintf.obj (.text)
                  00004b30    0000005e                                   : i_divt2.obj (.text)
                  00004b8e    00000002     --HOLE-- [fill = 0]
                  00004b90    00000054                                   : boot.obj (.text)
                  00004be4    00000054                                   : exit.obj (.text)
                  00004c38    00000054                                   : ltoa.obj (.text)
                  00004c8c    0000004c                                   : atoi.obj (.text)
                  00004cd8    0000004c                                   : cpy_tbl.obj (.text)
                  00004d24    00000048                                   : fd_toi_t2.obj (.text)
                  00004d6c    00000040                                   : u_divt2.obj (.text)
                  00004dac    0000002e                                   : i_tofd_t2.obj (.text)
                  00004dda    00000024                                   : memcmp.obj (.text)
                  00004dfe    0000001c                                   : memccpy.obj (.text)
                  00004e1a    00000002     --HOLE-- [fill = 0]
                  00004e1c    00000018                                   : args_main.obj (.text)
                  00004e34    00000018                                   : ll_mul_t2.obj (.text)
                  00004e4c    00000018                                   : strrchr.obj (.text)
                  00004e64    00000016                                   : strchr.obj (.text)
                  00004e7a    00000002     --HOLE-- [fill = 0]
                  00004e7c    00000014                                   : _lock.obj (.text)
                  00004e90    00000014                                   : s_copysign.obj (.text)
                  00004ea4    00000014                                   : strcpy.obj (.text)
                  00004eb8    00000014                                   : strlen.obj (.text)
                  00004ecc    00000010                                   : tolower.obj (.text)
                  00004edc    00000010                                   : toupper.obj (.text)
                  00004eec    0000000e                                   : copy_decompress_none.obj (.text:decompress:none)
                  00004efa    0000000c                                   : copy_zero_init.obj (.text:decompress:ZI)
                  00004f06    0000000c     tm4c1294ncpdt_startup_ccs.obj (.text)
                  00004f12    00000004     rtsv7M4_T_le_v4SPD16_eabi.lib : pre_init.obj (.text)

.const     0    00004f18    00000228     
                  00004f18    00000101     rtsv7M4_T_le_v4SPD16_eabi.lib : ctype.obj (.const:.string:_ctypes_)
                  00005019    00000007     --HOLE-- [fill = 0]
                  00005020    00000098                                   : strtod.obj (.const:$O1$$)
                  000050b8    00000048     time.obj (.const:.string)
                  00005100    00000030     time.obj (.const:monthStrings)
                  00005130    00000010     rtsv7M4_T_le_v4SPD16_eabi.lib : _scanfi.obj (.const:$O1$$)

.cinit     0    00005140    00000068     
                  00005140    0000003d     (.cinit..data.load) [load image, compression = lzss]
                  0000517d    00000003     --HOLE-- [fill = 0]
                  00005180    0000000c     (__TI_handler_table)
                  0000518c    00000004     --HOLE-- [fill = 0]
                  00005190    00000008     (.cinit..bss.load) [load image, compression = zero_init]
                  00005198    00000010     (__TI_cinit_table)

.init_array 
*          0    00000000    00000000     UNINITIALIZED

.sysmem    0    20000000    0003e800     UNINITIALIZED
                  20000000    00000008     rtsv7M4_T_le_v4SPD16_eabi.lib : memory.obj (.sysmem)
                  20000008    0003e7f8     --HOLE--

.stack     0    2003e800    00000800     UNINITIALIZED
                  2003e800    00000800     --HOLE--

.bss       0    2003f000    00000660     UNINITIALIZED
                  2003f000    00000640     (.common:mboxList)
                  2003f640    00000004     (.common:commandQueue)
                  2003f644    00000004     (.common:date)
                  2003f648    00000004     (.common:inQueue)
                  2003f64c    00000004     (.common:msgList)
                  2003f650    00000004     (.common:outQueue)
                  2003f654    00000004     (.common:priorityLevel)
                  2003f658    00000004     (.common:tenthSecondsCounter)
                  2003f65c    00000004     (.common:time)

.data      0    2003f660    00000094     UNINITIALIZED
                  2003f660    00000030     time.obj (.data:monthDays)
                  2003f690    00000018     SVC.obj (.data:running)
                  2003f6a8    00000010     SysTick.obj (.data)
                  2003f6b8    00000010     time.obj (.data)
                  2003f6c8    0000000c     rtsv7M4_T_le_v4SPD16_eabi.lib : exit.obj (.data:$O1$$)
                  2003f6d4    0000000c                                   : memory.obj (.data:$O1$$)
                  2003f6e0    00000008                                   : _lock.obj (.data:$O1$$)
                  2003f6e8    00000004     SVC.obj (.data)
                  2003f6ec    00000004     rtsv7M4_T_le_v4SPD16_eabi.lib : errno.obj (.data)
                  2003f6f0    00000004                                   : stkdepth_vars.obj (.data)

MODULE SUMMARY

       Module                          code    ro data   rw data
       ------                          ----    -------   -------
    .\
       SVC.obj                         872     0         1636   
       time.obj                        1752    120       76     
       functions.obj                   1696    0         0      
       applications.obj                880     0         0      
       tm4c1294ncpdt_startup_ccs.obj   12      520       0      
       UART.obj                        388     0         8      
       cqueue.obj                      278     0         0      
       SysTick.obj                     160     0         20     
       Process.obj                     96      0         0      
    +--+-------------------------------+-------+---------+---------+
       Total:                          6134    640       1740   
                                                                
    C:\ti\ccsv7\tools\compiler\ti-cgt-arm_16.9.6.LTS\lib\rtsv7M4_T_le_v4SPD16_eabi.lib
       _printfi.obj                    4414    0         0      
       _scanfi.obj                     2200    16        0      
       memory.obj                      976     0         12     
       strtod.obj                      572     152       0      
       ull_div_t2.obj                  500     0         0      
       strtoll.obj                     476     0         0      
       fd_add_t2.obj                   438     0         0      
       strtoull.obj                    348     0         0      
       fd_div_t2.obj                   310     0         0      
       strtol.obj                      308     0         0      
       strtoul.obj                     276     0         0      
       fd_cmp_t2.obj                   268     0         0      
       ctype.obj                       0       257       0      
       fd_mul_t2.obj                   252     0         0      
       s_scalbn.obj                    252     0         0      
       sscanf.obj                      204     0         0      
       memcpy_t2.obj                   156     0         0      
       memset_t2.obj                   122     0         0      
       autoinit.obj                    112     0         0      
       fd_tos_t2.obj                   110     0         0      
       copy_decompress_lzss.obj        104     0         0      
       s_frexp.obj                     100     0         0      
       exit.obj                        84      0         12     
       sprintf.obj                     96      0         0      
       i_divt2.obj                     94      0         0      
       boot.obj                        84      0         0      
       ltoa.obj                        84      0         0      
       atoi.obj                        76      0         0      
       cpy_tbl.obj                     76      0         0      
       fd_toi_t2.obj                   72      0         0      
       u_divt2.obj                     64      0         0      
       i_tofd_t2.obj                   46      0         0      
       memcmp.obj                      36      0         0      
       _lock.obj                       20      0         8      
       memccpy.obj                     28      0         0      
       args_main.obj                   24      0         0      
       ll_mul_t2.obj                   24      0         0      
       strrchr.obj                     24      0         0      
       strchr.obj                      22      0         0      
       s_copysign.obj                  20      0         0      
       strcpy.obj                      20      0         0      
       strlen.obj                      20      0         0      
       tolower.obj                     16      0         0      
       toupper.obj                     16      0         0      
       copy_decompress_none.obj        14      0         0      
       copy_zero_init.obj              12      0         0      
       errno.obj                       0       0         4      
       pre_init.obj                    4       0         0      
       stkdepth_vars.obj               0       0         4      
       i_div0.obj                      2       0         0      
       mpu_init.obj                    2       0         0      
       startup.obj                     2       0         0      
    +--+-------------------------------+-------+---------+---------+
       Total:                          13580   425       40     
                                                                
       Heap:                           0       0         256000 
       Stack:                          0       0         2048   
       Linker Generated:               0       97        0      
    +--+-------------------------------+-------+---------+---------+
       Grand Total:                    19714   1162      259828 


LINKER GENERATED COPY TABLES

__TI_cinit_table @ 00005198 records: 2, size/record: 8, table size: 16
	.data: load addr=00005140, load size=0000003d bytes, run addr=2003f660, run size=00000094 bytes, compression=lzss
	.bss: load addr=00005190, load size=00000008 bytes, run addr=2003f000, run size=00000660 bytes, compression=zero_init


LINKER GENERATED HANDLER TABLE

__TI_handler_table @ 00005180 records: 3, size/record: 4, table size: 12
	index: 0, handler: __TI_decompress_lzss
	index: 1, handler: __TI_decompress_none
	index: 2, handler: __TI_zero_init


GLOBAL SYMBOLS: SORTED ALPHABETICALLY BY Name 

address   name                           
-------   ----                           
00004be5  C$$EXIT                        
00002d29  IOprocess                      
00004643  IntMasterEnable                
00003c23  InterruptEnable                
00003c95  InterruptMasterEnable          
00004f07  ResetISR                       
UNDEFED   SHT$$INIT_ARRAY$$Base          
UNDEFED   SHT$$INIT_ARRAY$$Limit         
000032b1  SVCHandler                     
0000325d  SVCall                         
00004647  SysTickHandler                 
00004637  SysTickIntDisable              
0000462b  SysTickIntEnable               
00004619  SysTickPeriod                  
00004601  SysTickStart                   
0000460d  SysTickStop                    
00003bc5  UART0_Init                     
00003c4b  UART0_IntEnable                
00003c5f  UART0_IntHandler               
2003f000  __STACK_END                    
00000800  __STACK_SIZE                   
2003ea00  __STACK_TOP                    
0003e800  __SYSMEM_SIZE                  
00005198  __TI_CINIT_Base                
000051a8  __TI_CINIT_Limit               
00005180  __TI_Handler_Table_Base        
0000518c  __TI_Handler_Table_Limit       
000048c5  __TI_auto_init                 
2003f6c8  __TI_cleanup_ptr               
000049a3  __TI_decompress_lzss           
00004eed  __TI_decompress_none           
2003f6cc  __TI_dtors_ptr                 
2003f6d0  __TI_enable_exit_profile_output
ffffffff  __TI_pprof_out_hndl            
00000a4d  __TI_printfi                   
ffffffff  __TI_prof_data_size            
ffffffff  __TI_prof_data_start           
00001349  __TI_scanfi                    
00000000  __TI_static_base__             
00004efb  __TI_zero_init                 
0000473d  __aeabi_cdcmpeq                
0000473d  __aeabi_cdcmple                
000047c3  __aeabi_cdrcmple               
00004935  __aeabi_d2f                    
00004d25  __aeabi_d2iz                   
00003a17  __aeabi_dadd                   
00003ea5  __aeabi_ddiv                   
0000433d  __aeabi_dmul                   
00003a0d  __aeabi_dsub                   
00004dad  __aeabi_i2d                    
00004b31  __aeabi_idiv                   
00001347  __aeabi_idiv0                  
00004b31  __aeabi_idivmod                
00004e35  __aeabi_lmul                   
00004849  __aeabi_memclr                 
00004849  __aeabi_memclr4                
00004849  __aeabi_memclr8                
000046a1  __aeabi_memcpy                 
000046a1  __aeabi_memcpy4                
000046a1  __aeabi_memcpy8                
0000484b  __aeabi_memset                 
0000484b  __aeabi_memset4                
0000484b  __aeabi_memset8                
00004d6d  __aeabi_uidiv                  
00004d6d  __aeabi_uidivmod               
0000363d  __aeabi_uldivmod               
ffffffff  __binit__                      
ffffffff  __c_args__                     
00003bc3  __mpu_init                     
2003e800  __stack                        
00004e1d  _args_main                     
00004b91  _c_int00                       
00004f18  _ctypes_                       
2003f6e0  _lock                          
00004e8b  _nop                           
00004e83  _register_lock                 
00004e7d  _register_unlock               
20000000  _sys_memory                    
00003fdb  _system_post_cinit             
00004f13  _system_pre_init               
2003f6e4  _unlock                        
00004be9  abort                          
0000280d  addPCB                         
2003f6c0  alarmConstant                  
2003f6ac  alarmPtr                       
0000286f  allocate                       
00002f31  assignR7                       
00004c8d  atoi                           
0000418b  backspace                      
00002fb1  bind                           
ffffffff  binit                          
00002cf9  calloc                         
000041cb  clearQueue                     
2003f640  commandQueue                   
00004cd9  copy_in                        
00004e91  copysign                       
00004e91  copysignl                      
2003f6b4  count                          
2003f644  date                           
2003f6bc  dateConstant                   
2003f6c4  daysPassed                     
00002893  deallocate                     
0000414f  dequeue                        
00004111  enqueue                        
2003f6ec  errno                          
00004bf1  exit                           
000028ad  findNextProcess                
00003c99  formOutQueue                   
00002a43  free                           
00004a0d  frexp                          
00004a0d  frexpl                         
00000000  g_pfnVectors                   
0000420f  getSize                        
00004a87  get_MSP                        
00004a7d  get_PSP                        
00004ac9  get_SP                         
2003f6a8  hundredths                     
00002e6b  inProcess                      
2003f648  inQueue                        
000030d3  initKernel                     
000041b5  initQueue                      
00002e17  inputRequest                   
0000246d  k_bind                         
00002359  k_getPID                       
000022b9  k_input                        
000023d1  k_nice                         
000023a3  k_print                        
000023c1  k_printChar                    
00002367  k_printVT                      
000026a5  k_recv                         
0000257d  k_send                         
000022e5  k_terminate                    
000024ff  k_unbind                       
00004439  ldexp                          
00004439  ldexpl                         
00002253  leapYear                       
00002e95  lowest                         
00004c39  ltoa                           
00003099  main                           
2003f6f0  main_func_sp                   
000029d9  malloc                         
2003f000  mboxList                       
00002c0d  memalign                       
00004dff  memccpy                        
00004ddb  memcmp                         
000046a1  memcpy                         
00004851  memset                         
00002959  minit                          
2003f660  monthDays                      
00005100  monthStrings                   
00001f6d  monthToInt                     
2003f64c  msgList                        
00002797  nextProcess                    
00002fcd  nice                           
00002e25  outProcess                     
2003f650  outQueue                       
0000216d  parseAlarm                     
00001c59  parseCommand                   
00001e85  parseDate                      
00001ca3  parseTime                      
000031bb  pendSVHandler                  
00002f3d  pkCall                         
00002119  printAlarm                     
00003cc1  printChar                      
00002fdb  printRequest                   
00002fed  printVT                        
2003f654  priorityLevel                  
000028db  processSwitch                  
000020b1  readAlarm                      
00001df1  readDate                       
00001be1  readTime                       
00002b03  realloc                        
00002f87  recv                           
000031e7  regProcess                     
000027d1  removePCB                      
00004abb  restore_registers              
2003f690  running                        
00004aad  save_registers                 
00004439  scalbn                         
00004439  scalbnl                        
00002f5d  send                           
00004a71  set_LR                         
00004a9f  set_MSP                        
00004a91  set_PSP                        
00004ad1  sprintf                        
00004547  sscanf                         
00004e65  strchr                         
00004ea5  strcpy                         
00004eb9  strlen                         
00004e4d  strrchr                        
00003401  strtod                         
00003fdd  strtol                         
00003401  strtold                        
00003831  strtoll                        
00004229  strtoul                        
00003d49  strtoull                       
2003f6b0  tenthSecondsAlarm              
2003f658  tenthSecondsCounter            
00002f21  terminate                      
2003f65c  time                           
2003f6b8  timeConstant                   
00004ecd  tolower                        
00004edd  toupper                        
00003ce1  transmitByte                   
00002fbf  unbind                         
00001fcd  updateDate                     
00001d5d  updateTime                     
00004535  vsscanf                        


GLOBAL SYMBOLS: SORTED BY Symbol Address 

address   name                           
-------   ----                           
00000000  __TI_static_base__             
00000000  g_pfnVectors                   
00000800  __STACK_SIZE                   
00000a4d  __TI_printfi                   
00001347  __aeabi_idiv0                  
00001349  __TI_scanfi                    
00001be1  readTime                       
00001c59  parseCommand                   
00001ca3  parseTime                      
00001d5d  updateTime                     
00001df1  readDate                       
00001e85  parseDate                      
00001f6d  monthToInt                     
00001fcd  updateDate                     
000020b1  readAlarm                      
00002119  printAlarm                     
0000216d  parseAlarm                     
00002253  leapYear                       
000022b9  k_input                        
000022e5  k_terminate                    
00002359  k_getPID                       
00002367  k_printVT                      
000023a3  k_print                        
000023c1  k_printChar                    
000023d1  k_nice                         
0000246d  k_bind                         
000024ff  k_unbind                       
0000257d  k_send                         
000026a5  k_recv                         
00002797  nextProcess                    
000027d1  removePCB                      
0000280d  addPCB                         
0000286f  allocate                       
00002893  deallocate                     
000028ad  findNextProcess                
000028db  processSwitch                  
00002959  minit                          
000029d9  malloc                         
00002a43  free                           
00002b03  realloc                        
00002c0d  memalign                       
00002cf9  calloc                         
00002d29  IOprocess                      
00002e17  inputRequest                   
00002e25  outProcess                     
00002e6b  inProcess                      
00002e95  lowest                         
00002f21  terminate                      
00002f31  assignR7                       
00002f3d  pkCall                         
00002f5d  send                           
00002f87  recv                           
00002fb1  bind                           
00002fbf  unbind                         
00002fcd  nice                           
00002fdb  printRequest                   
00002fed  printVT                        
00003099  main                           
000030d3  initKernel                     
000031bb  pendSVHandler                  
000031e7  regProcess                     
0000325d  SVCall                         
000032b1  SVCHandler                     
00003401  strtod                         
00003401  strtold                        
0000363d  __aeabi_uldivmod               
00003831  strtoll                        
00003a0d  __aeabi_dsub                   
00003a17  __aeabi_dadd                   
00003bc3  __mpu_init                     
00003bc5  UART0_Init                     
00003c23  InterruptEnable                
00003c4b  UART0_IntEnable                
00003c5f  UART0_IntHandler               
00003c95  InterruptMasterEnable          
00003c99  formOutQueue                   
00003cc1  printChar                      
00003ce1  transmitByte                   
00003d49  strtoull                       
00003ea5  __aeabi_ddiv                   
00003fdb  _system_post_cinit             
00003fdd  strtol                         
00004111  enqueue                        
0000414f  dequeue                        
0000418b  backspace                      
000041b5  initQueue                      
000041cb  clearQueue                     
0000420f  getSize                        
00004229  strtoul                        
0000433d  __aeabi_dmul                   
00004439  ldexp                          
00004439  ldexpl                         
00004439  scalbn                         
00004439  scalbnl                        
00004535  vsscanf                        
00004547  sscanf                         
00004601  SysTickStart                   
0000460d  SysTickStop                    
00004619  SysTickPeriod                  
0000462b  SysTickIntEnable               
00004637  SysTickIntDisable              
00004643  IntMasterEnable                
00004647  SysTickHandler                 
000046a1  __aeabi_memcpy                 
000046a1  __aeabi_memcpy4                
000046a1  __aeabi_memcpy8                
000046a1  memcpy                         
0000473d  __aeabi_cdcmpeq                
0000473d  __aeabi_cdcmple                
000047c3  __aeabi_cdrcmple               
00004849  __aeabi_memclr                 
00004849  __aeabi_memclr4                
00004849  __aeabi_memclr8                
0000484b  __aeabi_memset                 
0000484b  __aeabi_memset4                
0000484b  __aeabi_memset8                
00004851  memset                         
000048c5  __TI_auto_init                 
00004935  __aeabi_d2f                    
000049a3  __TI_decompress_lzss           
00004a0d  frexp                          
00004a0d  frexpl                         
00004a71  set_LR                         
00004a7d  get_PSP                        
00004a87  get_MSP                        
00004a91  set_PSP                        
00004a9f  set_MSP                        
00004aad  save_registers                 
00004abb  restore_registers              
00004ac9  get_SP                         
00004ad1  sprintf                        
00004b31  __aeabi_idiv                   
00004b31  __aeabi_idivmod                
00004b91  _c_int00                       
00004be5  C$$EXIT                        
00004be9  abort                          
00004bf1  exit                           
00004c39  ltoa                           
00004c8d  atoi                           
00004cd9  copy_in                        
00004d25  __aeabi_d2iz                   
00004d6d  __aeabi_uidiv                  
00004d6d  __aeabi_uidivmod               
00004dad  __aeabi_i2d                    
00004ddb  memcmp                         
00004dff  memccpy                        
00004e1d  _args_main                     
00004e35  __aeabi_lmul                   
00004e4d  strrchr                        
00004e65  strchr                         
00004e7d  _register_unlock               
00004e83  _register_lock                 
00004e8b  _nop                           
00004e91  copysign                       
00004e91  copysignl                      
00004ea5  strcpy                         
00004eb9  strlen                         
00004ecd  tolower                        
00004edd  toupper                        
00004eed  __TI_decompress_none           
00004efb  __TI_zero_init                 
00004f07  ResetISR                       
00004f13  _system_pre_init               
00004f18  _ctypes_                       
00005100  monthStrings                   
00005180  __TI_Handler_Table_Base        
0000518c  __TI_Handler_Table_Limit       
00005198  __TI_CINIT_Base                
000051a8  __TI_CINIT_Limit               
0003e800  __SYSMEM_SIZE                  
20000000  _sys_memory                    
2003e800  __stack                        
2003ea00  __STACK_TOP                    
2003f000  __STACK_END                    
2003f000  mboxList                       
2003f640  commandQueue                   
2003f644  date                           
2003f648  inQueue                        
2003f64c  msgList                        
2003f650  outQueue                       
2003f654  priorityLevel                  
2003f658  tenthSecondsCounter            
2003f65c  time                           
2003f660  monthDays                      
2003f690  running                        
2003f6a8  hundredths                     
2003f6ac  alarmPtr                       
2003f6b0  tenthSecondsAlarm              
2003f6b4  count                          
2003f6b8  timeConstant                   
2003f6bc  dateConstant                   
2003f6c0  alarmConstant                  
2003f6c4  daysPassed                     
2003f6c8  __TI_cleanup_ptr               
2003f6cc  __TI_dtors_ptr                 
2003f6d0  __TI_enable_exit_profile_output
2003f6e0  _lock                          
2003f6e4  _unlock                        
2003f6ec  errno                          
2003f6f0  main_func_sp                   
ffffffff  __TI_pprof_out_hndl            
ffffffff  __TI_prof_data_size            
ffffffff  __TI_prof_data_start           
ffffffff  __binit__                      
ffffffff  __c_args__                     
ffffffff  binit                          
UNDEFED   SHT$$INIT_ARRAY$$Base          
UNDEFED   SHT$$INIT_ARRAY$$Limit         

[208 symbols]
