******************************************************************************
                  TI ARM Linker PC v16.9.6                     
******************************************************************************
>> Linked Thu Nov 28 14:59:57 2019

OUTPUT FILE NAME:   <Kernel.out>
ENTRY POINT SYMBOL: "_c_int00"  address: 00004e7d


MEMORY CONFIGURATION

         name            origin    length      used     unused   attr    fill
----------------------  --------  ---------  --------  --------  ----  --------
  FLASH                 00000000   00100000  000054aa  000fab56  R  X
  SRAM                  20000000   00040000  0003f6f4  0000090c  RW X


SEGMENT ALLOCATION MAP

run origin  load origin   length   init length attrs members
----------  ----------- ---------- ----------- ----- -------
00000000    00000000    000054b0   000054b0    r-x
  00000000    00000000    00000208   00000208    r-- .intvecs
  00000208    00000208    00005012   00005012    r-x .text
  00005220    00005220    00000228   00000228    r-- .const
  00005448    00005448    00000068   00000068    r-- .cinit
20000000    20000000    0003f6f4   00000000    rw-
  20000000    20000000    0003e800   00000000    rw- .sysmem
  2003e800    2003e800    00000800   00000000    rw- .stack
  2003f000    2003f000    00000660   00000000    rw- .bss
  2003f660    2003f660    00000094   00000000    rw- .data


SECTION ALLOCATION MAP

 output                                  attributes/
section   page    origin      length       input sections
--------  ----  ----------  ----------   ----------------
.intvecs   0    00000000    00000208     
                  00000000    00000208     tm4c1294ncpdt_startup_ccs.obj (.intvecs)

.text      0    00000208    00005012     
                  00000208    0000113e     rtsv7M4_T_le_v4SPD16_eabi.lib : _printfi.obj (.text)
                  00001346    00000002                                   : i_div0.obj (.text)
                  00001348    00000898                                   : _scanfi.obj (.text)
                  00001be0    000007e4     functions.obj (.text)
                  000023c4    000006d8     time.obj (.text)
                  00002a9c    00000564     applications.obj (.text)
                  00003000    000003d0     rtsv7M4_T_le_v4SPD16_eabi.lib : memory.obj (.text)
                  000033d0    00000384     SVC.obj (.text)
                  00003754    0000023c     rtsv7M4_T_le_v4SPD16_eabi.lib : strtod.obj (.text)
                  00003990    000001f4                                   : ull_div_t2.obj (.text)
                  00003b84    000001dc                                   : strtoll.obj (.text)
                  00003d60    000001b6                                   : fd_add_t2.obj (.text)
                  00003f16    00000002                                   : mpu_init.obj (.text)
                  00003f18    00000184     UART.obj (.text)
                  0000409c    0000015c     rtsv7M4_T_le_v4SPD16_eabi.lib : strtoull.obj (.text)
                  000041f8    00000136                                   : fd_div_t2.obj (.text)
                  0000432e    00000002                                   : startup.obj (.text)
                  00004330    00000134                                   : strtol.obj (.text)
                  00004464    00000114                                   : strtoul.obj (.text)
                  00004578    00000110     cqueue.obj (.text)
                  00004688    000000fc     rtsv7M4_T_le_v4SPD16_eabi.lib : fd_mul_t2.obj (.text)
                  00004784    000000fc                                   : s_scalbn.obj (.text)
                  00004880    000000cc                                   : sscanf.obj (.text)
                  0000494c    000000a0     SysTick.obj (.text)
                  000049ec    0000009c     rtsv7M4_T_le_v4SPD16_eabi.lib : memcpy_t2.obj (.text)
                  00004a88    00000086                                   : fd_cmp_t2.obj (.text:__aeabi_cdcmple)
                  00004b0e    00000086                                   : fd_cmp_t2.obj (.text:__aeabi_cdrcmple)
                  00004b94    0000007a                                   : memset_t2.obj (.text)
                  00004c0e    00000002     --HOLE-- [fill = 0]
                  00004c10    00000070                                   : autoinit.obj (.text)
                  00004c80    0000006e                                   : fd_tos_t2.obj (.text)
                  00004cee    00000068                                   : copy_decompress_lzss.obj (.text:decompress:lzss)
                  00004d56    00000002     --HOLE-- [fill = 0]
                  00004d58    00000064                                   : s_frexp.obj (.text)
                  00004dbc    00000060     Process.obj (.text)
                  00004e1c    00000060     rtsv7M4_T_le_v4SPD16_eabi.lib : sprintf.obj (.text)
                  00004e7c    00000054                                   : boot.obj (.text)
                  00004ed0    00000054                                   : exit.obj (.text)
                  00004f24    00000054                                   : ltoa.obj (.text)
                  00004f78    0000004c                                   : atoi.obj (.text)
                  00004fc4    0000004c                                   : cpy_tbl.obj (.text)
                  00005010    00000048                                   : fd_toi_t2.obj (.text)
                  00005058    00000040                                   : u_divt2.obj (.text)
                  00005098    0000002e                                   : i_tofd_t2.obj (.text)
                  000050c6    00000024                                   : memcmp.obj (.text)
                  000050ea    0000001c                                   : memccpy.obj (.text)
                  00005106    00000002     --HOLE-- [fill = 0]
                  00005108    00000018                                   : args_main.obj (.text)
                  00005120    00000018                                   : ll_mul_t2.obj (.text)
                  00005138    00000018                                   : strcmp.obj (.text)
                  00005150    00000018                                   : strrchr.obj (.text)
                  00005168    00000016                                   : strchr.obj (.text)
                  0000517e    00000002     --HOLE-- [fill = 0]
                  00005180    00000014                                   : _lock.obj (.text)
                  00005194    00000014                                   : s_copysign.obj (.text)
                  000051a8    00000014                                   : strcpy.obj (.text)
                  000051bc    00000014                                   : strlen.obj (.text)
                  000051d0    00000010                                   : tolower.obj (.text)
                  000051e0    00000010                                   : toupper.obj (.text)
                  000051f0    0000000e                                   : copy_decompress_none.obj (.text:decompress:none)
                  000051fe    0000000c                                   : copy_zero_init.obj (.text:decompress:ZI)
                  0000520a    0000000c     tm4c1294ncpdt_startup_ccs.obj (.text)
                  00005216    00000004     rtsv7M4_T_le_v4SPD16_eabi.lib : pre_init.obj (.text)

.const     0    00005220    00000228     
                  00005220    00000101     rtsv7M4_T_le_v4SPD16_eabi.lib : ctype.obj (.const:.string:_ctypes_)
                  00005321    00000007     --HOLE-- [fill = 0]
                  00005328    00000098                                   : strtod.obj (.const:$O1$$)
                  000053c0    00000048     time.obj (.const:.string)
                  00005408    00000030     time.obj (.const:monthStrings)
                  00005438    00000010     rtsv7M4_T_le_v4SPD16_eabi.lib : _scanfi.obj (.const:$O1$$)

.cinit     0    00005448    00000068     
                  00005448    0000003d     (.cinit..data.load) [load image, compression = lzss]
                  00005485    00000003     --HOLE-- [fill = 0]
                  00005488    0000000c     (__TI_handler_table)
                  00005494    00000004     --HOLE-- [fill = 0]
                  00005498    00000008     (.cinit..bss.load) [load image, compression = zero_init]
                  000054a0    00000010     (__TI_cinit_table)

.init_array 
*          0    00000000    00000000     UNINITIALIZED

.sysmem    0    20000000    0003e800     UNINITIALIZED
                  20000000    00000008     rtsv7M4_T_le_v4SPD16_eabi.lib : memory.obj (.sysmem)
                  20000008    0003e7f8     --HOLE--

.stack     0    2003e800    00000800     UNINITIALIZED
                  2003e800    00000800     --HOLE--

.bss       0    2003f000    00000660     UNINITIALIZED
                  2003f000    00000640     (.common:mboxList)
                  2003f640    00000004     (.common:commandQueue)
                  2003f644    00000004     (.common:date)
                  2003f648    00000004     (.common:inQueue)
                  2003f64c    00000004     (.common:msgList)
                  2003f650    00000004     (.common:outQueue)
                  2003f654    00000004     (.common:priorityLevel)
                  2003f658    00000004     (.common:tenthSecondsCounter)
                  2003f65c    00000004     (.common:time)

.data      0    2003f660    00000094     UNINITIALIZED
                  2003f660    00000030     time.obj (.data:monthDays)
                  2003f690    00000018     SVC.obj (.data:running)
                  2003f6a8    00000010     SysTick.obj (.data)
                  2003f6b8    00000010     time.obj (.data)
                  2003f6c8    0000000c     rtsv7M4_T_le_v4SPD16_eabi.lib : exit.obj (.data:$O1$$)
                  2003f6d4    0000000c                                   : memory.obj (.data:$O1$$)
                  2003f6e0    00000008                                   : _lock.obj (.data:$O1$$)
                  2003f6e8    00000004     SVC.obj (.data)
                  2003f6ec    00000004     rtsv7M4_T_le_v4SPD16_eabi.lib : errno.obj (.data)
                  2003f6f0    00000004                                   : stkdepth_vars.obj (.data)

MODULE SUMMARY

       Module                          code    ro data   rw data
       ------                          ----    -------   -------
    .\
       SVC.obj                         900     0         1636   
       functions.obj                   2020    0         0      
       time.obj                        1752    120       76     
       applications.obj                1380    0         0      
       tm4c1294ncpdt_startup_ccs.obj   12      520       0      
       UART.obj                        388     0         8      
       cqueue.obj                      272     0         0      
       SysTick.obj                     160     0         20     
       Process.obj                     96      0         0      
    +--+-------------------------------+-------+---------+---------+
       Total:                          6980    640       1740   
                                                                
    C:\ti\ccsv7\tools\compiler\ti-cgt-arm_16.9.6.LTS\lib\rtsv7M4_T_le_v4SPD16_eabi.lib
       _printfi.obj                    4414    0         0      
       _scanfi.obj                     2200    16        0      
       memory.obj                      976     0         12     
       strtod.obj                      572     152       0      
       ull_div_t2.obj                  500     0         0      
       strtoll.obj                     476     0         0      
       fd_add_t2.obj                   438     0         0      
       strtoull.obj                    348     0         0      
       fd_div_t2.obj                   310     0         0      
       strtol.obj                      308     0         0      
       strtoul.obj                     276     0         0      
       fd_cmp_t2.obj                   268     0         0      
       ctype.obj                       0       257       0      
       fd_mul_t2.obj                   252     0         0      
       s_scalbn.obj                    252     0         0      
       sscanf.obj                      204     0         0      
       memcpy_t2.obj                   156     0         0      
       memset_t2.obj                   122     0         0      
       autoinit.obj                    112     0         0      
       fd_tos_t2.obj                   110     0         0      
       copy_decompress_lzss.obj        104     0         0      
       s_frexp.obj                     100     0         0      
       exit.obj                        84      0         12     
       sprintf.obj                     96      0         0      
       boot.obj                        84      0         0      
       ltoa.obj                        84      0         0      
       atoi.obj                        76      0         0      
       cpy_tbl.obj                     76      0         0      
       fd_toi_t2.obj                   72      0         0      
       u_divt2.obj                     64      0         0      
       i_tofd_t2.obj                   46      0         0      
       memcmp.obj                      36      0         0      
       _lock.obj                       20      0         8      
       memccpy.obj                     28      0         0      
       args_main.obj                   24      0         0      
       ll_mul_t2.obj                   24      0         0      
       strcmp.obj                      24      0         0      
       strrchr.obj                     24      0         0      
       strchr.obj                      22      0         0      
       s_copysign.obj                  20      0         0      
       strcpy.obj                      20      0         0      
       strlen.obj                      20      0         0      
       tolower.obj                     16      0         0      
       toupper.obj                     16      0         0      
       copy_decompress_none.obj        14      0         0      
       copy_zero_init.obj              12      0         0      
       errno.obj                       0       0         4      
       pre_init.obj                    4       0         0      
       stkdepth_vars.obj               0       0         4      
       i_div0.obj                      2       0         0      
       mpu_init.obj                    2       0         0      
       startup.obj                     2       0         0      
    +--+-------------------------------+-------+---------+---------+
       Total:                          13510   425       40     
                                                                
       Heap:                           0       0         256000 
       Stack:                          0       0         2048   
       Linker Generated:               0       97        0      
    +--+-------------------------------+-------+---------+---------+
       Grand Total:                    20490   1162      259828 


LINKER GENERATED COPY TABLES

__TI_cinit_table @ 000054a0 records: 2, size/record: 8, table size: 16
	.data: load addr=00005448, load size=0000003d bytes, run addr=2003f660, run size=00000094 bytes, compression=lzss
	.bss: load addr=00005498, load size=00000008 bytes, run addr=2003f000, run size=00000660 bytes, compression=zero_init


LINKER GENERATED HANDLER TABLE

__TI_handler_table @ 00005488 records: 3, size/record: 4, table size: 12
	index: 0, handler: __TI_decompress_lzss
	index: 1, handler: __TI_decompress_none
	index: 2, handler: __TI_zero_init


GLOBAL SYMBOLS: SORTED ALPHABETICALLY BY Name 

address   name                           
-------   ----                           
00004ed1  C$$EXIT                        
00002a9d  IOprocess                      
0000498f  IntMasterEnable                
00003f77  InterruptEnable                
00003fe9  InterruptMasterEnable          
0000520b  ResetISR                       
UNDEFED   SHT$$INIT_ARRAY$$Base          
UNDEFED   SHT$$INIT_ARRAY$$Limit         
000035f1  SVCHandler                     
0000359b  SVCall                         
00004993  SysTickHandler                 
00004983  SysTickIntDisable              
00004977  SysTickIntEnable               
00004965  SysTickPeriod                  
0000494d  SysTickStart                   
00004959  SysTickStop                    
00003f19  UART0_Init                     
00003f9f  UART0_IntEnable                
00003fb3  UART0_IntHandler               
2003f000  __STACK_END                    
00000800  __STACK_SIZE                   
2003ea00  __STACK_TOP                    
0003e800  __SYSMEM_SIZE                  
000054a0  __TI_CINIT_Base                
000054b0  __TI_CINIT_Limit               
00005488  __TI_Handler_Table_Base        
00005494  __TI_Handler_Table_Limit       
00004c11  __TI_auto_init                 
2003f6c8  __TI_cleanup_ptr               
00004cef  __TI_decompress_lzss           
000051f1  __TI_decompress_none           
2003f6cc  __TI_dtors_ptr                 
2003f6d0  __TI_enable_exit_profile_output
ffffffff  __TI_pprof_out_hndl            
00000a4d  __TI_printfi                   
ffffffff  __TI_prof_data_size            
ffffffff  __TI_prof_data_start           
00001349  __TI_scanfi                    
00000000  __TI_static_base__             
000051ff  __TI_zero_init                 
00004a89  __aeabi_cdcmpeq                
00004a89  __aeabi_cdcmple                
00004b0f  __aeabi_cdrcmple               
00004c81  __aeabi_d2f                    
00005011  __aeabi_d2iz                   
00003d6b  __aeabi_dadd                   
000041f9  __aeabi_ddiv                   
00004689  __aeabi_dmul                   
00003d61  __aeabi_dsub                   
00005099  __aeabi_i2d                    
00001347  __aeabi_idiv0                  
00005121  __aeabi_lmul                   
00004b95  __aeabi_memclr                 
00004b95  __aeabi_memclr4                
00004b95  __aeabi_memclr8                
000049ed  __aeabi_memcpy                 
000049ed  __aeabi_memcpy4                
000049ed  __aeabi_memcpy8                
00004b97  __aeabi_memset                 
00004b97  __aeabi_memset4                
00004b97  __aeabi_memset8                
00005059  __aeabi_uidiv                  
00005059  __aeabi_uidivmod               
00003991  __aeabi_uldivmod               
ffffffff  __binit__                      
ffffffff  __c_args__                     
00003f17  __mpu_init                     
2003e800  __stack                        
00005109  _args_main                     
00004e7d  _c_int00                       
00005220  _ctypes_                       
2003f6e0  _lock                          
0000518f  _nop                           
00005187  _register_lock                 
00005181  _register_unlock               
20000000  _sys_memory                    
0000432f  _system_post_cinit             
00005217  _system_pre_init               
2003f6e4  _unlock                        
00004ed5  abort                          
00002279  addPCB                         
2003f6c0  alarmConstant                  
2003f6ac  alarmPtr                       
000022d5  allocate                       
00002e03  assignR7                       
00004f79  atoi                           
000045f3  backspace                      
00002ebd  bind                           
ffffffff  binit                          
00002d17  boringProcess                  
000033a1  calloc                         
00004627  clearQueue                     
2003f640  commandQueue                   
00004fc5  copy_in                        
00005195  copysign                       
00005195  copysignl                      
2003f6b4  count                          
2003f644  date                           
2003f6bc  dateConstant                   
2003f6c4  daysPassed                     
000022fd  deallocate                     
000045b7  dequeue                        
00004579  enqueue                        
2003f6ec  errno                          
00004edd  exit                           
0000231d  findNextProcess                
00003fed  formOutQueue                   
000030eb  free                           
00004d59  frexp                          
00004d59  frexpl                         
00000000  g_pfnVectors                   
0000466b  getSize                        
00004dd3  get_MSP                        
00004dc9  get_PSP                        
00004e15  get_SP                         
2003f6a8  hundredths                     
00002d6d  idle                           
2003f648  inQueue                        
000033ff  initKernel                     
00004611  initQueue                      
00002bf3  inputRequest                   
00001d95  k_bind                         
00001c81  k_getPID                       
00001be1  k_input                        
00001cf9  k_nice                         
00001ccb  k_print                        
00001ce9  k_printChar                    
00001c8f  k_printVT                      
0000209d  k_recv                         
00001ea9  k_send                         
00001c0d  k_terminate                    
00001e27  k_unbind                       
00004785  ldexp                          
00004785  ldexpl                         
00002a37  leapYear                       
00004f25  ltoa                           
000033d1  main                           
2003f6f0  main_func_sp                   
00003081  malloc                         
2003f000  mboxList                       
000032b5  memalign                       
000050eb  memccpy                        
000050c7  memcmp                         
000049ed  memcpy                         
00004b9d  memset                         
00003001  minit                          
2003f660  monthDays                      
00005408  monthStrings                   
00002751  monthToInt                     
2003f64c  msgList                        
00002209  nextProcess                    
00002ed9  nice                           
00002c01  outProcess                     
2003f650  outQueue                       
00002951  parseAlarm                     
0000243d  parseCommand                   
00002669  parseDate                      
00002487  parseTime                      
000034f9  pendSVHandler                  
00002e1f  pkCall                         
000028fd  printAlarm                     
00004015  printChar                      
00002ee7  printRequest                   
00002f39  printVT                        
2003f654  priorityLevel                  
0000234b  processSwitch                  
00002895  readAlarm                      
000025d5  readDate                       
000023c5  readTime                       
000031ab  realloc                        
00002e93  recv                           
00003525  regProcess                     
00002243  removePCB                      
00004e07  restore_registers              
2003f690  running                        
00004df9  save_registers                 
00004785  scalbn                         
00004785  scalbnl                        
00002e69  send                           
00004dbd  set_LR                         
00004deb  set_MSP                        
00004ddd  set_PSP                        
00004e1d  sprintf                        
00004893  sscanf                         
00005169  strchr                         
00005139  strcmp                         
000051a9  strcpy                         
000051bd  strlen                         
00005151  strrchr                        
00003755  strtod                         
00004331  strtol                         
00003755  strtold                        
00003b85  strtoll                        
00004465  strtoul                        
0000409d  strtoull                       
2003f6b0  tenthSecondsAlarm              
2003f658  tenthSecondsCounter            
00002df3  terminate                      
2003f65c  time                           
2003f6b8  timeConstant                   
000051d1  tolower                        
000051e1  toupper                        
00004035  transmitByte                   
00002ecb  unbind                         
000027b1  updateDate                     
00002541  updateTime                     
00004881  vsscanf                        


GLOBAL SYMBOLS: SORTED BY Symbol Address 

address   name                           
-------   ----                           
00000000  __TI_static_base__             
00000000  g_pfnVectors                   
00000800  __STACK_SIZE                   
00000a4d  __TI_printfi                   
00001347  __aeabi_idiv0                  
00001349  __TI_scanfi                    
00001be1  k_input                        
00001c0d  k_terminate                    
00001c81  k_getPID                       
00001c8f  k_printVT                      
00001ccb  k_print                        
00001ce9  k_printChar                    
00001cf9  k_nice                         
00001d95  k_bind                         
00001e27  k_unbind                       
00001ea9  k_send                         
0000209d  k_recv                         
00002209  nextProcess                    
00002243  removePCB                      
00002279  addPCB                         
000022d5  allocate                       
000022fd  deallocate                     
0000231d  findNextProcess                
0000234b  processSwitch                  
000023c5  readTime                       
0000243d  parseCommand                   
00002487  parseTime                      
00002541  updateTime                     
000025d5  readDate                       
00002669  parseDate                      
00002751  monthToInt                     
000027b1  updateDate                     
00002895  readAlarm                      
000028fd  printAlarm                     
00002951  parseAlarm                     
00002a37  leapYear                       
00002a9d  IOprocess                      
00002bf3  inputRequest                   
00002c01  outProcess                     
00002d17  boringProcess                  
00002d6d  idle                           
00002df3  terminate                      
00002e03  assignR7                       
00002e1f  pkCall                         
00002e69  send                           
00002e93  recv                           
00002ebd  bind                           
00002ecb  unbind                         
00002ed9  nice                           
00002ee7  printRequest                   
00002f39  printVT                        
00003001  minit                          
00003081  malloc                         
000030eb  free                           
000031ab  realloc                        
000032b5  memalign                       
000033a1  calloc                         
000033d1  main                           
000033ff  initKernel                     
000034f9  pendSVHandler                  
00003525  regProcess                     
0000359b  SVCall                         
000035f1  SVCHandler                     
00003755  strtod                         
00003755  strtold                        
00003991  __aeabi_uldivmod               
00003b85  strtoll                        
00003d61  __aeabi_dsub                   
00003d6b  __aeabi_dadd                   
00003f17  __mpu_init                     
00003f19  UART0_Init                     
00003f77  InterruptEnable                
00003f9f  UART0_IntEnable                
00003fb3  UART0_IntHandler               
00003fe9  InterruptMasterEnable          
00003fed  formOutQueue                   
00004015  printChar                      
00004035  transmitByte                   
0000409d  strtoull                       
000041f9  __aeabi_ddiv                   
0000432f  _system_post_cinit             
00004331  strtol                         
00004465  strtoul                        
00004579  enqueue                        
000045b7  dequeue                        
000045f3  backspace                      
00004611  initQueue                      
00004627  clearQueue                     
0000466b  getSize                        
00004689  __aeabi_dmul                   
00004785  ldexp                          
00004785  ldexpl                         
00004785  scalbn                         
00004785  scalbnl                        
00004881  vsscanf                        
00004893  sscanf                         
0000494d  SysTickStart                   
00004959  SysTickStop                    
00004965  SysTickPeriod                  
00004977  SysTickIntEnable               
00004983  SysTickIntDisable              
0000498f  IntMasterEnable                
00004993  SysTickHandler                 
000049ed  __aeabi_memcpy                 
000049ed  __aeabi_memcpy4                
000049ed  __aeabi_memcpy8                
000049ed  memcpy                         
00004a89  __aeabi_cdcmpeq                
00004a89  __aeabi_cdcmple                
00004b0f  __aeabi_cdrcmple               
00004b95  __aeabi_memclr                 
00004b95  __aeabi_memclr4                
00004b95  __aeabi_memclr8                
00004b97  __aeabi_memset                 
00004b97  __aeabi_memset4                
00004b97  __aeabi_memset8                
00004b9d  memset                         
00004c11  __TI_auto_init                 
00004c81  __aeabi_d2f                    
00004cef  __TI_decompress_lzss           
00004d59  frexp                          
00004d59  frexpl                         
00004dbd  set_LR                         
00004dc9  get_PSP                        
00004dd3  get_MSP                        
00004ddd  set_PSP                        
00004deb  set_MSP                        
00004df9  save_registers                 
00004e07  restore_registers              
00004e15  get_SP                         
00004e1d  sprintf                        
00004e7d  _c_int00                       
00004ed1  C$$EXIT                        
00004ed5  abort                          
00004edd  exit                           
00004f25  ltoa                           
00004f79  atoi                           
00004fc5  copy_in                        
00005011  __aeabi_d2iz                   
00005059  __aeabi_uidiv                  
00005059  __aeabi_uidivmod               
00005099  __aeabi_i2d                    
000050c7  memcmp                         
000050eb  memccpy                        
00005109  _args_main                     
00005121  __aeabi_lmul                   
00005139  strcmp                         
00005151  strrchr                        
00005169  strchr                         
00005181  _register_unlock               
00005187  _register_lock                 
0000518f  _nop                           
00005195  copysign                       
00005195  copysignl                      
000051a9  strcpy                         
000051bd  strlen                         
000051d1  tolower                        
000051e1  toupper                        
000051f1  __TI_decompress_none           
000051ff  __TI_zero_init                 
0000520b  ResetISR                       
00005217  _system_pre_init               
00005220  _ctypes_                       
00005408  monthStrings                   
00005488  __TI_Handler_Table_Base        
00005494  __TI_Handler_Table_Limit       
000054a0  __TI_CINIT_Base                
000054b0  __TI_CINIT_Limit               
0003e800  __SYSMEM_SIZE                  
20000000  _sys_memory                    
2003e800  __stack                        
2003ea00  __STACK_TOP                    
2003f000  __STACK_END                    
2003f000  mboxList                       
2003f640  commandQueue                   
2003f644  date                           
2003f648  inQueue                        
2003f64c  msgList                        
2003f650  outQueue                       
2003f654  priorityLevel                  
2003f658  tenthSecondsCounter            
2003f65c  time                           
2003f660  monthDays                      
2003f690  running                        
2003f6a8  hundredths                     
2003f6ac  alarmPtr                       
2003f6b0  tenthSecondsAlarm              
2003f6b4  count                          
2003f6b8  timeConstant                   
2003f6bc  dateConstant                   
2003f6c0  alarmConstant                  
2003f6c4  daysPassed                     
2003f6c8  __TI_cleanup_ptr               
2003f6cc  __TI_dtors_ptr                 
2003f6d0  __TI_enable_exit_profile_output
2003f6e0  _lock                          
2003f6e4  _unlock                        
2003f6ec  errno                          
2003f6f0  main_func_sp                   
ffffffff  __TI_pprof_out_hndl            
ffffffff  __TI_prof_data_size            
ffffffff  __TI_prof_data_start           
ffffffff  __binit__                      
ffffffff  __c_args__                     
ffffffff  binit                          
UNDEFED   SHT$$INIT_ARRAY$$Base          
UNDEFED   SHT$$INIT_ARRAY$$Limit         

[207 symbols]
