******************************************************************************
                  TI ARM Linker PC v16.9.6                     
******************************************************************************
>> Linked Mon Nov 04 19:25:58 2019

OUTPUT FILE NAME:   <Kernel.out>
ENTRY POINT SYMBOL: "_c_int00"  address: 00000f89


MEMORY CONFIGURATION

         name            origin    length      used     unused   attr    fill
----------------------  --------  ---------  --------  --------  ----  --------
  FLASH                 00000000   00100000  0000111a  000feee6  R  X
  SRAM                  20000000   00040000  0003f060  00000fa0  RW X


SEGMENT ALLOCATION MAP

run origin  load origin   length   init length attrs members
----------  ----------- ---------- ----------- ----- -------
00000000    00000000    00001120   00001120    r-x
  00000000    00000000    00000208   00000208    r-- .intvecs
  00000208    00000208    00000eca   00000eca    r-x .text
  000010d8    000010d8    00000048   00000048    r-- .cinit
20000000    20000000    0003f060   00000000    rw-
  20000000    20000000    0003e800   00000000    rw- .sysmem
  2003e800    2003e800    00000800   00000000    rw- .stack
  2003f000    2003f000    0000004c   00000000    rw- .data
  2003f04c    2003f04c    00000014   00000000    rw- .bss


SECTION ALLOCATION MAP

 output                                  attributes/
section   page    origin      length       input sections
--------  ----  ----------  ----------   ----------------
.intvecs   0    00000000    00000208     
                  00000000    00000208     tm4c1294ncpdt_startup_ccs.obj (.intvecs)

.text      0    00000208    00000eca     
                  00000208    000003d0     rtsv7M4_T_le_v4SPD16_eabi.lib : memory.obj (.text)
                  000005d8    000001b8     SVC.obj (.text)
                  00000790    00000184     functions.obj (.text)
                  00000914    00000180     UART.obj (.text)
                  00000a94    00000116     cqueue.obj (.text)
                  00000baa    00000002     rtsv7M4_T_le_v4SPD16_eabi.lib : i_div0.obj (.text)
                  00000bac    000000a8     applications.obj (.text)
                  00000c54    0000009c     rtsv7M4_T_le_v4SPD16_eabi.lib : memcpy_t2.obj (.text)
                  00000cf0    00000084     SysTick.obj (.text)
                  00000d74    0000007a     rtsv7M4_T_le_v4SPD16_eabi.lib : memset_t2.obj (.text)
                  00000dee    00000002                                   : mpu_init.obj (.text)
                  00000df0    00000070                                   : autoinit.obj (.text)
                  00000e60    00000068                                   : copy_decompress_lzss.obj (.text:decompress:lzss)
                  00000ec8    00000060     Process.obj (.text)
                  00000f28    0000005e     rtsv7M4_T_le_v4SPD16_eabi.lib : i_divt2.obj (.text)
                  00000f86    00000002                                   : startup.obj (.text)
                  00000f88    00000054                                   : boot.obj (.text)
                  00000fdc    00000054                                   : exit.obj (.text)
                  00001030    0000004c                                   : cpy_tbl.obj (.text)
                  0000107c    00000018                                   : args_main.obj (.text)
                  00001094    00000014                                   : _lock.obj (.text)
                  000010a8    0000000e                                   : copy_decompress_none.obj (.text:decompress:none)
                  000010b6    0000000c                                   : copy_zero_init.obj (.text:decompress:ZI)
                  000010c2    0000000c     tm4c1294ncpdt_startup_ccs.obj (.text)
                  000010ce    00000004     rtsv7M4_T_le_v4SPD16_eabi.lib : pre_init.obj (.text)

.cinit     0    000010d8    00000048     
                  000010d8    00000023     (.cinit..data.load) [load image, compression = lzss]
                  000010fb    00000001     --HOLE-- [fill = 0]
                  000010fc    0000000c     (__TI_handler_table)
                  00001108    00000008     (.cinit..bss.load) [load image, compression = zero_init]
                  00001110    00000010     (__TI_cinit_table)

.init_array 
*          0    00000000    00000000     UNINITIALIZED

.sysmem    0    20000000    0003e800     UNINITIALIZED
                  20000000    00000008     rtsv7M4_T_le_v4SPD16_eabi.lib : memory.obj (.sysmem)
                  20000008    0003e7f8     --HOLE--

.stack     0    2003e800    00000800     UNINITIALIZED
                  2003e800    00000800     --HOLE--

.data      0    2003f000    0000004c     UNINITIALIZED
                  2003f000    00000014     SVC.obj (.data:running)
                  2003f014    0000000c     rtsv7M4_T_le_v4SPD16_eabi.lib : exit.obj (.data:$O1$$)
                  2003f020    0000000c                                   : memory.obj (.data:$O1$$)
                  2003f02c    0000000c     SysTick.obj (.data)
                  2003f038    00000008     rtsv7M4_T_le_v4SPD16_eabi.lib : _lock.obj (.data:$O1$$)
                  2003f040    00000004     SVC.obj (.data)
                  2003f044    00000004     applications.obj (.data)
                  2003f048    00000004     rtsv7M4_T_le_v4SPD16_eabi.lib : stkdepth_vars.obj (.data)

.bss       0    2003f04c    00000014     UNINITIALIZED
                  2003f04c    00000004     (.common:inQueue)
                  2003f050    00000004     (.common:outQueue)
                  2003f054    00000004     (.common:priorityLevel)
                  2003f058    00000004     (.common:registersSaved)
                  2003f05c    00000004     (.common:tenthSecondsCounter)

MODULE SUMMARY

       Module                          code   ro data   rw data
       ------                          ----   -------   -------
    .\
       tm4c1294ncpdt_startup_ccs.obj   12     520       0      
       SVC.obj                         440    0         32     
       UART.obj                        384    0         8      
       functions.obj                   388    0         0      
       cqueue.obj                      278    0         0      
       applications.obj                168    0         4      
       SysTick.obj                     132    0         16     
       Process.obj                     96     0         0      
    +--+-------------------------------+------+---------+---------+
       Total:                          1898   520       60     
                                                               
    C:\ti\ccsv7\tools\compiler\ti-cgt-arm_16.9.6.LTS\lib\rtsv7M4_T_le_v4SPD16_eabi.lib
       memory.obj                      976    0         12     
       memcpy_t2.obj                   156    0         0      
       memset_t2.obj                   122    0         0      
       autoinit.obj                    112    0         0      
       copy_decompress_lzss.obj        104    0         0      
       exit.obj                        84     0         12     
       i_divt2.obj                     94     0         0      
       boot.obj                        84     0         0      
       cpy_tbl.obj                     76     0         0      
       _lock.obj                       20     0         8      
       args_main.obj                   24     0         0      
       copy_decompress_none.obj        14     0         0      
       copy_zero_init.obj              12     0         0      
       pre_init.obj                    4      0         0      
       stkdepth_vars.obj               0      0         4      
       i_div0.obj                      2      0         0      
       mpu_init.obj                    2      0         0      
       startup.obj                     2      0         0      
    +--+-------------------------------+------+---------+---------+
       Total:                          1888   0         36     
                                                               
       Heap:                           0      0         256000 
       Stack:                          0      0         2048   
       Linker Generated:               0      71        0      
    +--+-------------------------------+------+---------+---------+
       Grand Total:                    3786   591       258144 


LINKER GENERATED COPY TABLES

__TI_cinit_table @ 00001110 records: 2, size/record: 8, table size: 16
	.data: load addr=000010d8, load size=00000023 bytes, run addr=2003f000, run size=0000004c bytes, compression=lzss
	.bss: load addr=00001108, load size=00000008 bytes, run addr=2003f04c, run size=00000014 bytes, compression=zero_init


LINKER GENERATED HANDLER TABLE

__TI_handler_table @ 000010fc records: 3, size/record: 4, table size: 12
	index: 0, handler: __TI_decompress_lzss
	index: 1, handler: __TI_decompress_none
	index: 2, handler: __TI_zero_init


GLOBAL SYMBOLS: SORTED ALPHABETICALLY BY Name 

address   name                           
-------   ----                           
00000fdd  C$$EXIT                        
00000d33  IntMasterEnable                
00000973  InterruptEnable                
000009e5  InterruptMasterEnable          
000010c3  ResetISR                       
UNDEFED   SHT$$INIT_ARRAY$$Base          
UNDEFED   SHT$$INIT_ARRAY$$Limit         
000006f9  SVCHandler                     
000006bf  SVCall                         
00000d37  SysTickHandler                 
00000d27  SysTickIntDisable              
00000d1b  SysTickIntEnable               
00000d09  SysTickPeriod                  
00000cf1  SysTickStart                   
00000cfd  SysTickStop                    
00000915  UART0_Init                     
0000099b  UART0_IntEnable                
000009af  UART0_IntHandler               
2003f000  __STACK_END                    
00000800  __STACK_SIZE                   
2003ea00  __STACK_TOP                    
0003e800  __SYSMEM_SIZE                  
00001110  __TI_CINIT_Base                
00001120  __TI_CINIT_Limit               
000010fc  __TI_Handler_Table_Base        
00001108  __TI_Handler_Table_Limit       
00000df1  __TI_auto_init                 
2003f014  __TI_cleanup_ptr               
00000e61  __TI_decompress_lzss           
000010a9  __TI_decompress_none           
2003f018  __TI_dtors_ptr                 
2003f01c  __TI_enable_exit_profile_output
ffffffff  __TI_pprof_out_hndl            
ffffffff  __TI_prof_data_size            
ffffffff  __TI_prof_data_start           
00000000  __TI_static_base__             
000010b7  __TI_zero_init                 
00000f29  __aeabi_idiv                   
00000bab  __aeabi_idiv0                  
00000f29  __aeabi_idivmod                
00000d75  __aeabi_memclr                 
00000d75  __aeabi_memclr4                
00000d75  __aeabi_memclr8                
00000c55  __aeabi_memcpy                 
00000c55  __aeabi_memcpy4                
00000c55  __aeabi_memcpy8                
00000d77  __aeabi_memset                 
00000d77  __aeabi_memset4                
00000d77  __aeabi_memset8                
ffffffff  __binit__                      
ffffffff  __c_args__                     
00000def  __mpu_init                     
2003e800  __stack                        
0000107d  _args_main                     
00000f89  _c_int00                       
2003f038  _lock                          
000010a3  _nop                           
0000109b  _register_lock                 
00001095  _register_unlock               
20000000  _sys_memory                    
00000f87  _system_post_cinit             
000010cf  _system_pre_init               
2003f03c  _unlock                        
00000fe1  abort                          
0000087b  addPCB                         
2003f02c  alarmPtr                       
00000c3f  assignR7                       
00000b0f  backspace                      
ffffffff  binit                          
000005a9  calloc                         
00000bc5  check                          
00000bc7  check2                         
00000b4f  clearQueue                     
00001031  copy_in                        
2003f034  count                          
00000ad3  dequeue                        
00000a95  enqueue                        
00000fe9  exit                           
000008d9  findNextProcess                
000002f3  free                           
00000000  g_pfnVectors                   
00000b93  getSize                        
00000edf  get_MSP                        
00000ed5  get_PSP                        
00000f21  get_SP                         
00000bc9  goodbye                        
00000bad  hello                          
2003f044  helloValue                     
2003f04c  inQueue                        
00000605  initKernel                     
00000b39  initQueue                      
000007fb  k_bind                         
000007eb  k_getPID                       
000007f9  k_nice                         
00000791  k_terminate                    
00000bff  lowest                         
000005d9  main                           
2003f048  main_func_sp                   
00000289  malloc                         
000004bd  memalign                       
00000c55  memcpy                         
00000d7d  memset                         
00000209  minit                          
0000080b  nextProcess                    
2003f050  outQueue                       
0000063f  pendSVHandler                  
000009e9  print                          
00000a11  printChar                      
2003f054  priorityLevel                  
000003b3  realloc                        
0000065b  regProcess                     
2003f058  registersSaved                 
00000845  removePCB                      
00000f13  restore_registers              
2003f000  running                        
00000f05  save_registers                 
00000ec9  set_LR                         
00000ef7  set_MSP                        
00000ee9  set_PSP                        
2003f030  tenthSecondsAlarm              
2003f05c  tenthSecondsCounter            
00000c29  terminate                      
00000a2d  transmitByte                   


GLOBAL SYMBOLS: SORTED BY Symbol Address 

address   name                           
-------   ----                           
00000000  __TI_static_base__             
00000000  g_pfnVectors                   
00000209  minit                          
00000289  malloc                         
000002f3  free                           
000003b3  realloc                        
000004bd  memalign                       
000005a9  calloc                         
000005d9  main                           
00000605  initKernel                     
0000063f  pendSVHandler                  
0000065b  regProcess                     
000006bf  SVCall                         
000006f9  SVCHandler                     
00000791  k_terminate                    
000007eb  k_getPID                       
000007f9  k_nice                         
000007fb  k_bind                         
00000800  __STACK_SIZE                   
0000080b  nextProcess                    
00000845  removePCB                      
0000087b  addPCB                         
000008d9  findNextProcess                
00000915  UART0_Init                     
00000973  InterruptEnable                
0000099b  UART0_IntEnable                
000009af  UART0_IntHandler               
000009e5  InterruptMasterEnable          
000009e9  print                          
00000a11  printChar                      
00000a2d  transmitByte                   
00000a95  enqueue                        
00000ad3  dequeue                        
00000b0f  backspace                      
00000b39  initQueue                      
00000b4f  clearQueue                     
00000b93  getSize                        
00000bab  __aeabi_idiv0                  
00000bad  hello                          
00000bc5  check                          
00000bc7  check2                         
00000bc9  goodbye                        
00000bff  lowest                         
00000c29  terminate                      
00000c3f  assignR7                       
00000c55  __aeabi_memcpy                 
00000c55  __aeabi_memcpy4                
00000c55  __aeabi_memcpy8                
00000c55  memcpy                         
00000cf1  SysTickStart                   
00000cfd  SysTickStop                    
00000d09  SysTickPeriod                  
00000d1b  SysTickIntEnable               
00000d27  SysTickIntDisable              
00000d33  IntMasterEnable                
00000d37  SysTickHandler                 
00000d75  __aeabi_memclr                 
00000d75  __aeabi_memclr4                
00000d75  __aeabi_memclr8                
00000d77  __aeabi_memset                 
00000d77  __aeabi_memset4                
00000d77  __aeabi_memset8                
00000d7d  memset                         
00000def  __mpu_init                     
00000df1  __TI_auto_init                 
00000e61  __TI_decompress_lzss           
00000ec9  set_LR                         
00000ed5  get_PSP                        
00000edf  get_MSP                        
00000ee9  set_PSP                        
00000ef7  set_MSP                        
00000f05  save_registers                 
00000f13  restore_registers              
00000f21  get_SP                         
00000f29  __aeabi_idiv                   
00000f29  __aeabi_idivmod                
00000f87  _system_post_cinit             
00000f89  _c_int00                       
00000fdd  C$$EXIT                        
00000fe1  abort                          
00000fe9  exit                           
00001031  copy_in                        
0000107d  _args_main                     
00001095  _register_unlock               
0000109b  _register_lock                 
000010a3  _nop                           
000010a9  __TI_decompress_none           
000010b7  __TI_zero_init                 
000010c3  ResetISR                       
000010cf  _system_pre_init               
000010fc  __TI_Handler_Table_Base        
00001108  __TI_Handler_Table_Limit       
00001110  __TI_CINIT_Base                
00001120  __TI_CINIT_Limit               
0003e800  __SYSMEM_SIZE                  
20000000  _sys_memory                    
2003e800  __stack                        
2003ea00  __STACK_TOP                    
2003f000  __STACK_END                    
2003f000  running                        
2003f014  __TI_cleanup_ptr               
2003f018  __TI_dtors_ptr                 
2003f01c  __TI_enable_exit_profile_output
2003f02c  alarmPtr                       
2003f030  tenthSecondsAlarm              
2003f034  count                          
2003f038  _lock                          
2003f03c  _unlock                        
2003f044  helloValue                     
2003f048  main_func_sp                   
2003f04c  inQueue                        
2003f050  outQueue                       
2003f054  priorityLevel                  
2003f058  registersSaved                 
2003f05c  tenthSecondsCounter            
ffffffff  __TI_pprof_out_hndl            
ffffffff  __TI_prof_data_size            
ffffffff  __TI_prof_data_start           
ffffffff  __binit__                      
ffffffff  __c_args__                     
ffffffff  binit                          
UNDEFED   SHT$$INIT_ARRAY$$Base          
UNDEFED   SHT$$INIT_ARRAY$$Limit         

[123 symbols]
