******************************************************************************
                  TI ARM Linker PC v16.9.6                     
******************************************************************************
>> Linked Thu Nov 28 01:32:59 2019

OUTPUT FILE NAME:   <Kernel.out>
ENTRY POINT SYMBOL: "_c_int00"  address: 00004dad


MEMORY CONFIGURATION

         name            origin    length      used     unused   attr    fill
----------------------  --------  ---------  --------  --------  ----  --------
  FLASH                 00000000   00100000  000053d2  000fac2e  R  X
  SRAM                  20000000   00040000  0003f6f4  0000090c  RW X


SEGMENT ALLOCATION MAP

run origin  load origin   length   init length attrs members
----------  ----------- ---------- ----------- ----- -------
00000000    00000000    000053d8   000053d8    r-x
  00000000    00000000    00000208   00000208    r-- .intvecs
  00000208    00000208    00004f42   00004f42    r-x .text
  00005150    00005150    00000228   00000228    r-- .const
  00005378    00005378    00000060   00000060    r-- .cinit
20000000    20000000    0003f6f4   00000000    rw-
  20000000    20000000    0003e800   00000000    rw- .sysmem
  2003e800    2003e800    00000800   00000000    rw- .stack
  2003f000    2003f000    00000660   00000000    rw- .bss
  2003f660    2003f660    00000094   00000000    rw- .data


SECTION ALLOCATION MAP

 output                                  attributes/
section   page    origin      length       input sections
--------  ----  ----------  ----------   ----------------
.intvecs   0    00000000    00000208     
                  00000000    00000208     tm4c1294ncpdt_startup_ccs.obj (.intvecs)

.text      0    00000208    00004f42     
                  00000208    0000113e     rtsv7M4_T_le_v4SPD16_eabi.lib : _printfi.obj (.text)
                  00001346    00000002                                   : i_div0.obj (.text)
                  00001348    00000898                                   : _scanfi.obj (.text)
                  00001be0    000007e0     functions.obj (.text)
                  000023c0    000006d8     time.obj (.text)
                  00002a98    00000498     applications.obj (.text)
                  00002f30    000003d0     rtsv7M4_T_le_v4SPD16_eabi.lib : memory.obj (.text)
                  00003300    00000384     SVC.obj (.text)
                  00003684    0000023c     rtsv7M4_T_le_v4SPD16_eabi.lib : strtod.obj (.text)
                  000038c0    000001f4                                   : ull_div_t2.obj (.text)
                  00003ab4    000001dc                                   : strtoll.obj (.text)
                  00003c90    000001b6                                   : fd_add_t2.obj (.text)
                  00003e46    00000002                                   : mpu_init.obj (.text)
                  00003e48    00000184     UART.obj (.text)
                  00003fcc    0000015c     rtsv7M4_T_le_v4SPD16_eabi.lib : strtoull.obj (.text)
                  00004128    00000136                                   : fd_div_t2.obj (.text)
                  0000425e    00000002                                   : startup.obj (.text)
                  00004260    00000134                                   : strtol.obj (.text)
                  00004394    00000114                                   : strtoul.obj (.text)
                  000044a8    00000110     cqueue.obj (.text)
                  000045b8    000000fc     rtsv7M4_T_le_v4SPD16_eabi.lib : fd_mul_t2.obj (.text)
                  000046b4    000000fc                                   : s_scalbn.obj (.text)
                  000047b0    000000cc                                   : sscanf.obj (.text)
                  0000487c    000000a0     SysTick.obj (.text)
                  0000491c    0000009c     rtsv7M4_T_le_v4SPD16_eabi.lib : memcpy_t2.obj (.text)
                  000049b8    00000086                                   : fd_cmp_t2.obj (.text:__aeabi_cdcmple)
                  00004a3e    00000086                                   : fd_cmp_t2.obj (.text:__aeabi_cdrcmple)
                  00004ac4    0000007a                                   : memset_t2.obj (.text)
                  00004b3e    00000002     --HOLE-- [fill = 0]
                  00004b40    00000070                                   : autoinit.obj (.text)
                  00004bb0    0000006e                                   : fd_tos_t2.obj (.text)
                  00004c1e    00000068                                   : copy_decompress_lzss.obj (.text:decompress:lzss)
                  00004c86    00000002     --HOLE-- [fill = 0]
                  00004c88    00000064                                   : s_frexp.obj (.text)
                  00004cec    00000060     Process.obj (.text)
                  00004d4c    00000060     rtsv7M4_T_le_v4SPD16_eabi.lib : sprintf.obj (.text)
                  00004dac    00000054                                   : boot.obj (.text)
                  00004e00    00000054                                   : exit.obj (.text)
                  00004e54    00000054                                   : ltoa.obj (.text)
                  00004ea8    0000004c                                   : atoi.obj (.text)
                  00004ef4    0000004c                                   : cpy_tbl.obj (.text)
                  00004f40    00000048                                   : fd_toi_t2.obj (.text)
                  00004f88    00000040                                   : u_divt2.obj (.text)
                  00004fc8    0000002e                                   : i_tofd_t2.obj (.text)
                  00004ff6    00000024                                   : memcmp.obj (.text)
                  0000501a    0000001c                                   : memccpy.obj (.text)
                  00005036    00000002     --HOLE-- [fill = 0]
                  00005038    00000018                                   : args_main.obj (.text)
                  00005050    00000018                                   : ll_mul_t2.obj (.text)
                  00005068    00000018                                   : strcmp.obj (.text)
                  00005080    00000018                                   : strrchr.obj (.text)
                  00005098    00000016                                   : strchr.obj (.text)
                  000050ae    00000002     --HOLE-- [fill = 0]
                  000050b0    00000014                                   : _lock.obj (.text)
                  000050c4    00000014                                   : s_copysign.obj (.text)
                  000050d8    00000014                                   : strcpy.obj (.text)
                  000050ec    00000014                                   : strlen.obj (.text)
                  00005100    00000010                                   : tolower.obj (.text)
                  00005110    00000010                                   : toupper.obj (.text)
                  00005120    0000000e                                   : copy_decompress_none.obj (.text:decompress:none)
                  0000512e    0000000c                                   : copy_zero_init.obj (.text:decompress:ZI)
                  0000513a    0000000c     tm4c1294ncpdt_startup_ccs.obj (.text)
                  00005146    00000004     rtsv7M4_T_le_v4SPD16_eabi.lib : pre_init.obj (.text)

.const     0    00005150    00000228     
                  00005150    00000101     rtsv7M4_T_le_v4SPD16_eabi.lib : ctype.obj (.const:.string:_ctypes_)
                  00005251    00000007     --HOLE-- [fill = 0]
                  00005258    00000098                                   : strtod.obj (.const:$O1$$)
                  000052f0    00000048     time.obj (.const:.string)
                  00005338    00000030     time.obj (.const:monthStrings)
                  00005368    00000010     rtsv7M4_T_le_v4SPD16_eabi.lib : _scanfi.obj (.const:$O1$$)

.cinit     0    00005378    00000060     
                  00005378    0000003c     (.cinit..data.load) [load image, compression = lzss]
                  000053b4    0000000c     (__TI_handler_table)
                  000053c0    00000008     (.cinit..bss.load) [load image, compression = zero_init]
                  000053c8    00000010     (__TI_cinit_table)

.init_array 
*          0    00000000    00000000     UNINITIALIZED

.sysmem    0    20000000    0003e800     UNINITIALIZED
                  20000000    00000008     rtsv7M4_T_le_v4SPD16_eabi.lib : memory.obj (.sysmem)
                  20000008    0003e7f8     --HOLE--

.stack     0    2003e800    00000800     UNINITIALIZED
                  2003e800    00000800     --HOLE--

.bss       0    2003f000    00000660     UNINITIALIZED
                  2003f000    00000640     (.common:mboxList)
                  2003f640    00000004     (.common:commandQueue)
                  2003f644    00000004     (.common:date)
                  2003f648    00000004     (.common:inQueue)
                  2003f64c    00000004     (.common:msgList)
                  2003f650    00000004     (.common:outQueue)
                  2003f654    00000004     (.common:priorityLevel)
                  2003f658    00000004     (.common:tenthSecondsCounter)
                  2003f65c    00000004     (.common:time)

.data      0    2003f660    00000094     UNINITIALIZED
                  2003f660    00000030     time.obj (.data:monthDays)
                  2003f690    00000018     SVC.obj (.data:running)
                  2003f6a8    00000010     SysTick.obj (.data)
                  2003f6b8    00000010     time.obj (.data)
                  2003f6c8    0000000c     rtsv7M4_T_le_v4SPD16_eabi.lib : exit.obj (.data:$O1$$)
                  2003f6d4    0000000c                                   : memory.obj (.data:$O1$$)
                  2003f6e0    00000008                                   : _lock.obj (.data:$O1$$)
                  2003f6e8    00000004     SVC.obj (.data)
                  2003f6ec    00000004     rtsv7M4_T_le_v4SPD16_eabi.lib : errno.obj (.data)
                  2003f6f0    00000004                                   : stkdepth_vars.obj (.data)

MODULE SUMMARY

       Module                          code    ro data   rw data
       ------                          ----    -------   -------
    .\
       SVC.obj                         900     0         1636   
       functions.obj                   2016    0         0      
       time.obj                        1752    120       76     
       applications.obj                1176    0         0      
       tm4c1294ncpdt_startup_ccs.obj   12      520       0      
       UART.obj                        388     0         8      
       cqueue.obj                      272     0         0      
       SysTick.obj                     160     0         20     
       Process.obj                     96      0         0      
    +--+-------------------------------+-------+---------+---------+
       Total:                          6772    640       1740   
                                                                
    C:\ti\ccsv7\tools\compiler\ti-cgt-arm_16.9.6.LTS\lib\rtsv7M4_T_le_v4SPD16_eabi.lib
       _printfi.obj                    4414    0         0      
       _scanfi.obj                     2200    16        0      
       memory.obj                      976     0         12     
       strtod.obj                      572     152       0      
       ull_div_t2.obj                  500     0         0      
       strtoll.obj                     476     0         0      
       fd_add_t2.obj                   438     0         0      
       strtoull.obj                    348     0         0      
       fd_div_t2.obj                   310     0         0      
       strtol.obj                      308     0         0      
       strtoul.obj                     276     0         0      
       fd_cmp_t2.obj                   268     0         0      
       ctype.obj                       0       257       0      
       fd_mul_t2.obj                   252     0         0      
       s_scalbn.obj                    252     0         0      
       sscanf.obj                      204     0         0      
       memcpy_t2.obj                   156     0         0      
       memset_t2.obj                   122     0         0      
       autoinit.obj                    112     0         0      
       fd_tos_t2.obj                   110     0         0      
       copy_decompress_lzss.obj        104     0         0      
       s_frexp.obj                     100     0         0      
       exit.obj                        84      0         12     
       sprintf.obj                     96      0         0      
       boot.obj                        84      0         0      
       ltoa.obj                        84      0         0      
       atoi.obj                        76      0         0      
       cpy_tbl.obj                     76      0         0      
       fd_toi_t2.obj                   72      0         0      
       u_divt2.obj                     64      0         0      
       i_tofd_t2.obj                   46      0         0      
       memcmp.obj                      36      0         0      
       _lock.obj                       20      0         8      
       memccpy.obj                     28      0         0      
       args_main.obj                   24      0         0      
       ll_mul_t2.obj                   24      0         0      
       strcmp.obj                      24      0         0      
       strrchr.obj                     24      0         0      
       strchr.obj                      22      0         0      
       s_copysign.obj                  20      0         0      
       strcpy.obj                      20      0         0      
       strlen.obj                      20      0         0      
       tolower.obj                     16      0         0      
       toupper.obj                     16      0         0      
       copy_decompress_none.obj        14      0         0      
       copy_zero_init.obj              12      0         0      
       errno.obj                       0       0         4      
       pre_init.obj                    4       0         0      
       stkdepth_vars.obj               0       0         4      
       i_div0.obj                      2       0         0      
       mpu_init.obj                    2       0         0      
       startup.obj                     2       0         0      
    +--+-------------------------------+-------+---------+---------+
       Total:                          13510   425       40     
                                                                
       Heap:                           0       0         256000 
       Stack:                          0       0         2048   
       Linker Generated:               0       96        0      
    +--+-------------------------------+-------+---------+---------+
       Grand Total:                    20282   1161      259828 


LINKER GENERATED COPY TABLES

__TI_cinit_table @ 000053c8 records: 2, size/record: 8, table size: 16
	.data: load addr=00005378, load size=0000003c bytes, run addr=2003f660, run size=00000094 bytes, compression=lzss
	.bss: load addr=000053c0, load size=00000008 bytes, run addr=2003f000, run size=00000660 bytes, compression=zero_init


LINKER GENERATED HANDLER TABLE

__TI_handler_table @ 000053b4 records: 3, size/record: 4, table size: 12
	index: 0, handler: __TI_decompress_lzss
	index: 1, handler: __TI_decompress_none
	index: 2, handler: __TI_zero_init


GLOBAL SYMBOLS: SORTED ALPHABETICALLY BY Name 

address   name                           
-------   ----                           
00004e01  C$$EXIT                        
00002a99  IOprocess                      
000048bf  IntMasterEnable                
00003ea7  InterruptEnable                
00003f19  InterruptMasterEnable          
0000513b  ResetISR                       
UNDEFED   SHT$$INIT_ARRAY$$Base          
UNDEFED   SHT$$INIT_ARRAY$$Limit         
00003521  SVCHandler                     
000034cb  SVCall                         
000048c3  SysTickHandler                 
000048b3  SysTickIntDisable              
000048a7  SysTickIntEnable               
00004895  SysTickPeriod                  
0000487d  SysTickStart                   
00004889  SysTickStop                    
00003e49  UART0_Init                     
00003ecf  UART0_IntEnable                
00003ee3  UART0_IntHandler               
2003f000  __STACK_END                    
00000800  __STACK_SIZE                   
2003ea00  __STACK_TOP                    
0003e800  __SYSMEM_SIZE                  
000053c8  __TI_CINIT_Base                
000053d8  __TI_CINIT_Limit               
000053b4  __TI_Handler_Table_Base        
000053c0  __TI_Handler_Table_Limit       
00004b41  __TI_auto_init                 
2003f6c8  __TI_cleanup_ptr               
00004c1f  __TI_decompress_lzss           
00005121  __TI_decompress_none           
2003f6cc  __TI_dtors_ptr                 
2003f6d0  __TI_enable_exit_profile_output
ffffffff  __TI_pprof_out_hndl            
00000a4d  __TI_printfi                   
ffffffff  __TI_prof_data_size            
ffffffff  __TI_prof_data_start           
00001349  __TI_scanfi                    
00000000  __TI_static_base__             
0000512f  __TI_zero_init                 
000049b9  __aeabi_cdcmpeq                
000049b9  __aeabi_cdcmple                
00004a3f  __aeabi_cdrcmple               
00004bb1  __aeabi_d2f                    
00004f41  __aeabi_d2iz                   
00003c9b  __aeabi_dadd                   
00004129  __aeabi_ddiv                   
000045b9  __aeabi_dmul                   
00003c91  __aeabi_dsub                   
00004fc9  __aeabi_i2d                    
00001347  __aeabi_idiv0                  
00005051  __aeabi_lmul                   
00004ac5  __aeabi_memclr                 
00004ac5  __aeabi_memclr4                
00004ac5  __aeabi_memclr8                
0000491d  __aeabi_memcpy                 
0000491d  __aeabi_memcpy4                
0000491d  __aeabi_memcpy8                
00004ac7  __aeabi_memset                 
00004ac7  __aeabi_memset4                
00004ac7  __aeabi_memset8                
00004f89  __aeabi_uidiv                  
00004f89  __aeabi_uidivmod               
000038c1  __aeabi_uldivmod               
ffffffff  __binit__                      
ffffffff  __c_args__                     
00003e47  __mpu_init                     
2003e800  __stack                        
00005039  _args_main                     
00004dad  _c_int00                       
00005150  _ctypes_                       
2003f6e0  _lock                          
000050bf  _nop                           
000050b7  _register_lock                 
000050b1  _register_unlock               
20000000  _sys_memory                    
0000425f  _system_post_cinit             
00005147  _system_pre_init               
2003f6e4  _unlock                        
00004e05  abort                          
00002275  addPCB                         
2003f6c0  alarmConstant                  
2003f6ac  alarmPtr                       
000022d1  allocate                       
00002d67  assignR7                       
00004ea9  atoi                           
00004523  backspace                      
00002df5  bind                           
ffffffff  binit                          
000032d1  calloc                         
00004557  clearQueue                     
2003f640  commandQueue                   
00004ef5  copy_in                        
000050c5  copysign                       
000050c5  copysignl                      
2003f6b4  count                          
2003f644  date                           
2003f6bc  dateConstant                   
2003f6c4  daysPassed                     
000022f9  deallocate                     
000044e7  dequeue                        
000044a9  enqueue                        
2003f6ec  errno                          
00004e0d  exit                           
00002319  findNextProcess                
00003f1d  formOutQueue                   
0000301b  free                           
00004c89  frexp                          
00004c89  frexpl                         
00000000  g_pfnVectors                   
0000459b  getSize                        
00004d03  get_MSP                        
00004cf9  get_PSP                        
00004d45  get_SP                         
2003f6a8  hundredths                     
00002cbf  idle                           
00002c95  inProcess                      
2003f648  inQueue                        
0000332f  initKernel                     
00004541  initQueue                      
00002bdb  inputRequest                   
00001d95  k_bind                         
00001c81  k_getPID                       
00001be1  k_input                        
00001cf9  k_nice                         
00001ccb  k_print                        
00001ce9  k_printChar                    
00001c8f  k_printVT                      
0000209d  k_recv                         
00001ea9  k_send                         
00001c0d  k_terminate                    
00001e27  k_unbind                       
000046b5  ldexp                          
000046b5  ldexpl                         
00002a33  leapYear                       
00004e55  ltoa                           
00003301  main                           
2003f6f0  main_func_sp                   
00002fb1  malloc                         
2003f000  mboxList                       
000031e5  memalign                       
0000501b  memccpy                        
00004ff7  memcmp                         
0000491d  memcpy                         
00004acd  memset                         
00002f31  minit                          
2003f660  monthDays                      
00005338  monthStrings                   
0000274d  monthToInt                     
2003f64c  msgList                        
00002205  nextProcess                    
00002e17  nice                           
00002be9  outProcess                     
2003f650  outQueue                       
0000294d  parseAlarm                     
00002439  parseCommand                   
00002665  parseDate                      
00002483  parseTime                      
00003429  pendSVHandler                  
00002d79  pkCall                         
000028f9  printAlarm                     
00003f45  printChar                      
00002e45  printRequest                   
00002e53  printVT                        
2003f654  priorityLevel                  
00002347  processSwitch                  
00002891  readAlarm                      
000025d1  readDate                       
000023c1  readTime                       
000030db  realloc                        
00002dc3  recv                           
00003455  regProcess                     
0000223f  removePCB                      
00004d37  restore_registers              
2003f690  running                        
00004d29  save_registers                 
000046b5  scalbn                         
000046b5  scalbnl                        
00002d99  send                           
00004ced  set_LR                         
00004d1b  set_MSP                        
00004d0d  set_PSP                        
00004d4d  sprintf                        
000047c3  sscanf                         
00005099  strchr                         
00005069  strcmp                         
000050d9  strcpy                         
000050ed  strlen                         
00005081  strrchr                        
00003685  strtod                         
00004261  strtol                         
00003685  strtold                        
00003ab5  strtoll                        
00004395  strtoul                        
00003fcd  strtoull                       
2003f6b0  tenthSecondsAlarm              
2003f658  tenthSecondsCounter            
00002d57  terminate                      
2003f65c  time                           
2003f6b8  timeConstant                   
00005101  tolower                        
00005111  toupper                        
00003f65  transmitByte                   
00002e03  unbind                         
000027ad  updateDate                     
0000253d  updateTime                     
000047b1  vsscanf                        


GLOBAL SYMBOLS: SORTED BY Symbol Address 

address   name                           
-------   ----                           
00000000  __TI_static_base__             
00000000  g_pfnVectors                   
00000800  __STACK_SIZE                   
00000a4d  __TI_printfi                   
00001347  __aeabi_idiv0                  
00001349  __TI_scanfi                    
00001be1  k_input                        
00001c0d  k_terminate                    
00001c81  k_getPID                       
00001c8f  k_printVT                      
00001ccb  k_print                        
00001ce9  k_printChar                    
00001cf9  k_nice                         
00001d95  k_bind                         
00001e27  k_unbind                       
00001ea9  k_send                         
0000209d  k_recv                         
00002205  nextProcess                    
0000223f  removePCB                      
00002275  addPCB                         
000022d1  allocate                       
000022f9  deallocate                     
00002319  findNextProcess                
00002347  processSwitch                  
000023c1  readTime                       
00002439  parseCommand                   
00002483  parseTime                      
0000253d  updateTime                     
000025d1  readDate                       
00002665  parseDate                      
0000274d  monthToInt                     
000027ad  updateDate                     
00002891  readAlarm                      
000028f9  printAlarm                     
0000294d  parseAlarm                     
00002a33  leapYear                       
00002a99  IOprocess                      
00002bdb  inputRequest                   
00002be9  outProcess                     
00002c95  inProcess                      
00002cbf  idle                           
00002d57  terminate                      
00002d67  assignR7                       
00002d79  pkCall                         
00002d99  send                           
00002dc3  recv                           
00002df5  bind                           
00002e03  unbind                         
00002e17  nice                           
00002e45  printRequest                   
00002e53  printVT                        
00002f31  minit                          
00002fb1  malloc                         
0000301b  free                           
000030db  realloc                        
000031e5  memalign                       
000032d1  calloc                         
00003301  main                           
0000332f  initKernel                     
00003429  pendSVHandler                  
00003455  regProcess                     
000034cb  SVCall                         
00003521  SVCHandler                     
00003685  strtod                         
00003685  strtold                        
000038c1  __aeabi_uldivmod               
00003ab5  strtoll                        
00003c91  __aeabi_dsub                   
00003c9b  __aeabi_dadd                   
00003e47  __mpu_init                     
00003e49  UART0_Init                     
00003ea7  InterruptEnable                
00003ecf  UART0_IntEnable                
00003ee3  UART0_IntHandler               
00003f19  InterruptMasterEnable          
00003f1d  formOutQueue                   
00003f45  printChar                      
00003f65  transmitByte                   
00003fcd  strtoull                       
00004129  __aeabi_ddiv                   
0000425f  _system_post_cinit             
00004261  strtol                         
00004395  strtoul                        
000044a9  enqueue                        
000044e7  dequeue                        
00004523  backspace                      
00004541  initQueue                      
00004557  clearQueue                     
0000459b  getSize                        
000045b9  __aeabi_dmul                   
000046b5  ldexp                          
000046b5  ldexpl                         
000046b5  scalbn                         
000046b5  scalbnl                        
000047b1  vsscanf                        
000047c3  sscanf                         
0000487d  SysTickStart                   
00004889  SysTickStop                    
00004895  SysTickPeriod                  
000048a7  SysTickIntEnable               
000048b3  SysTickIntDisable              
000048bf  IntMasterEnable                
000048c3  SysTickHandler                 
0000491d  __aeabi_memcpy                 
0000491d  __aeabi_memcpy4                
0000491d  __aeabi_memcpy8                
0000491d  memcpy                         
000049b9  __aeabi_cdcmpeq                
000049b9  __aeabi_cdcmple                
00004a3f  __aeabi_cdrcmple               
00004ac5  __aeabi_memclr                 
00004ac5  __aeabi_memclr4                
00004ac5  __aeabi_memclr8                
00004ac7  __aeabi_memset                 
00004ac7  __aeabi_memset4                
00004ac7  __aeabi_memset8                
00004acd  memset                         
00004b41  __TI_auto_init                 
00004bb1  __aeabi_d2f                    
00004c1f  __TI_decompress_lzss           
00004c89  frexp                          
00004c89  frexpl                         
00004ced  set_LR                         
00004cf9  get_PSP                        
00004d03  get_MSP                        
00004d0d  set_PSP                        
00004d1b  set_MSP                        
00004d29  save_registers                 
00004d37  restore_registers              
00004d45  get_SP                         
00004d4d  sprintf                        
00004dad  _c_int00                       
00004e01  C$$EXIT                        
00004e05  abort                          
00004e0d  exit                           
00004e55  ltoa                           
00004ea9  atoi                           
00004ef5  copy_in                        
00004f41  __aeabi_d2iz                   
00004f89  __aeabi_uidiv                  
00004f89  __aeabi_uidivmod               
00004fc9  __aeabi_i2d                    
00004ff7  memcmp                         
0000501b  memccpy                        
00005039  _args_main                     
00005051  __aeabi_lmul                   
00005069  strcmp                         
00005081  strrchr                        
00005099  strchr                         
000050b1  _register_unlock               
000050b7  _register_lock                 
000050bf  _nop                           
000050c5  copysign                       
000050c5  copysignl                      
000050d9  strcpy                         
000050ed  strlen                         
00005101  tolower                        
00005111  toupper                        
00005121  __TI_decompress_none           
0000512f  __TI_zero_init                 
0000513b  ResetISR                       
00005147  _system_pre_init               
00005150  _ctypes_                       
00005338  monthStrings                   
000053b4  __TI_Handler_Table_Base        
000053c0  __TI_Handler_Table_Limit       
000053c8  __TI_CINIT_Base                
000053d8  __TI_CINIT_Limit               
0003e800  __SYSMEM_SIZE                  
20000000  _sys_memory                    
2003e800  __stack                        
2003ea00  __STACK_TOP                    
2003f000  __STACK_END                    
2003f000  mboxList                       
2003f640  commandQueue                   
2003f644  date                           
2003f648  inQueue                        
2003f64c  msgList                        
2003f650  outQueue                       
2003f654  priorityLevel                  
2003f658  tenthSecondsCounter            
2003f65c  time                           
2003f660  monthDays                      
2003f690  running                        
2003f6a8  hundredths                     
2003f6ac  alarmPtr                       
2003f6b0  tenthSecondsAlarm              
2003f6b4  count                          
2003f6b8  timeConstant                   
2003f6bc  dateConstant                   
2003f6c0  alarmConstant                  
2003f6c4  daysPassed                     
2003f6c8  __TI_cleanup_ptr               
2003f6cc  __TI_dtors_ptr                 
2003f6d0  __TI_enable_exit_profile_output
2003f6e0  _lock                          
2003f6e4  _unlock                        
2003f6ec  errno                          
2003f6f0  main_func_sp                   
ffffffff  __TI_pprof_out_hndl            
ffffffff  __TI_prof_data_size            
ffffffff  __TI_prof_data_start           
ffffffff  __binit__                      
ffffffff  __c_args__                     
ffffffff  binit                          
UNDEFED   SHT$$INIT_ARRAY$$Base          
UNDEFED   SHT$$INIT_ARRAY$$Limit         

[207 symbols]
