******************************************************************************
                  TI ARM Linker PC v16.9.6                     
******************************************************************************
>> Linked Thu Oct 31 16:00:03 2019

OUTPUT FILE NAME:   <Kernel.out>
ENTRY POINT SYMBOL: "_c_int00"  address: 00000ddd


MEMORY CONFIGURATION

         name            origin    length      used     unused   attr    fill
----------------------  --------  ---------  --------  --------  ----  --------
  FLASH                 00000000   00100000  00000f6e  000ff092  R  X
  SRAM                  20000000   00040000  0003f05c  00000fa4  RW X


SEGMENT ALLOCATION MAP

run origin  load origin   length   init length attrs members
----------  ----------- ---------- ----------- ----- -------
00000000    00000000    00000f70   00000f70    r-x
  00000000    00000000    00000208   00000208    r-- .intvecs
  00000208    00000208    00000d1e   00000d1e    r-x .text
  00000f28    00000f28    00000048   00000048    r-- .cinit
20000000    20000000    0003f05c   00000000    rw-
  20000000    20000000    0003e800   00000000    rw- .sysmem
  2003e800    2003e800    00000800   00000000    rw- .stack
  2003f000    2003f000    00000038   00000000    rw- .data
  2003f038    2003f038    00000024   00000000    rw- .bss


SECTION ALLOCATION MAP

 output                                  attributes/
section   page    origin      length       input sections
--------  ----  ----------  ----------   ----------------
.intvecs   0    00000000    00000208     
                  00000000    00000208     tm4c1294ncpdt_startup_ccs.obj (.intvecs)

.text      0    00000208    00000d1e     
                  00000208    000003d0     rtsv7M4_T_le_v4SPD16_eabi.lib : memory.obj (.text)
                  000005d8    00000244     SVC.obj (.text)
                  0000081c    00000180     UART.obj (.text)
                  0000099c    00000116     cqueue.obj (.text)
                  00000ab2    0000009c     rtsv7M4_T_le_v4SPD16_eabi.lib : memcpy_t2.obj (.text)
                  00000b4e    00000002                                   : i_div0.obj (.text)
                  00000b50    00000084     SysTick.obj (.text)
                  00000bd4    0000007a     rtsv7M4_T_le_v4SPD16_eabi.lib : memset_t2.obj (.text)
                  00000c4e    00000002                                   : mpu_init.obj (.text)
                  00000c50    00000070                                   : autoinit.obj (.text)
                  00000cc0    00000068                                   : copy_decompress_lzss.obj (.text:decompress:lzss)
                  00000d28    0000005e                                   : i_divt2.obj (.text)
                  00000d86    00000054     Process.obj (.text)
                  00000dda    00000002     rtsv7M4_T_le_v4SPD16_eabi.lib : startup.obj (.text)
                  00000ddc    00000054                                   : boot.obj (.text)
                  00000e30    00000054                                   : exit.obj (.text)
                  00000e84    0000004c                                   : cpy_tbl.obj (.text)
                  00000ed0    00000018                                   : args_main.obj (.text)
                  00000ee8    00000014                                   : _lock.obj (.text)
                  00000efc    0000000e                                   : copy_decompress_none.obj (.text:decompress:none)
                  00000f0a    0000000c                                   : copy_zero_init.obj (.text:decompress:ZI)
                  00000f16    0000000c     tm4c1294ncpdt_startup_ccs.obj (.text)
                  00000f22    00000004     rtsv7M4_T_le_v4SPD16_eabi.lib : pre_init.obj (.text)

.cinit     0    00000f28    00000048     
                  00000f28    00000022     (.cinit..data.load) [load image, compression = lzss]
                  00000f4a    00000002     --HOLE-- [fill = 0]
                  00000f4c    0000000c     (__TI_handler_table)
                  00000f58    00000008     (.cinit..bss.load) [load image, compression = zero_init]
                  00000f60    00000010     (__TI_cinit_table)

.init_array 
*          0    00000000    00000000     UNINITIALIZED

.sysmem    0    20000000    0003e800     UNINITIALIZED
                  20000000    00000008     rtsv7M4_T_le_v4SPD16_eabi.lib : memory.obj (.sysmem)
                  20000008    0003e7f8     --HOLE--

.stack     0    2003e800    00000800     UNINITIALIZED
                  2003e800    00000800     --HOLE--

.data      0    2003f000    00000038     UNINITIALIZED
                  2003f000    0000000c     rtsv7M4_T_le_v4SPD16_eabi.lib : exit.obj (.data:$O1$$)
                  2003f00c    0000000c                                   : memory.obj (.data:$O1$$)
                  2003f018    0000000c     SysTick.obj (.data)
                  2003f024    00000008     rtsv7M4_T_le_v4SPD16_eabi.lib : _lock.obj (.data:$O1$$)
                  2003f02c    00000008     SVC.obj (.data)
                  2003f034    00000004     rtsv7M4_T_le_v4SPD16_eabi.lib : stkdepth_vars.obj (.data)

.bss       0    2003f038    00000024     UNINITIALIZED
                  2003f038    00000014     (.common:running)
                  2003f04c    00000004     (.common:inQueue)
                  2003f050    00000004     (.common:outQueue)
                  2003f054    00000004     (.common:priorityLevel)
                  2003f058    00000004     (.common:tenthSecondsCounter)

MODULE SUMMARY

       Module                          code   ro data   rw data
       ------                          ----   -------   -------
    .\
       SVC.obj                         580    0         32     
       tm4c1294ncpdt_startup_ccs.obj   12     520       0      
       UART.obj                        384    0         8      
       cqueue.obj                      278    0         0      
       SysTick.obj                     132    0         16     
       Process.obj                     84     0         0      
    +--+-------------------------------+------+---------+---------+
       Total:                          1470   520       56     
                                                               
    C:\ti\ccsv7\tools\compiler\ti-cgt-arm_16.9.6.LTS\lib\rtsv7M4_T_le_v4SPD16_eabi.lib
       memory.obj                      976    0         12     
       memcpy_t2.obj                   156    0         0      
       memset_t2.obj                   122    0         0      
       autoinit.obj                    112    0         0      
       copy_decompress_lzss.obj        104    0         0      
       exit.obj                        84     0         12     
       i_divt2.obj                     94     0         0      
       boot.obj                        84     0         0      
       cpy_tbl.obj                     76     0         0      
       _lock.obj                       20     0         8      
       args_main.obj                   24     0         0      
       copy_decompress_none.obj        14     0         0      
       copy_zero_init.obj              12     0         0      
       pre_init.obj                    4      0         0      
       stkdepth_vars.obj               0      0         4      
       i_div0.obj                      2      0         0      
       mpu_init.obj                    2      0         0      
       startup.obj                     2      0         0      
    +--+-------------------------------+------+---------+---------+
       Total:                          1888   0         36     
                                                               
       Heap:                           0      0         256000 
       Stack:                          0      0         2048   
       Linker Generated:               0      70        0      
    +--+-------------------------------+------+---------+---------+
       Grand Total:                    3358   590       258140 


LINKER GENERATED COPY TABLES

__TI_cinit_table @ 00000f60 records: 2, size/record: 8, table size: 16
	.data: load addr=00000f28, load size=00000022 bytes, run addr=2003f000, run size=00000038 bytes, compression=lzss
	.bss: load addr=00000f58, load size=00000008 bytes, run addr=2003f038, run size=00000024 bytes, compression=zero_init


LINKER GENERATED HANDLER TABLE

__TI_handler_table @ 00000f4c records: 3, size/record: 4, table size: 12
	index: 0, handler: __TI_decompress_lzss
	index: 1, handler: __TI_decompress_none
	index: 2, handler: __TI_zero_init


GLOBAL SYMBOLS: SORTED ALPHABETICALLY BY Name 

address   name                           
-------   ----                           
00000e31  C$$EXIT                        
00000b93  IntMasterEnable                
0000087b  InterruptEnable                
000008ed  InterruptMasterEnable          
00000f17  ResetISR                       
UNDEFED   SHT$$INIT_ARRAY$$Base          
UNDEFED   SHT$$INIT_ARRAY$$Limit         
0000076d  SVCHandler                     
0000072b  SVCall                         
00000b97  SysTickHandler                 
00000b87  SysTickIntDisable              
00000b7b  SysTickIntEnable               
00000b69  SysTickPeriod                  
00000b51  SysTickStart                   
00000b5d  SysTickStop                    
0000081d  UART0_Init                     
000008a3  UART0_IntEnable                
000008b7  UART0_IntHandler               
2003f000  __STACK_END                    
00000800  __STACK_SIZE                   
2003ea00  __STACK_TOP                    
0003e800  __SYSMEM_SIZE                  
00000f60  __TI_CINIT_Base                
00000f70  __TI_CINIT_Limit               
00000f4c  __TI_Handler_Table_Base        
00000f58  __TI_Handler_Table_Limit       
00000c51  __TI_auto_init                 
2003f000  __TI_cleanup_ptr               
00000cc1  __TI_decompress_lzss           
00000efd  __TI_decompress_none           
2003f004  __TI_dtors_ptr                 
2003f008  __TI_enable_exit_profile_output
ffffffff  __TI_pprof_out_hndl            
ffffffff  __TI_prof_data_size            
ffffffff  __TI_prof_data_start           
00000000  __TI_static_base__             
00000f0b  __TI_zero_init                 
00000d29  __aeabi_idiv                   
00000b4f  __aeabi_idiv0                  
00000d29  __aeabi_idivmod                
00000bd5  __aeabi_memclr                 
00000bd5  __aeabi_memclr4                
00000bd5  __aeabi_memclr8                
00000ab3  __aeabi_memcpy                 
00000ab3  __aeabi_memcpy4                
00000ab3  __aeabi_memcpy8                
00000bd7  __aeabi_memset                 
00000bd7  __aeabi_memset4                
00000bd7  __aeabi_memset8                
ffffffff  __binit__                      
ffffffff  __c_args__                     
00000c4f  __mpu_init                     
2003e800  __stack                        
00000ed1  _args_main                     
00000ddd  _c_int00                       
2003f024  _lock                          
00000ef7  _nop                           
00000eef  _register_lock                 
00000ee9  _register_unlock               
20000000  _sys_memory                    
00000ddb  _system_post_cinit             
00000f23  _system_pre_init               
2003f028  _unlock                        
00000e35  abort                          
00000693  addPCB                         
0000071f  addProcess                     
2003f018  alarmPtr                       
00000a17  backspace                      
ffffffff  binit                          
000005a9  calloc                         
00000a57  clearQueue                     
00000e85  copy_in                        
2003f020  count                          
000009db  dequeue                        
0000099d  enqueue                        
00000e3d  exit                           
000006f1  findNextProcess                
000002f3  free                           
00000000  g_pfnVectors                   
00000a9b  getSize                        
00000d91  get_MSP                        
00000d87  get_PSP                        
00000dd3  get_SP                         
0000064d  goodbye                        
00000645  hello                          
2003f02c  helloValue                     
2003f04c  inQueue                        
0000065f  initKernel                     
00000a41  initQueue                      
000005d9  main                           
2003f034  main_func_sp                   
00000289  malloc                         
000004bd  memalign                       
00000ab3  memcpy                         
00000bdd  memset                         
00000209  minit                          
000007bd  nextProcess                    
2003f050  outQueue                       
000007ad  pendSVHandler                  
000008f1  print                          
00000919  printChar                      
2003f054  priorityLevel                  
000003b3  realloc                        
000005fb  regProcess                     
00000dc5  restore_registers              
2003f038  running                        
00000db7  save_registers                 
00000da9  set_MSP                        
00000d9b  set_PSP                        
2003f01c  tenthSecondsAlarm              
2003f058  tenthSecondsCounter            
00000657  terminate                      
00000935  transmitByte                   


GLOBAL SYMBOLS: SORTED BY Symbol Address 

address   name                           
-------   ----                           
00000000  __TI_static_base__             
00000000  g_pfnVectors                   
00000209  minit                          
00000289  malloc                         
000002f3  free                           
000003b3  realloc                        
000004bd  memalign                       
000005a9  calloc                         
000005d9  main                           
000005fb  regProcess                     
00000645  hello                          
0000064d  goodbye                        
00000657  terminate                      
0000065f  initKernel                     
00000693  addPCB                         
000006f1  findNextProcess                
0000071f  addProcess                     
0000072b  SVCall                         
0000076d  SVCHandler                     
000007ad  pendSVHandler                  
000007bd  nextProcess                    
00000800  __STACK_SIZE                   
0000081d  UART0_Init                     
0000087b  InterruptEnable                
000008a3  UART0_IntEnable                
000008b7  UART0_IntHandler               
000008ed  InterruptMasterEnable          
000008f1  print                          
00000919  printChar                      
00000935  transmitByte                   
0000099d  enqueue                        
000009db  dequeue                        
00000a17  backspace                      
00000a41  initQueue                      
00000a57  clearQueue                     
00000a9b  getSize                        
00000ab3  __aeabi_memcpy                 
00000ab3  __aeabi_memcpy4                
00000ab3  __aeabi_memcpy8                
00000ab3  memcpy                         
00000b4f  __aeabi_idiv0                  
00000b51  SysTickStart                   
00000b5d  SysTickStop                    
00000b69  SysTickPeriod                  
00000b7b  SysTickIntEnable               
00000b87  SysTickIntDisable              
00000b93  IntMasterEnable                
00000b97  SysTickHandler                 
00000bd5  __aeabi_memclr                 
00000bd5  __aeabi_memclr4                
00000bd5  __aeabi_memclr8                
00000bd7  __aeabi_memset                 
00000bd7  __aeabi_memset4                
00000bd7  __aeabi_memset8                
00000bdd  memset                         
00000c4f  __mpu_init                     
00000c51  __TI_auto_init                 
00000cc1  __TI_decompress_lzss           
00000d29  __aeabi_idiv                   
00000d29  __aeabi_idivmod                
00000d87  get_PSP                        
00000d91  get_MSP                        
00000d9b  set_PSP                        
00000da9  set_MSP                        
00000db7  save_registers                 
00000dc5  restore_registers              
00000dd3  get_SP                         
00000ddb  _system_post_cinit             
00000ddd  _c_int00                       
00000e31  C$$EXIT                        
00000e35  abort                          
00000e3d  exit                           
00000e85  copy_in                        
00000ed1  _args_main                     
00000ee9  _register_unlock               
00000eef  _register_lock                 
00000ef7  _nop                           
00000efd  __TI_decompress_none           
00000f0b  __TI_zero_init                 
00000f17  ResetISR                       
00000f23  _system_pre_init               
00000f4c  __TI_Handler_Table_Base        
00000f58  __TI_Handler_Table_Limit       
00000f60  __TI_CINIT_Base                
00000f70  __TI_CINIT_Limit               
0003e800  __SYSMEM_SIZE                  
20000000  _sys_memory                    
2003e800  __stack                        
2003ea00  __STACK_TOP                    
2003f000  __STACK_END                    
2003f000  __TI_cleanup_ptr               
2003f004  __TI_dtors_ptr                 
2003f008  __TI_enable_exit_profile_output
2003f018  alarmPtr                       
2003f01c  tenthSecondsAlarm              
2003f020  count                          
2003f024  _lock                          
2003f028  _unlock                        
2003f02c  helloValue                     
2003f034  main_func_sp                   
2003f038  running                        
2003f04c  inQueue                        
2003f050  outQueue                       
2003f054  priorityLevel                  
2003f058  tenthSecondsCounter            
ffffffff  __TI_pprof_out_hndl            
ffffffff  __TI_prof_data_size            
ffffffff  __TI_prof_data_start           
ffffffff  __binit__                      
ffffffff  __c_args__                     
ffffffff  binit                          
UNDEFED   SHT$$INIT_ARRAY$$Base          
UNDEFED   SHT$$INIT_ARRAY$$Limit         

[113 symbols]
