******************************************************************************
                  TI ARM Linker PC v16.9.6                     
******************************************************************************
>> Linked Fri Nov 22 19:20:42 2019

OUTPUT FILE NAME:   <Kernel.out>
ENTRY POINT SYMBOL: "_c_int00"  address: 000016fd


MEMORY CONFIGURATION

         name            origin    length      used     unused   attr    fill
----------------------  --------  ---------  --------  --------  ----  --------
  FLASH                 00000000   00100000  000018d2  000fe72e  R  X
  SRAM                  20000000   00040000  0003f6b4  0000094c  RW X


SEGMENT ALLOCATION MAP

run origin  load origin   length   init length attrs members
----------  ----------- ---------- ----------- ----- -------
00000000    00000000    000018d8   000018d8    r-x
  00000000    00000000    00000208   00000208    r-- .intvecs
  00000208    00000208    0000163e   0000163e    r-x .text
  00001848    00001848    00000044   00000044    r-- .const
  00001890    00001890    00000048   00000048    r-- .cinit
20000000    20000000    0003f6b4   00000000    rw-
  20000000    20000000    0003e800   00000000    rw- .sysmem
  2003e800    2003e800    00000800   00000000    rw- .stack
  2003f000    2003f000    00000664   00000000    rw- .bss
  2003f664    2003f664    00000050   00000000    rw- .data


SECTION ALLOCATION MAP

 output                                  attributes/
section   page    origin      length       input sections
--------  ----  ----------  ----------   ----------------
.intvecs   0    00000000    00000208     
                  00000000    00000208     tm4c1294ncpdt_startup_ccs.obj (.intvecs)

.text      0    00000208    0000163e     
                  00000208    000005bc     functions.obj (.text)
                  000007c4    000003d0     rtsv7M4_T_le_v4SPD16_eabi.lib : memory.obj (.text)
                  00000b94    000002e0     applications.obj (.text)
                  00000e74    000002bc     SVC.obj (.text)
                  00001130    00000180     UART.obj (.text)
                  000012b0    00000116     cqueue.obj (.text)
                  000013c6    0000009c     rtsv7M4_T_le_v4SPD16_eabi.lib : memcpy_t2.obj (.text)
                  00001462    00000002                                   : i_div0.obj (.text)
                  00001464    00000084     SysTick.obj (.text)
                  000014e8    0000007a     rtsv7M4_T_le_v4SPD16_eabi.lib : memset_t2.obj (.text)
                  00001562    00000002                                   : mpu_init.obj (.text)
                  00001564    00000070                                   : autoinit.obj (.text)
                  000015d4    00000068                                   : copy_decompress_lzss.obj (.text:decompress:lzss)
                  0000163c    00000060     Process.obj (.text)
                  0000169c    0000005e     rtsv7M4_T_le_v4SPD16_eabi.lib : i_divt2.obj (.text)
                  000016fa    00000002                                   : startup.obj (.text)
                  000016fc    00000054                                   : boot.obj (.text)
                  00001750    00000054                                   : exit.obj (.text)
                  000017a4    0000004c                                   : cpy_tbl.obj (.text)
                  000017f0    00000018                                   : args_main.obj (.text)
                  00001808    00000014                                   : _lock.obj (.text)
                  0000181c    0000000e                                   : copy_decompress_none.obj (.text:decompress:none)
                  0000182a    0000000c                                   : copy_zero_init.obj (.text:decompress:ZI)
                  00001836    0000000c     tm4c1294ncpdt_startup_ccs.obj (.text)
                  00001842    00000004     rtsv7M4_T_le_v4SPD16_eabi.lib : pre_init.obj (.text)

.const     0    00001848    00000044     
                  00001848    00000028     applications.obj (.const:.string:$P$T2$3)
                  00001870    00000010     applications.obj (.const:$P$T0$1)
                  00001880    0000000c     applications.obj (.const:$P$T1$2)

.cinit     0    00001890    00000048     
                  00001890    00000023     (.cinit..data.load) [load image, compression = lzss]
                  000018b3    00000001     --HOLE-- [fill = 0]
                  000018b4    0000000c     (__TI_handler_table)
                  000018c0    00000008     (.cinit..bss.load) [load image, compression = zero_init]
                  000018c8    00000010     (__TI_cinit_table)

.init_array 
*          0    00000000    00000000     UNINITIALIZED

.sysmem    0    20000000    0003e800     UNINITIALIZED
                  20000000    00000008     rtsv7M4_T_le_v4SPD16_eabi.lib : memory.obj (.sysmem)
                  20000008    0003e7f8     --HOLE--

.stack     0    2003e800    00000800     UNINITIALIZED
                  2003e800    00000800     --HOLE--

.bss       0    2003f000    00000664     UNINITIALIZED
                  2003f000    00000640     (.common:mboxList)
                  2003f640    00000004     (.common:commandQueue)
                  2003f644    00000004     (.common:date)
                  2003f648    00000004     (.common:inQueue)
                  2003f64c    00000004     (.common:msgList)
                  2003f650    00000004     (.common:outQueue)
                  2003f654    00000004     (.common:priorityLevel)
                  2003f658    00000004     (.common:registersSaved)
                  2003f65c    00000004     (.common:tenthSecondsCounter)
                  2003f660    00000004     (.common:time)

.data      0    2003f664    00000050     UNINITIALIZED
                  2003f664    00000018     SVC.obj (.data:running)
                  2003f67c    0000000c     rtsv7M4_T_le_v4SPD16_eabi.lib : exit.obj (.data:$O1$$)
                  2003f688    0000000c                                   : memory.obj (.data:$O1$$)
                  2003f694    0000000c     SysTick.obj (.data)
                  2003f6a0    00000008     rtsv7M4_T_le_v4SPD16_eabi.lib : _lock.obj (.data:$O1$$)
                  2003f6a8    00000004     SVC.obj (.data)
                  2003f6ac    00000004     applications.obj (.data)
                  2003f6b0    00000004     rtsv7M4_T_le_v4SPD16_eabi.lib : stkdepth_vars.obj (.data)

MODULE SUMMARY

       Module                          code   ro data   rw data
       ------                          ----   -------   -------
    .\
       SVC.obj                         700    0         1640   
       functions.obj                   1468   0         0      
       applications.obj                736    68        4      
       tm4c1294ncpdt_startup_ccs.obj   12     520       0      
       UART.obj                        384    0         8      
       cqueue.obj                      278    0         0      
       SysTick.obj                     132    0         16     
       Process.obj                     96     0         0      
       time.obj                        0      0         12     
    +--+-------------------------------+------+---------+---------+
       Total:                          3806   588       1680   
                                                               
    C:\ti\ccsv7\tools\compiler\ti-cgt-arm_16.9.6.LTS\lib\rtsv7M4_T_le_v4SPD16_eabi.lib
       memory.obj                      976    0         12     
       memcpy_t2.obj                   156    0         0      
       memset_t2.obj                   122    0         0      
       autoinit.obj                    112    0         0      
       copy_decompress_lzss.obj        104    0         0      
       exit.obj                        84     0         12     
       i_divt2.obj                     94     0         0      
       boot.obj                        84     0         0      
       cpy_tbl.obj                     76     0         0      
       _lock.obj                       20     0         8      
       args_main.obj                   24     0         0      
       copy_decompress_none.obj        14     0         0      
       copy_zero_init.obj              12     0         0      
       pre_init.obj                    4      0         0      
       stkdepth_vars.obj               0      0         4      
       i_div0.obj                      2      0         0      
       mpu_init.obj                    2      0         0      
       startup.obj                     2      0         0      
    +--+-------------------------------+------+---------+---------+
       Total:                          1888   0         36     
                                                               
       Heap:                           0      0         256000 
       Stack:                          0      0         2048   
       Linker Generated:               0      71        0      
    +--+-------------------------------+------+---------+---------+
       Grand Total:                    5694   659       259764 


LINKER GENERATED COPY TABLES

__TI_cinit_table @ 000018c8 records: 2, size/record: 8, table size: 16
	.data: load addr=00001890, load size=00000023 bytes, run addr=2003f664, run size=00000050 bytes, compression=lzss
	.bss: load addr=000018c0, load size=00000008 bytes, run addr=2003f000, run size=00000664 bytes, compression=zero_init


LINKER GENERATED HANDLER TABLE

__TI_handler_table @ 000018b4 records: 3, size/record: 4, table size: 12
	index: 0, handler: __TI_decompress_lzss
	index: 1, handler: __TI_decompress_none
	index: 2, handler: __TI_zero_init


GLOBAL SYMBOLS: SORTED ALPHABETICALLY BY Name 

address   name                           
-------   ----                           
00001751  C$$EXIT                        
000014a7  IntMasterEnable                
0000118f  InterruptEnable                
00001201  InterruptMasterEnable          
00001837  ResetISR                       
UNDEFED   SHT$$INIT_ARRAY$$Base          
UNDEFED   SHT$$INIT_ARRAY$$Limit         
00001001  SVCHandler                     
00000fc7  SVCall                         
000014ab  SysTickHandler                 
0000149b  SysTickIntDisable              
0000148f  SysTickIntEnable               
0000147d  SysTickPeriod                  
00001465  SysTickStart                   
00001471  SysTickStop                    
00001131  UART0_Init                     
000011b7  UART0_IntEnable                
000011cb  UART0_IntHandler               
00000b95  UARTReceive                    
2003f000  __STACK_END                    
00000800  __STACK_SIZE                   
2003ea00  __STACK_TOP                    
0003e800  __SYSMEM_SIZE                  
000018c8  __TI_CINIT_Base                
000018d8  __TI_CINIT_Limit               
000018b4  __TI_Handler_Table_Base        
000018c0  __TI_Handler_Table_Limit       
00001565  __TI_auto_init                 
2003f67c  __TI_cleanup_ptr               
000015d5  __TI_decompress_lzss           
0000181d  __TI_decompress_none           
2003f680  __TI_dtors_ptr                 
2003f684  __TI_enable_exit_profile_output
ffffffff  __TI_pprof_out_hndl            
ffffffff  __TI_prof_data_size            
ffffffff  __TI_prof_data_start           
00000000  __TI_static_base__             
0000182b  __TI_zero_init                 
0000169d  __aeabi_idiv                   
00001463  __aeabi_idiv0                  
0000169d  __aeabi_idivmod                
000014e9  __aeabi_memclr                 
000014e9  __aeabi_memclr4                
000014e9  __aeabi_memclr8                
000013c7  __aeabi_memcpy                 
000013c7  __aeabi_memcpy4                
000013c7  __aeabi_memcpy8                
000014eb  __aeabi_memset                 
000014eb  __aeabi_memset4                
000014eb  __aeabi_memset8                
ffffffff  __binit__                      
ffffffff  __c_args__                     
00001563  __mpu_init                     
2003e800  __stack                        
000017f1  _args_main                     
000016fd  _c_int00                       
2003f6a0  _lock                          
00001817  _nop                           
0000180f  _register_lock                 
00001809  _register_unlock               
20000000  _sys_memory                    
000016fb  _system_post_cinit             
00001843  _system_pre_init               
2003f6a4  _unlock                        
00001755  abort                          
00000685  addPCB                         
2003f694  alarmPtr                       
000006e1  allocate                       
00000d89  assignR7                       
0000132b  backspace                      
00000e09  bind                           
ffffffff  binit                          
00000b65  calloc                         
00000ce9  check                          
0000136b  clearQueue                     
2003f640  commandQueue                   
000017a5  copy_in                        
2003f69c  count                          
2003f644  date                           
00000705  deallocate                     
000012ef  dequeue                        
000012b1  enqueue                        
0000175d  exit                           
0000071f  findNextProcess                
000008af  free                           
00000000  g_pfnVectors                   
000013af  getSize                        
00001653  get_MSP                        
00001649  get_PSP                        
00001695  get_SP                         
00000d0b  goodbye                        
2003f6ac  helloValue                     
2003f648  inQueue                        
00000ea1  initKernel                     
00001355  initQueue                      
00000331  k_bind                         
0000027d  k_getPID                       
00000295  k_nice                         
0000028b  k_print                        
00000521  k_recv                         
00000419  k_send                         
00000209  k_terminate                    
000003ad  k_unbind                       
00000d4f  lowest                         
00000e75  main                           
2003f6b0  main_func_sp                   
00000845  malloc                         
2003f000  mboxList                       
00000a79  memalign                       
000013c7  memcpy                         
000014f1  memset                         
000007c5  minit                          
2003f64c  msgList                        
0000060b  nextProcess                    
00000e25  nice                           
00000ceb  outProcess                     
2003f650  outQueue                       
00000f25  pendSVHandler                  
00000d95  pkCall                         
00001205  print                          
0000122d  printChar                      
00000e39  printRequest                   
2003f654  priorityLevel                  
0000074d  processSwitch                  
0000096f  realloc                        
00000ddf  recv                           
00000f51  regProcess                     
2003f658  registersSaved                 
00000645  removePCB                      
00001687  restore_registers              
2003f664  running                        
00001679  save_registers                 
00000db5  send                           
0000163d  set_LR                         
0000166b  set_MSP                        
0000165d  set_PSP                        
2003f698  tenthSecondsAlarm              
2003f65c  tenthSecondsCounter            
00000d79  terminate                      
2003f660  time                           
00001249  transmitByte                   
00000e17  unbind                         


GLOBAL SYMBOLS: SORTED BY Symbol Address 

address   name                           
-------   ----                           
00000000  __TI_static_base__             
00000000  g_pfnVectors                   
00000209  k_terminate                    
0000027d  k_getPID                       
0000028b  k_print                        
00000295  k_nice                         
00000331  k_bind                         
000003ad  k_unbind                       
00000419  k_send                         
00000521  k_recv                         
0000060b  nextProcess                    
00000645  removePCB                      
00000685  addPCB                         
000006e1  allocate                       
00000705  deallocate                     
0000071f  findNextProcess                
0000074d  processSwitch                  
000007c5  minit                          
00000800  __STACK_SIZE                   
00000845  malloc                         
000008af  free                           
0000096f  realloc                        
00000a79  memalign                       
00000b65  calloc                         
00000b95  UARTReceive                    
00000ce9  check                          
00000ceb  outProcess                     
00000d0b  goodbye                        
00000d4f  lowest                         
00000d79  terminate                      
00000d89  assignR7                       
00000d95  pkCall                         
00000db5  send                           
00000ddf  recv                           
00000e09  bind                           
00000e17  unbind                         
00000e25  nice                           
00000e39  printRequest                   
00000e75  main                           
00000ea1  initKernel                     
00000f25  pendSVHandler                  
00000f51  regProcess                     
00000fc7  SVCall                         
00001001  SVCHandler                     
00001131  UART0_Init                     
0000118f  InterruptEnable                
000011b7  UART0_IntEnable                
000011cb  UART0_IntHandler               
00001201  InterruptMasterEnable          
00001205  print                          
0000122d  printChar                      
00001249  transmitByte                   
000012b1  enqueue                        
000012ef  dequeue                        
0000132b  backspace                      
00001355  initQueue                      
0000136b  clearQueue                     
000013af  getSize                        
000013c7  __aeabi_memcpy                 
000013c7  __aeabi_memcpy4                
000013c7  __aeabi_memcpy8                
000013c7  memcpy                         
00001463  __aeabi_idiv0                  
00001465  SysTickStart                   
00001471  SysTickStop                    
0000147d  SysTickPeriod                  
0000148f  SysTickIntEnable               
0000149b  SysTickIntDisable              
000014a7  IntMasterEnable                
000014ab  SysTickHandler                 
000014e9  __aeabi_memclr                 
000014e9  __aeabi_memclr4                
000014e9  __aeabi_memclr8                
000014eb  __aeabi_memset                 
000014eb  __aeabi_memset4                
000014eb  __aeabi_memset8                
000014f1  memset                         
00001563  __mpu_init                     
00001565  __TI_auto_init                 
000015d5  __TI_decompress_lzss           
0000163d  set_LR                         
00001649  get_PSP                        
00001653  get_MSP                        
0000165d  set_PSP                        
0000166b  set_MSP                        
00001679  save_registers                 
00001687  restore_registers              
00001695  get_SP                         
0000169d  __aeabi_idiv                   
0000169d  __aeabi_idivmod                
000016fb  _system_post_cinit             
000016fd  _c_int00                       
00001751  C$$EXIT                        
00001755  abort                          
0000175d  exit                           
000017a5  copy_in                        
000017f1  _args_main                     
00001809  _register_unlock               
0000180f  _register_lock                 
00001817  _nop                           
0000181d  __TI_decompress_none           
0000182b  __TI_zero_init                 
00001837  ResetISR                       
00001843  _system_pre_init               
000018b4  __TI_Handler_Table_Base        
000018c0  __TI_Handler_Table_Limit       
000018c8  __TI_CINIT_Base                
000018d8  __TI_CINIT_Limit               
0003e800  __SYSMEM_SIZE                  
20000000  _sys_memory                    
2003e800  __stack                        
2003ea00  __STACK_TOP                    
2003f000  __STACK_END                    
2003f000  mboxList                       
2003f640  commandQueue                   
2003f644  date                           
2003f648  inQueue                        
2003f64c  msgList                        
2003f650  outQueue                       
2003f654  priorityLevel                  
2003f658  registersSaved                 
2003f65c  tenthSecondsCounter            
2003f660  time                           
2003f664  running                        
2003f67c  __TI_cleanup_ptr               
2003f680  __TI_dtors_ptr                 
2003f684  __TI_enable_exit_profile_output
2003f694  alarmPtr                       
2003f698  tenthSecondsAlarm              
2003f69c  count                          
2003f6a0  _lock                          
2003f6a4  _unlock                        
2003f6ac  helloValue                     
2003f6b0  main_func_sp                   
ffffffff  __TI_pprof_out_hndl            
ffffffff  __TI_prof_data_size            
ffffffff  __TI_prof_data_start           
ffffffff  __binit__                      
ffffffff  __c_args__                     
ffffffff  binit                          
UNDEFED   SHT$$INIT_ARRAY$$Base          
UNDEFED   SHT$$INIT_ARRAY$$Limit         

[142 symbols]
