******************************************************************************
                  TI ARM Linker PC v16.9.6                     
******************************************************************************
>> Linked Sun Nov 17 13:41:34 2019

OUTPUT FILE NAME:   <Kernel.out>
ENTRY POINT SYMBOL: "_c_int00"  address: 000014b9


MEMORY CONFIGURATION

         name            origin    length      used     unused   attr    fill
----------------------  --------  ---------  --------  --------  ----  --------
  FLASH                 00000000   00100000  00001666  000fe99a  R  X
  SRAM                  20000000   00040000  0003f6b4  0000094c  RW X


SEGMENT ALLOCATION MAP

run origin  load origin   length   init length attrs members
----------  ----------- ---------- ----------- ----- -------
00000000    00000000    00001668   00001668    r-x
  00000000    00000000    00000208   00000208    r-- .intvecs
  00000208    00000208    000013fa   000013fa    r-x .text
  00001604    00001604    0000001c   0000001c    r-- .const
  00001620    00001620    00000048   00000048    r-- .cinit
20000000    20000000    0003f6b4   00000000    rw-
  20000000    20000000    0003e800   00000000    rw- .sysmem
  2003e800    2003e800    00000800   00000000    rw- .stack
  2003f000    2003f000    00000664   00000000    rw- .bss
  2003f664    2003f664    00000050   00000000    rw- .data


SECTION ALLOCATION MAP

 output                                  attributes/
section   page    origin      length       input sections
--------  ----  ----------  ----------   ----------------
.intvecs   0    00000000    00000208     
                  00000000    00000208     tm4c1294ncpdt_startup_ccs.obj (.intvecs)

.text      0    00000208    000013fa     
                  00000208    00000438     functions.obj (.text)
                  00000640    000003d0     rtsv7M4_T_le_v4SPD16_eabi.lib : memory.obj (.text)
                  00000a10    00000274     applications.obj (.text)
                  00000c84    00000268     SVC.obj (.text)
                  00000eec    00000180     UART.obj (.text)
                  0000106c    00000116     cqueue.obj (.text)
                  00001182    0000009c     rtsv7M4_T_le_v4SPD16_eabi.lib : memcpy_t2.obj (.text)
                  0000121e    00000002                                   : i_div0.obj (.text)
                  00001220    00000084     SysTick.obj (.text)
                  000012a4    0000007a     rtsv7M4_T_le_v4SPD16_eabi.lib : memset_t2.obj (.text)
                  0000131e    00000002                                   : mpu_init.obj (.text)
                  00001320    00000070                                   : autoinit.obj (.text)
                  00001390    00000068                                   : copy_decompress_lzss.obj (.text:decompress:lzss)
                  000013f8    00000060     Process.obj (.text)
                  00001458    0000005e     rtsv7M4_T_le_v4SPD16_eabi.lib : i_divt2.obj (.text)
                  000014b6    00000002                                   : startup.obj (.text)
                  000014b8    00000054                                   : boot.obj (.text)
                  0000150c    00000054                                   : exit.obj (.text)
                  00001560    0000004c                                   : cpy_tbl.obj (.text)
                  000015ac    00000018                                   : args_main.obj (.text)
                  000015c4    00000014                                   : _lock.obj (.text)
                  000015d8    0000000e                                   : copy_decompress_none.obj (.text:decompress:none)
                  000015e6    0000000c                                   : copy_zero_init.obj (.text:decompress:ZI)
                  000015f2    0000000c     tm4c1294ncpdt_startup_ccs.obj (.text)
                  000015fe    00000004     rtsv7M4_T_le_v4SPD16_eabi.lib : pre_init.obj (.text)

.const     0    00001604    0000001c     
                  00001604    00000010     applications.obj (.const:$P$T0$1)
                  00001614    0000000c     applications.obj (.const:$P$T1$2)

.cinit     0    00001620    00000048     
                  00001620    00000023     (.cinit..data.load) [load image, compression = lzss]
                  00001643    00000001     --HOLE-- [fill = 0]
                  00001644    0000000c     (__TI_handler_table)
                  00001650    00000008     (.cinit..bss.load) [load image, compression = zero_init]
                  00001658    00000010     (__TI_cinit_table)

.init_array 
*          0    00000000    00000000     UNINITIALIZED

.sysmem    0    20000000    0003e800     UNINITIALIZED
                  20000000    00000008     rtsv7M4_T_le_v4SPD16_eabi.lib : memory.obj (.sysmem)
                  20000008    0003e7f8     --HOLE--

.stack     0    2003e800    00000800     UNINITIALIZED
                  2003e800    00000800     --HOLE--

.bss       0    2003f000    00000664     UNINITIALIZED
                  2003f000    00000640     (.common:mboxList)
                  2003f640    00000004     (.common:commandQueue)
                  2003f644    00000004     (.common:date)
                  2003f648    00000004     (.common:inQueue)
                  2003f64c    00000004     (.common:msgList)
                  2003f650    00000004     (.common:outQueue)
                  2003f654    00000004     (.common:priorityLevel)
                  2003f658    00000004     (.common:registersSaved)
                  2003f65c    00000004     (.common:tenthSecondsCounter)
                  2003f660    00000004     (.common:time)

.data      0    2003f664    00000050     UNINITIALIZED
                  2003f664    00000018     SVC.obj (.data:running)
                  2003f67c    0000000c     rtsv7M4_T_le_v4SPD16_eabi.lib : exit.obj (.data:$O1$$)
                  2003f688    0000000c                                   : memory.obj (.data:$O1$$)
                  2003f694    0000000c     SysTick.obj (.data)
                  2003f6a0    00000008     rtsv7M4_T_le_v4SPD16_eabi.lib : _lock.obj (.data:$O1$$)
                  2003f6a8    00000004     SVC.obj (.data)
                  2003f6ac    00000004     applications.obj (.data)
                  2003f6b0    00000004     rtsv7M4_T_le_v4SPD16_eabi.lib : stkdepth_vars.obj (.data)

MODULE SUMMARY

       Module                          code   ro data   rw data
       ------                          ----   -------   -------
    .\
       SVC.obj                         616    0         1640   
       functions.obj                   1080   0         0      
       applications.obj                628    28        4      
       tm4c1294ncpdt_startup_ccs.obj   12     520       0      
       UART.obj                        384    0         8      
       cqueue.obj                      278    0         0      
       SysTick.obj                     132    0         16     
       Process.obj                     96     0         0      
       time.obj                        0      0         12     
    +--+-------------------------------+------+---------+---------+
       Total:                          3226   548       1680   
                                                               
    C:\ti\ccsv7\tools\compiler\ti-cgt-arm_16.9.6.LTS\lib\rtsv7M4_T_le_v4SPD16_eabi.lib
       memory.obj                      976    0         12     
       memcpy_t2.obj                   156    0         0      
       memset_t2.obj                   122    0         0      
       autoinit.obj                    112    0         0      
       copy_decompress_lzss.obj        104    0         0      
       exit.obj                        84     0         12     
       i_divt2.obj                     94     0         0      
       boot.obj                        84     0         0      
       cpy_tbl.obj                     76     0         0      
       _lock.obj                       20     0         8      
       args_main.obj                   24     0         0      
       copy_decompress_none.obj        14     0         0      
       copy_zero_init.obj              12     0         0      
       pre_init.obj                    4      0         0      
       stkdepth_vars.obj               0      0         4      
       i_div0.obj                      2      0         0      
       mpu_init.obj                    2      0         0      
       startup.obj                     2      0         0      
    +--+-------------------------------+------+---------+---------+
       Total:                          1888   0         36     
                                                               
       Heap:                           0      0         256000 
       Stack:                          0      0         2048   
       Linker Generated:               0      71        0      
    +--+-------------------------------+------+---------+---------+
       Grand Total:                    5114   619       259764 


LINKER GENERATED COPY TABLES

__TI_cinit_table @ 00001658 records: 2, size/record: 8, table size: 16
	.data: load addr=00001620, load size=00000023 bytes, run addr=2003f664, run size=00000050 bytes, compression=lzss
	.bss: load addr=00001650, load size=00000008 bytes, run addr=2003f000, run size=00000664 bytes, compression=zero_init


LINKER GENERATED HANDLER TABLE

__TI_handler_table @ 00001644 records: 3, size/record: 4, table size: 12
	index: 0, handler: __TI_decompress_lzss
	index: 1, handler: __TI_decompress_none
	index: 2, handler: __TI_zero_init


GLOBAL SYMBOLS: SORTED ALPHABETICALLY BY Name 

address   name                           
-------   ----                           
0000150d  C$$EXIT                        
00001263  IntMasterEnable                
00000f4b  InterruptEnable                
00000fbd  InterruptMasterEnable          
000015f3  ResetISR                       
UNDEFED   SHT$$INIT_ARRAY$$Base          
UNDEFED   SHT$$INIT_ARRAY$$Limit         
00000e0b  SVCHandler                     
00000dd1  SVCall                         
00001267  SysTickHandler                 
00001257  SysTickIntDisable              
0000124b  SysTickIntEnable               
00001239  SysTickPeriod                  
00001221  SysTickStart                   
0000122d  SysTickStop                    
00000eed  UART0_Init                     
00000f73  UART0_IntEnable                
00000f87  UART0_IntHandler               
00000a11  UARTReceive                    
2003f000  __STACK_END                    
00000800  __STACK_SIZE                   
2003ea00  __STACK_TOP                    
0003e800  __SYSMEM_SIZE                  
00001658  __TI_CINIT_Base                
00001668  __TI_CINIT_Limit               
00001644  __TI_Handler_Table_Base        
00001650  __TI_Handler_Table_Limit       
00001321  __TI_auto_init                 
2003f67c  __TI_cleanup_ptr               
00001391  __TI_decompress_lzss           
000015d9  __TI_decompress_none           
2003f680  __TI_dtors_ptr                 
2003f684  __TI_enable_exit_profile_output
ffffffff  __TI_pprof_out_hndl            
ffffffff  __TI_prof_data_size            
ffffffff  __TI_prof_data_start           
00000000  __TI_static_base__             
000015e7  __TI_zero_init                 
00001459  __aeabi_idiv                   
0000121f  __aeabi_idiv0                  
00001459  __aeabi_idivmod                
000012a5  __aeabi_memclr                 
000012a5  __aeabi_memclr4                
000012a5  __aeabi_memclr8                
00001183  __aeabi_memcpy                 
00001183  __aeabi_memcpy4                
00001183  __aeabi_memcpy8                
000012a7  __aeabi_memset                 
000012a7  __aeabi_memset4                
000012a7  __aeabi_memset8                
ffffffff  __binit__                      
ffffffff  __c_args__                     
0000131f  __mpu_init                     
2003e800  __stack                        
000015ad  _args_main                     
000014b9  _c_int00                       
2003f6a0  _lock                          
000015d3  _nop                           
000015cb  _register_lock                 
000015c5  _register_unlock               
20000000  _sys_memory                    
000014b7  _system_post_cinit             
000015ff  _system_pre_init               
2003f6a4  _unlock                        
00001511  abort                          
00000561  addPCB                         
2003f694  alarmPtr                       
000005d9  allocate                       
00000bcb  assignR7                       
000010e7  backspace                      
00000c4b  bind                           
ffffffff  binit                          
000009e1  calloc                         
00000b61  check                          
00000b63  check2                         
00001127  clearQueue                     
2003f640  commandQueue                   
00001561  copy_in                        
2003f69c  count                          
2003f644  date                           
000010ab  dequeue                        
0000106d  enqueue                        
00001519  exit                           
000005fd  findNextProcess                
0000072b  free                           
00000000  g_pfnVectors                   
0000116b  getSize                        
0000140f  get_MSP                        
00001405  get_PSP                        
00001451  get_SP                         
00000b65  goodbye                        
2003f6ac  helloValue                     
2003f648  inQueue                        
00000cb1  initKernel                     
00001111  initQueue                      
0000028d  k_bind                         
0000027d  k_getPID                       
0000028b  k_nice                         
000003db  k_recv                         
000002cd  k_send                         
00000209  k_terminate                    
00000b91  lowest                         
00000c85  main                           
2003f6b0  main_func_sp                   
000006c1  malloc                         
2003f000  mboxList                       
000008f5  memalign                       
00001183  memcpy                         
000012ad  memset                         
00000641  minit                          
2003f64c  msgList                        
000004ed  nextProcess                    
2003f650  outQueue                       
00000d35  pendSVHandler                  
00000bd7  pkCall                         
00000fc1  print                          
00000fe9  printChar                      
2003f654  priorityLevel                  
000007eb  realloc                        
00000c21  recv                           
00000d61  regProcess                     
2003f658  registersSaved                 
00000527  removePCB                      
00001443  restore_registers              
2003f664  running                        
00001435  save_registers                 
00000bf7  send                           
000013f9  set_LR                         
00001427  set_MSP                        
00001419  set_PSP                        
2003f698  tenthSecondsAlarm              
2003f65c  tenthSecondsCounter            
00000bbb  terminate                      
2003f660  time                           
00001005  transmitByte                   


GLOBAL SYMBOLS: SORTED BY Symbol Address 

address   name                           
-------   ----                           
00000000  __TI_static_base__             
00000000  g_pfnVectors                   
00000209  k_terminate                    
0000027d  k_getPID                       
0000028b  k_nice                         
0000028d  k_bind                         
000002cd  k_send                         
000003db  k_recv                         
000004ed  nextProcess                    
00000527  removePCB                      
00000561  addPCB                         
000005d9  allocate                       
000005fd  findNextProcess                
00000641  minit                          
000006c1  malloc                         
0000072b  free                           
000007eb  realloc                        
00000800  __STACK_SIZE                   
000008f5  memalign                       
000009e1  calloc                         
00000a11  UARTReceive                    
00000b61  check                          
00000b63  check2                         
00000b65  goodbye                        
00000b91  lowest                         
00000bbb  terminate                      
00000bcb  assignR7                       
00000bd7  pkCall                         
00000bf7  send                           
00000c21  recv                           
00000c4b  bind                           
00000c85  main                           
00000cb1  initKernel                     
00000d35  pendSVHandler                  
00000d61  regProcess                     
00000dd1  SVCall                         
00000e0b  SVCHandler                     
00000eed  UART0_Init                     
00000f4b  InterruptEnable                
00000f73  UART0_IntEnable                
00000f87  UART0_IntHandler               
00000fbd  InterruptMasterEnable          
00000fc1  print                          
00000fe9  printChar                      
00001005  transmitByte                   
0000106d  enqueue                        
000010ab  dequeue                        
000010e7  backspace                      
00001111  initQueue                      
00001127  clearQueue                     
0000116b  getSize                        
00001183  __aeabi_memcpy                 
00001183  __aeabi_memcpy4                
00001183  __aeabi_memcpy8                
00001183  memcpy                         
0000121f  __aeabi_idiv0                  
00001221  SysTickStart                   
0000122d  SysTickStop                    
00001239  SysTickPeriod                  
0000124b  SysTickIntEnable               
00001257  SysTickIntDisable              
00001263  IntMasterEnable                
00001267  SysTickHandler                 
000012a5  __aeabi_memclr                 
000012a5  __aeabi_memclr4                
000012a5  __aeabi_memclr8                
000012a7  __aeabi_memset                 
000012a7  __aeabi_memset4                
000012a7  __aeabi_memset8                
000012ad  memset                         
0000131f  __mpu_init                     
00001321  __TI_auto_init                 
00001391  __TI_decompress_lzss           
000013f9  set_LR                         
00001405  get_PSP                        
0000140f  get_MSP                        
00001419  set_PSP                        
00001427  set_MSP                        
00001435  save_registers                 
00001443  restore_registers              
00001451  get_SP                         
00001459  __aeabi_idiv                   
00001459  __aeabi_idivmod                
000014b7  _system_post_cinit             
000014b9  _c_int00                       
0000150d  C$$EXIT                        
00001511  abort                          
00001519  exit                           
00001561  copy_in                        
000015ad  _args_main                     
000015c5  _register_unlock               
000015cb  _register_lock                 
000015d3  _nop                           
000015d9  __TI_decompress_none           
000015e7  __TI_zero_init                 
000015f3  ResetISR                       
000015ff  _system_pre_init               
00001644  __TI_Handler_Table_Base        
00001650  __TI_Handler_Table_Limit       
00001658  __TI_CINIT_Base                
00001668  __TI_CINIT_Limit               
0003e800  __SYSMEM_SIZE                  
20000000  _sys_memory                    
2003e800  __stack                        
2003ea00  __STACK_TOP                    
2003f000  __STACK_END                    
2003f000  mboxList                       
2003f640  commandQueue                   
2003f644  date                           
2003f648  inQueue                        
2003f64c  msgList                        
2003f650  outQueue                       
2003f654  priorityLevel                  
2003f658  registersSaved                 
2003f65c  tenthSecondsCounter            
2003f660  time                           
2003f664  running                        
2003f67c  __TI_cleanup_ptr               
2003f680  __TI_dtors_ptr                 
2003f684  __TI_enable_exit_profile_output
2003f694  alarmPtr                       
2003f698  tenthSecondsAlarm              
2003f69c  count                          
2003f6a0  _lock                          
2003f6a4  _unlock                        
2003f6ac  helloValue                     
2003f6b0  main_func_sp                   
ffffffff  __TI_pprof_out_hndl            
ffffffff  __TI_prof_data_size            
ffffffff  __TI_prof_data_start           
ffffffff  __binit__                      
ffffffff  __c_args__                     
ffffffff  binit                          
UNDEFED   SHT$$INIT_ARRAY$$Base          
UNDEFED   SHT$$INIT_ARRAY$$Limit         

[135 symbols]
