******************************************************************************
                  TI ARM Linker PC v16.9.6                     
******************************************************************************
>> Linked Thu Nov 07 01:14:25 2019

OUTPUT FILE NAME:   <Kernel.out>
ENTRY POINT SYMBOL: "_c_int00"  address: 00001125


MEMORY CONFIGURATION

         name            origin    length      used     unused   attr    fill
----------------------  --------  ---------  --------  --------  ----  --------
  FLASH                 00000000   00100000  000012b6  000fed4a  R  X
  SRAM                  20000000   00040000  0003f6a0  00000960  RW X


SEGMENT ALLOCATION MAP

run origin  load origin   length   init length attrs members
----------  ----------- ---------- ----------- ----- -------
00000000    00000000    000012b8   000012b8    r-x
  00000000    00000000    00000208   00000208    r-- .intvecs
  00000208    00000208    00001066   00001066    r-x .text
  00001270    00001270    00000048   00000048    r-- .cinit
20000000    20000000    0003f6a0   00000000    rw-
  20000000    20000000    0003e800   00000000    rw- .sysmem
  2003e800    2003e800    00000800   00000000    rw- .stack
  2003f000    2003f000    00000654   00000000    rw- .bss
  2003f654    2003f654    0000004c   00000000    rw- .data


SECTION ALLOCATION MAP

 output                                  attributes/
section   page    origin      length       input sections
--------  ----  ----------  ----------   ----------------
.intvecs   0    00000000    00000208     
                  00000000    00000208     tm4c1294ncpdt_startup_ccs.obj (.intvecs)

.text      0    00000208    00001066     
                  00000208    000003d0     rtsv7M4_T_le_v4SPD16_eabi.lib : memory.obj (.text)
                  000005d8    000002a8     functions.obj (.text)
                  00000880    000001e4     SVC.obj (.text)
                  00000a64    00000180     UART.obj (.text)
                  00000be4    00000116     cqueue.obj (.text)
                  00000cfa    00000002     rtsv7M4_T_le_v4SPD16_eabi.lib : i_div0.obj (.text)
                  00000cfc    000000f4     applications.obj (.text)
                  00000df0    0000009c     rtsv7M4_T_le_v4SPD16_eabi.lib : memcpy_t2.obj (.text)
                  00000e8c    00000084     SysTick.obj (.text)
                  00000f10    0000007a     rtsv7M4_T_le_v4SPD16_eabi.lib : memset_t2.obj (.text)
                  00000f8a    00000002                                   : mpu_init.obj (.text)
                  00000f8c    00000070                                   : autoinit.obj (.text)
                  00000ffc    00000068                                   : copy_decompress_lzss.obj (.text:decompress:lzss)
                  00001064    00000060     Process.obj (.text)
                  000010c4    0000005e     rtsv7M4_T_le_v4SPD16_eabi.lib : i_divt2.obj (.text)
                  00001122    00000002                                   : startup.obj (.text)
                  00001124    00000054                                   : boot.obj (.text)
                  00001178    00000054                                   : exit.obj (.text)
                  000011cc    0000004c                                   : cpy_tbl.obj (.text)
                  00001218    00000018                                   : args_main.obj (.text)
                  00001230    00000014                                   : _lock.obj (.text)
                  00001244    0000000e                                   : copy_decompress_none.obj (.text:decompress:none)
                  00001252    0000000c                                   : copy_zero_init.obj (.text:decompress:ZI)
                  0000125e    0000000c     tm4c1294ncpdt_startup_ccs.obj (.text)
                  0000126a    00000004     rtsv7M4_T_le_v4SPD16_eabi.lib : pre_init.obj (.text)

.cinit     0    00001270    00000048     
                  00001270    00000023     (.cinit..data.load) [load image, compression = lzss]
                  00001293    00000001     --HOLE-- [fill = 0]
                  00001294    0000000c     (__TI_handler_table)
                  000012a0    00000008     (.cinit..bss.load) [load image, compression = zero_init]
                  000012a8    00000010     (__TI_cinit_table)

.init_array 
*          0    00000000    00000000     UNINITIALIZED

.sysmem    0    20000000    0003e800     UNINITIALIZED
                  20000000    00000008     rtsv7M4_T_le_v4SPD16_eabi.lib : memory.obj (.sysmem)
                  20000008    0003e7f8     --HOLE--

.stack     0    2003e800    00000800     UNINITIALIZED
                  2003e800    00000800     --HOLE--

.bss       0    2003f000    00000654     UNINITIALIZED
                  2003f000    00000640     (.common:mboxList)
                  2003f640    00000004     (.common:inQueue)
                  2003f644    00000004     (.common:outQueue)
                  2003f648    00000004     (.common:priorityLevel)
                  2003f64c    00000004     (.common:registersSaved)
                  2003f650    00000004     (.common:tenthSecondsCounter)

.data      0    2003f654    0000004c     UNINITIALIZED
                  2003f654    00000014     SVC.obj (.data:running)
                  2003f668    0000000c     rtsv7M4_T_le_v4SPD16_eabi.lib : exit.obj (.data:$O1$$)
                  2003f674    0000000c                                   : memory.obj (.data:$O1$$)
                  2003f680    0000000c     SysTick.obj (.data)
                  2003f68c    00000008     rtsv7M4_T_le_v4SPD16_eabi.lib : _lock.obj (.data:$O1$$)
                  2003f694    00000004     SVC.obj (.data)
                  2003f698    00000004     applications.obj (.data)
                  2003f69c    00000004     rtsv7M4_T_le_v4SPD16_eabi.lib : stkdepth_vars.obj (.data)

MODULE SUMMARY

       Module                          code   ro data   rw data
       ------                          ----   -------   -------
    .\
       SVC.obj                         484    0         1632   
       functions.obj                   680    0         0      
       tm4c1294ncpdt_startup_ccs.obj   12     520       0      
       UART.obj                        384    0         8      
       cqueue.obj                      278    0         0      
       applications.obj                244    0         4      
       SysTick.obj                     132    0         16     
       Process.obj                     96     0         0      
    +--+-------------------------------+------+---------+---------+
       Total:                          2310   520       1660   
                                                               
    C:\ti\ccsv7\tools\compiler\ti-cgt-arm_16.9.6.LTS\lib\rtsv7M4_T_le_v4SPD16_eabi.lib
       memory.obj                      976    0         12     
       memcpy_t2.obj                   156    0         0      
       memset_t2.obj                   122    0         0      
       autoinit.obj                    112    0         0      
       copy_decompress_lzss.obj        104    0         0      
       exit.obj                        84     0         12     
       i_divt2.obj                     94     0         0      
       boot.obj                        84     0         0      
       cpy_tbl.obj                     76     0         0      
       _lock.obj                       20     0         8      
       args_main.obj                   24     0         0      
       copy_decompress_none.obj        14     0         0      
       copy_zero_init.obj              12     0         0      
       pre_init.obj                    4      0         0      
       stkdepth_vars.obj               0      0         4      
       i_div0.obj                      2      0         0      
       mpu_init.obj                    2      0         0      
       startup.obj                     2      0         0      
    +--+-------------------------------+------+---------+---------+
       Total:                          1888   0         36     
                                                               
       Heap:                           0      0         256000 
       Stack:                          0      0         2048   
       Linker Generated:               0      71        0      
    +--+-------------------------------+------+---------+---------+
       Grand Total:                    4198   591       259744 


LINKER GENERATED COPY TABLES

__TI_cinit_table @ 000012a8 records: 2, size/record: 8, table size: 16
	.data: load addr=00001270, load size=00000023 bytes, run addr=2003f654, run size=0000004c bytes, compression=lzss
	.bss: load addr=000012a0, load size=00000008 bytes, run addr=2003f000, run size=00000654 bytes, compression=zero_init


LINKER GENERATED HANDLER TABLE

__TI_handler_table @ 00001294 records: 3, size/record: 4, table size: 12
	index: 0, handler: __TI_decompress_lzss
	index: 1, handler: __TI_decompress_none
	index: 2, handler: __TI_zero_init


GLOBAL SYMBOLS: SORTED ALPHABETICALLY BY Name 

address   name                           
-------   ----                           
00001179  C$$EXIT                        
00000ecf  IntMasterEnable                
00000ac3  InterruptEnable                
00000b35  InterruptMasterEnable          
0000125f  ResetISR                       
UNDEFED   SHT$$INIT_ARRAY$$Base          
UNDEFED   SHT$$INIT_ARRAY$$Limit         
000009a7  SVCHandler                     
0000096d  SVCall                         
00000ed3  SysTickHandler                 
00000ec3  SysTickIntDisable              
00000eb7  SysTickIntEnable               
00000ea5  SysTickPeriod                  
00000e8d  SysTickStart                   
00000e99  SysTickStop                    
00000a65  UART0_Init                     
00000aeb  UART0_IntEnable                
00000aff  UART0_IntHandler               
2003f000  __STACK_END                    
00000800  __STACK_SIZE                   
2003ea00  __STACK_TOP                    
0003e800  __SYSMEM_SIZE                  
000012a8  __TI_CINIT_Base                
000012b8  __TI_CINIT_Limit               
00001294  __TI_Handler_Table_Base        
000012a0  __TI_Handler_Table_Limit       
00000f8d  __TI_auto_init                 
2003f668  __TI_cleanup_ptr               
00000ffd  __TI_decompress_lzss           
00001245  __TI_decompress_none           
2003f66c  __TI_dtors_ptr                 
2003f670  __TI_enable_exit_profile_output
ffffffff  __TI_pprof_out_hndl            
ffffffff  __TI_prof_data_size            
ffffffff  __TI_prof_data_start           
00000000  __TI_static_base__             
00001253  __TI_zero_init                 
000010c5  __aeabi_idiv                   
00000cfb  __aeabi_idiv0                  
000010c5  __aeabi_idivmod                
00000f11  __aeabi_memclr                 
00000f11  __aeabi_memclr4                
00000f11  __aeabi_memclr8                
00000df1  __aeabi_memcpy                 
00000df1  __aeabi_memcpy4                
00000df1  __aeabi_memcpy8                
00000f13  __aeabi_memset                 
00000f13  __aeabi_memset4                
00000f13  __aeabi_memset8                
ffffffff  __binit__                      
ffffffff  __c_args__                     
00000f8b  __mpu_init                     
2003e800  __stack                        
00001219  _args_main                     
00001125  _c_int00                       
2003f68c  _lock                          
0000123f  _nop                           
00001237  _register_lock                 
00001231  _register_unlock               
20000000  _sys_memory                    
00001123  _system_post_cinit             
0000126b  _system_pre_init               
2003f690  _unlock                        
0000117d  abort                          
000007e5  addMsg                         
00000787  addPCB                         
2003f680  alarmPtr                       
00000d75  assignR7                       
00000c5f  backspace                      
00000ddb  bind                           
ffffffff  binit                          
000005a9  calloc                         
00000d19  check                          
00000d1b  check2                         
00000c9f  clearQueue                     
000011cd  copy_in                        
2003f688  count                          
00000c23  dequeue                        
00000be5  enqueue                        
00001185  exit                           
00000843  findNextProcess                
000002f3  free                           
00000000  g_pfnVectors                   
00000ce3  getSize                        
0000107b  get_MSP                        
00001071  get_PSP                        
000010bd  get_SP                         
00000d1d  goodbye                        
00000cfd  hello                          
2003f698  helloValue                     
2003f640  inQueue                        
000008ad  initKernel                     
00000c89  initQueue                      
0000063d  k_bind                         
0000062d  k_getPID                       
0000063b  k_nice                         
000006f3  k_recv                         
0000067d  k_send                         
000005d9  k_terminate                    
00000d3b  lowest                         
00000881  main                           
2003f69c  main_func_sp                   
00000289  malloc                         
2003f000  mboxList                       
000004bd  memalign                       
00000df1  memcpy                         
00000f19  memset                         
00000209  minit                          
00000717  nextProcess                    
2003f644  outQueue                       
000008e7  pendSVHandler                  
00000d81  pkCall                         
00000b39  print                          
00000b61  printChar                      
2003f648  priorityLevel                  
000003b3  realloc                        
00000db1  recv                           
00000903  regProcess                     
2003f64c  registersSaved                 
00000751  removePCB                      
000010af  restore_registers              
2003f654  running                        
000010a1  save_registers                 
00000da1  send                           
00001065  set_LR                         
00001093  set_MSP                        
00001085  set_PSP                        
2003f684  tenthSecondsAlarm              
2003f650  tenthSecondsCounter            
00000d65  terminate                      
00000b7d  transmitByte                   


GLOBAL SYMBOLS: SORTED BY Symbol Address 

address   name                           
-------   ----                           
00000000  __TI_static_base__             
00000000  g_pfnVectors                   
00000209  minit                          
00000289  malloc                         
000002f3  free                           
000003b3  realloc                        
000004bd  memalign                       
000005a9  calloc                         
000005d9  k_terminate                    
0000062d  k_getPID                       
0000063b  k_nice                         
0000063d  k_bind                         
0000067d  k_send                         
000006f3  k_recv                         
00000717  nextProcess                    
00000751  removePCB                      
00000787  addPCB                         
000007e5  addMsg                         
00000800  __STACK_SIZE                   
00000843  findNextProcess                
00000881  main                           
000008ad  initKernel                     
000008e7  pendSVHandler                  
00000903  regProcess                     
0000096d  SVCall                         
000009a7  SVCHandler                     
00000a65  UART0_Init                     
00000ac3  InterruptEnable                
00000aeb  UART0_IntEnable                
00000aff  UART0_IntHandler               
00000b35  InterruptMasterEnable          
00000b39  print                          
00000b61  printChar                      
00000b7d  transmitByte                   
00000be5  enqueue                        
00000c23  dequeue                        
00000c5f  backspace                      
00000c89  initQueue                      
00000c9f  clearQueue                     
00000ce3  getSize                        
00000cfb  __aeabi_idiv0                  
00000cfd  hello                          
00000d19  check                          
00000d1b  check2                         
00000d1d  goodbye                        
00000d3b  lowest                         
00000d65  terminate                      
00000d75  assignR7                       
00000d81  pkCall                         
00000da1  send                           
00000db1  recv                           
00000ddb  bind                           
00000df1  __aeabi_memcpy                 
00000df1  __aeabi_memcpy4                
00000df1  __aeabi_memcpy8                
00000df1  memcpy                         
00000e8d  SysTickStart                   
00000e99  SysTickStop                    
00000ea5  SysTickPeriod                  
00000eb7  SysTickIntEnable               
00000ec3  SysTickIntDisable              
00000ecf  IntMasterEnable                
00000ed3  SysTickHandler                 
00000f11  __aeabi_memclr                 
00000f11  __aeabi_memclr4                
00000f11  __aeabi_memclr8                
00000f13  __aeabi_memset                 
00000f13  __aeabi_memset4                
00000f13  __aeabi_memset8                
00000f19  memset                         
00000f8b  __mpu_init                     
00000f8d  __TI_auto_init                 
00000ffd  __TI_decompress_lzss           
00001065  set_LR                         
00001071  get_PSP                        
0000107b  get_MSP                        
00001085  set_PSP                        
00001093  set_MSP                        
000010a1  save_registers                 
000010af  restore_registers              
000010bd  get_SP                         
000010c5  __aeabi_idiv                   
000010c5  __aeabi_idivmod                
00001123  _system_post_cinit             
00001125  _c_int00                       
00001179  C$$EXIT                        
0000117d  abort                          
00001185  exit                           
000011cd  copy_in                        
00001219  _args_main                     
00001231  _register_unlock               
00001237  _register_lock                 
0000123f  _nop                           
00001245  __TI_decompress_none           
00001253  __TI_zero_init                 
0000125f  ResetISR                       
0000126b  _system_pre_init               
00001294  __TI_Handler_Table_Base        
000012a0  __TI_Handler_Table_Limit       
000012a8  __TI_CINIT_Base                
000012b8  __TI_CINIT_Limit               
0003e800  __SYSMEM_SIZE                  
20000000  _sys_memory                    
2003e800  __stack                        
2003ea00  __STACK_TOP                    
2003f000  __STACK_END                    
2003f000  mboxList                       
2003f640  inQueue                        
2003f644  outQueue                       
2003f648  priorityLevel                  
2003f64c  registersSaved                 
2003f650  tenthSecondsCounter            
2003f654  running                        
2003f668  __TI_cleanup_ptr               
2003f66c  __TI_dtors_ptr                 
2003f670  __TI_enable_exit_profile_output
2003f680  alarmPtr                       
2003f684  tenthSecondsAlarm              
2003f688  count                          
2003f68c  _lock                          
2003f690  _unlock                        
2003f698  helloValue                     
2003f69c  main_func_sp                   
ffffffff  __TI_pprof_out_hndl            
ffffffff  __TI_prof_data_size            
ffffffff  __TI_prof_data_start           
ffffffff  __binit__                      
ffffffff  __c_args__                     
ffffffff  binit                          
UNDEFED   SHT$$INIT_ARRAY$$Base          
UNDEFED   SHT$$INIT_ARRAY$$Limit         

[131 symbols]
