******************************************************************************
                  TI ARM Linker PC v16.9.6                     
******************************************************************************
>> Linked Sun Nov 24 11:13:10 2019

OUTPUT FILE NAME:   <Kernel.out>
ENTRY POINT SYMBOL: "_c_int00"  address: 00004a01


MEMORY CONFIGURATION

         name            origin    length      used     unused   attr    fill
----------------------  --------  ---------  --------  --------  ----  --------
  FLASH                 00000000   00100000  0000505a  000fafa6  R  X
  SRAM                  20000000   00040000  0003f6f8  00000908  RW X


SEGMENT ALLOCATION MAP

run origin  load origin   length   init length attrs members
----------  ----------- ---------- ----------- ----- -------
00000000    00000000    00005060   00005060    r-x
  00000000    00000000    00000208   00000208    r-- .intvecs
  00000208    00000208    00004b7e   00004b7e    r-x .text
  00004d88    00004d88    0000026c   0000026c    r-- .const
  00004ff8    00004ff8    00000068   00000068    r-- .cinit
20000000    20000000    0003f6f8   00000000    rw-
  20000000    20000000    0003e800   00000000    rw- .sysmem
  2003e800    2003e800    00000800   00000000    rw- .stack
  2003f000    2003f000    00000668   00000000    rw- .bss
  2003f668    2003f668    00000090   00000000    rw- .data


SECTION ALLOCATION MAP

 output                                  attributes/
section   page    origin      length       input sections
--------  ----  ----------  ----------   ----------------
.intvecs   0    00000000    00000208     
                  00000000    00000208     tm4c1294ncpdt_startup_ccs.obj (.intvecs)

.text      0    00000208    00004b7e     
                  00000208    0000113e     rtsv7M4_T_le_v4SPD16_eabi.lib : _printfi.obj (.text)
                  00001346    00000002                                   : i_div0.obj (.text)
                  00001348    00000898                                   : _scanfi.obj (.text)
                  00001be0    000006d8     time.obj (.text)
                  000022b8    000005dc     functions.obj (.text)
                  00002894    000003d0     rtsv7M4_T_le_v4SPD16_eabi.lib : memory.obj (.text)
                  00002c64    0000032c     applications.obj (.text)
                  00002f90    000002f0     SVC.obj (.text)
                  00003280    0000023c     rtsv7M4_T_le_v4SPD16_eabi.lib : strtod.obj (.text)
                  000034bc    000001f4                                   : ull_div_t2.obj (.text)
                  000036b0    000001dc                                   : strtoll.obj (.text)
                  0000388c    000001b6                                   : fd_add_t2.obj (.text)
                  00003a42    00000002                                   : mpu_init.obj (.text)
                  00003a44    00000180     UART.obj (.text)
                  00003bc4    0000015c     rtsv7M4_T_le_v4SPD16_eabi.lib : strtoull.obj (.text)
                  00003d20    00000136                                   : fd_div_t2.obj (.text)
                  00003e56    00000002                                   : startup.obj (.text)
                  00003e58    00000134                                   : strtol.obj (.text)
                  00003f8c    00000116     cqueue.obj (.text)
                  000040a2    00000002     --HOLE-- [fill = 0]
                  000040a4    00000114     rtsv7M4_T_le_v4SPD16_eabi.lib : strtoul.obj (.text)
                  000041b8    000000fc                                   : fd_mul_t2.obj (.text)
                  000042b4    000000fc                                   : s_scalbn.obj (.text)
                  000043b0    000000cc                                   : sscanf.obj (.text)
                  0000447c    0000009c                                   : memcpy_t2.obj (.text)
                  00004518    00000094     SysTick.obj (.text)
                  000045ac    00000086     rtsv7M4_T_le_v4SPD16_eabi.lib : fd_cmp_t2.obj (.text:__aeabi_cdcmple)
                  00004632    00000086                                   : fd_cmp_t2.obj (.text:__aeabi_cdrcmple)
                  000046b8    0000007a                                   : memset_t2.obj (.text)
                  00004732    00000002     --HOLE-- [fill = 0]
                  00004734    00000070                                   : autoinit.obj (.text)
                  000047a4    0000006e                                   : fd_tos_t2.obj (.text)
                  00004812    00000068                                   : copy_decompress_lzss.obj (.text:decompress:lzss)
                  0000487a    00000002     --HOLE-- [fill = 0]
                  0000487c    00000064                                   : s_frexp.obj (.text)
                  000048e0    00000060     Process.obj (.text)
                  00004940    00000060     rtsv7M4_T_le_v4SPD16_eabi.lib : sprintf.obj (.text)
                  000049a0    0000005e                                   : i_divt2.obj (.text)
                  000049fe    00000002     --HOLE-- [fill = 0]
                  00004a00    00000054                                   : boot.obj (.text)
                  00004a54    00000054                                   : exit.obj (.text)
                  00004aa8    00000054                                   : ltoa.obj (.text)
                  00004afc    0000004c                                   : atoi.obj (.text)
                  00004b48    0000004c                                   : cpy_tbl.obj (.text)
                  00004b94    00000048                                   : fd_toi_t2.obj (.text)
                  00004bdc    00000040                                   : u_divt2.obj (.text)
                  00004c1c    0000002e                                   : i_tofd_t2.obj (.text)
                  00004c4a    00000024                                   : memcmp.obj (.text)
                  00004c6e    0000001c                                   : memccpy.obj (.text)
                  00004c8a    00000002     --HOLE-- [fill = 0]
                  00004c8c    00000018                                   : args_main.obj (.text)
                  00004ca4    00000018                                   : ll_mul_t2.obj (.text)
                  00004cbc    00000018                                   : strrchr.obj (.text)
                  00004cd4    00000016                                   : strchr.obj (.text)
                  00004cea    00000002     --HOLE-- [fill = 0]
                  00004cec    00000014                                   : _lock.obj (.text)
                  00004d00    00000014                                   : s_copysign.obj (.text)
                  00004d14    00000014                                   : strcpy.obj (.text)
                  00004d28    00000014                                   : strlen.obj (.text)
                  00004d3c    00000010                                   : tolower.obj (.text)
                  00004d4c    00000010                                   : toupper.obj (.text)
                  00004d5c    0000000e                                   : copy_decompress_none.obj (.text:decompress:none)
                  00004d6a    0000000c                                   : copy_zero_init.obj (.text:decompress:ZI)
                  00004d76    0000000c     tm4c1294ncpdt_startup_ccs.obj (.text)
                  00004d82    00000004     rtsv7M4_T_le_v4SPD16_eabi.lib : pre_init.obj (.text)

.const     0    00004d88    0000026c     
                  00004d88    00000101     rtsv7M4_T_le_v4SPD16_eabi.lib : ctype.obj (.const:.string:_ctypes_)
                  00004e89    00000007     --HOLE-- [fill = 0]
                  00004e90    00000098                                   : strtod.obj (.const:$O1$$)
                  00004f28    00000048     time.obj (.const:.string)
                  00004f70    00000030     time.obj (.const:monthStrings)
                  00004fa0    00000028     applications.obj (.const:.string:$P$T0$1)
                  00004fc8    00000010     rtsv7M4_T_le_v4SPD16_eabi.lib : _scanfi.obj (.const:$O1$$)
                  00004fd8    00000010     applications.obj (.const:$P$T1$2)
                  00004fe8    0000000c     applications.obj (.const:$P$T2$3)

.cinit     0    00004ff8    00000068     
                  00004ff8    0000003f     (.cinit..data.load) [load image, compression = lzss]
                  00005037    00000001     --HOLE-- [fill = 0]
                  00005038    0000000c     (__TI_handler_table)
                  00005044    00000004     --HOLE-- [fill = 0]
                  00005048    00000008     (.cinit..bss.load) [load image, compression = zero_init]
                  00005050    00000010     (__TI_cinit_table)

.init_array 
*          0    00000000    00000000     UNINITIALIZED

.sysmem    0    20000000    0003e800     UNINITIALIZED
                  20000000    00000008     rtsv7M4_T_le_v4SPD16_eabi.lib : memory.obj (.sysmem)
                  20000008    0003e7f8     --HOLE--

.stack     0    2003e800    00000800     UNINITIALIZED
                  2003e800    00000800     --HOLE--

.bss       0    2003f000    00000668     UNINITIALIZED
                  2003f000    00000640     (.common:mboxList)
                  2003f640    00000004     (.common:commandQueue)
                  2003f644    00000004     (.common:date)
                  2003f648    00000004     (.common:hundredths)
                  2003f64c    00000004     (.common:inQueue)
                  2003f650    00000004     (.common:msgList)
                  2003f654    00000004     (.common:outQueue)
                  2003f658    00000004     (.common:priorityLevel)
                  2003f65c    00000004     (.common:registersSaved)
                  2003f660    00000004     (.common:tenthSecondsCounter)
                  2003f664    00000004     (.common:time)

.data      0    2003f668    00000090     UNINITIALIZED
                  2003f668    00000030     time.obj (.data:monthDays)
                  2003f698    00000018     SVC.obj (.data:running)
                  2003f6b0    00000010     time.obj (.data)
                  2003f6c0    0000000c     rtsv7M4_T_le_v4SPD16_eabi.lib : exit.obj (.data:$O1$$)
                  2003f6cc    0000000c                                   : memory.obj (.data:$O1$$)
                  2003f6d8    0000000c     SysTick.obj (.data)
                  2003f6e4    00000008     rtsv7M4_T_le_v4SPD16_eabi.lib : _lock.obj (.data:$O1$$)
                  2003f6ec    00000004     SVC.obj (.data)
                  2003f6f0    00000004     rtsv7M4_T_le_v4SPD16_eabi.lib : errno.obj (.data)
                  2003f6f4    00000004                                   : stkdepth_vars.obj (.data)

MODULE SUMMARY

       Module                          code    ro data   rw data
       ------                          ----    -------   -------
    .\
       SVC.obj                         752     0         1640   
       time.obj                        1752    120       76     
       functions.obj                   1500    0         0      
       applications.obj                812     68        0      
       tm4c1294ncpdt_startup_ccs.obj   12      520       0      
       UART.obj                        384     0         8      
       cqueue.obj                      278     0         0      
       SysTick.obj                     148     0         20     
       Process.obj                     96      0         0      
    +--+-------------------------------+-------+---------+---------+
       Total:                          5734    708       1744   
                                                                
    C:\ti\ccsv7\tools\compiler\ti-cgt-arm_16.9.6.LTS\lib\rtsv7M4_T_le_v4SPD16_eabi.lib
       _printfi.obj                    4414    0         0      
       _scanfi.obj                     2200    16        0      
       memory.obj                      976     0         12     
       strtod.obj                      572     152       0      
       ull_div_t2.obj                  500     0         0      
       strtoll.obj                     476     0         0      
       fd_add_t2.obj                   438     0         0      
       strtoull.obj                    348     0         0      
       fd_div_t2.obj                   310     0         0      
       strtol.obj                      308     0         0      
       strtoul.obj                     276     0         0      
       fd_cmp_t2.obj                   268     0         0      
       ctype.obj                       0       257       0      
       fd_mul_t2.obj                   252     0         0      
       s_scalbn.obj                    252     0         0      
       sscanf.obj                      204     0         0      
       memcpy_t2.obj                   156     0         0      
       memset_t2.obj                   122     0         0      
       autoinit.obj                    112     0         0      
       fd_tos_t2.obj                   110     0         0      
       copy_decompress_lzss.obj        104     0         0      
       s_frexp.obj                     100     0         0      
       exit.obj                        84      0         12     
       sprintf.obj                     96      0         0      
       i_divt2.obj                     94      0         0      
       boot.obj                        84      0         0      
       ltoa.obj                        84      0         0      
       atoi.obj                        76      0         0      
       cpy_tbl.obj                     76      0         0      
       fd_toi_t2.obj                   72      0         0      
       u_divt2.obj                     64      0         0      
       i_tofd_t2.obj                   46      0         0      
       memcmp.obj                      36      0         0      
       _lock.obj                       20      0         8      
       memccpy.obj                     28      0         0      
       args_main.obj                   24      0         0      
       ll_mul_t2.obj                   24      0         0      
       strrchr.obj                     24      0         0      
       strchr.obj                      22      0         0      
       s_copysign.obj                  20      0         0      
       strcpy.obj                      20      0         0      
       strlen.obj                      20      0         0      
       tolower.obj                     16      0         0      
       toupper.obj                     16      0         0      
       copy_decompress_none.obj        14      0         0      
       copy_zero_init.obj              12      0         0      
       errno.obj                       0       0         4      
       pre_init.obj                    4       0         0      
       stkdepth_vars.obj               0       0         4      
       i_div0.obj                      2       0         0      
       mpu_init.obj                    2       0         0      
       startup.obj                     2       0         0      
    +--+-------------------------------+-------+---------+---------+
       Total:                          13580   425       40     
                                                                
       Heap:                           0       0         256000 
       Stack:                          0       0         2048   
       Linker Generated:               0       99        0      
    +--+-------------------------------+-------+---------+---------+
       Grand Total:                    19314   1232      259832 


LINKER GENERATED COPY TABLES

__TI_cinit_table @ 00005050 records: 2, size/record: 8, table size: 16
	.data: load addr=00004ff8, load size=0000003f bytes, run addr=2003f668, run size=00000090 bytes, compression=lzss
	.bss: load addr=00005048, load size=00000008 bytes, run addr=2003f000, run size=00000668 bytes, compression=zero_init


LINKER GENERATED HANDLER TABLE

__TI_handler_table @ 00005038 records: 3, size/record: 4, table size: 12
	index: 0, handler: __TI_decompress_lzss
	index: 1, handler: __TI_decompress_none
	index: 2, handler: __TI_zero_init


GLOBAL SYMBOLS: SORTED ALPHABETICALLY BY Name 

address   name                           
-------   ----                           
00004a55  C$$EXIT                        
0000455b  IntMasterEnable                
00003aa3  InterruptEnable                
00003b15  InterruptMasterEnable          
00004d77  ResetISR                       
UNDEFED   SHT$$INIT_ARRAY$$Base          
UNDEFED   SHT$$INIT_ARRAY$$Limit         
0000314b  SVCHandler                     
00003111  SVCall                         
0000455f  SysTickHandler                 
0000454f  SysTickIntDisable              
00004543  SysTickIntEnable               
00004531  SysTickPeriod                  
00004519  SysTickStart                   
00004525  SysTickStop                    
00003a45  UART0_Init                     
00003acb  UART0_IntEnable                
00003adf  UART0_IntHandler               
00002c65  UARTReceive                    
2003f000  __STACK_END                    
00000800  __STACK_SIZE                   
2003ea00  __STACK_TOP                    
0003e800  __SYSMEM_SIZE                  
00005050  __TI_CINIT_Base                
00005060  __TI_CINIT_Limit               
00005038  __TI_Handler_Table_Base        
00005044  __TI_Handler_Table_Limit       
00004735  __TI_auto_init                 
2003f6c0  __TI_cleanup_ptr               
00004813  __TI_decompress_lzss           
00004d5d  __TI_decompress_none           
2003f6c4  __TI_dtors_ptr                 
2003f6c8  __TI_enable_exit_profile_output
ffffffff  __TI_pprof_out_hndl            
00000a4d  __TI_printfi                   
ffffffff  __TI_prof_data_size            
ffffffff  __TI_prof_data_start           
00001349  __TI_scanfi                    
00000000  __TI_static_base__             
00004d6b  __TI_zero_init                 
000045ad  __aeabi_cdcmpeq                
000045ad  __aeabi_cdcmple                
00004633  __aeabi_cdrcmple               
000047a5  __aeabi_d2f                    
00004b95  __aeabi_d2iz                   
00003897  __aeabi_dadd                   
00003d21  __aeabi_ddiv                   
000041b9  __aeabi_dmul                   
0000388d  __aeabi_dsub                   
00004c1d  __aeabi_i2d                    
000049a1  __aeabi_idiv                   
00001347  __aeabi_idiv0                  
000049a1  __aeabi_idivmod                
00004ca5  __aeabi_lmul                   
000046b9  __aeabi_memclr                 
000046b9  __aeabi_memclr4                
000046b9  __aeabi_memclr8                
0000447d  __aeabi_memcpy                 
0000447d  __aeabi_memcpy4                
0000447d  __aeabi_memcpy8                
000046bb  __aeabi_memset                 
000046bb  __aeabi_memset4                
000046bb  __aeabi_memset8                
00004bdd  __aeabi_uidiv                  
00004bdd  __aeabi_uidivmod               
000034bd  __aeabi_uldivmod               
ffffffff  __binit__                      
ffffffff  __c_args__                     
00003a43  __mpu_init                     
2003e800  __stack                        
00004c8d  _args_main                     
00004a01  _c_int00                       
00004d88  _ctypes_                       
2003f6e4  _lock                          
00004cfb  _nop                           
00004cf3  _register_lock                 
00004ced  _register_unlock               
20000000  _sys_memory                    
00003e57  _system_post_cinit             
00004d83  _system_pre_init               
2003f6e8  _unlock                        
00004a59  abort                          
00002755  addPCB                         
2003f6b8  alarmConstant                  
2003f6d8  alarmPtr                       
000027b1  allocate                       
00002e3d  assignR7                       
00004afd  atoi                           
00004007  backspace                      
00002ebd  bind                           
ffffffff  binit                          
00002c35  calloc                         
00002d6f  check                          
00004047  clearQueue                     
2003f640  commandQueue                   
00004b49  copy_in                        
00004d01  copysign                       
00004d01  copysignl                      
2003f6e0  count                          
2003f644  date                           
2003f6b4  dateConstant                   
2003f6bc  daysPassed                     
000027d5  deallocate                     
00003fcb  dequeue                        
00003f8d  enqueue                        
2003f6f0  errno                          
00004a61  exit                           
000027ef  findNextProcess                
0000297f  free                           
0000487d  frexp                          
0000487d  frexpl                         
00000000  g_pfnVectors                   
0000408b  getSize                        
000048f7  get_MSP                        
000048ed  get_PSP                        
00004939  get_SP                         
00002d91  goodbye                        
2003f648  hundredths                     
2003f64c  inQueue                        
00002fb1  initKernel                     
00004031  initQueue                      
000023f9  k_bind                         
0000232d  k_getPID                       
0000235d  k_nice                         
0000233b  k_print                        
000025ef  k_recv                         
000024e5  k_send                         
000022b9  k_terminate                    
00002475  k_unbind                       
000042b5  ldexp                          
000042b5  ldexpl                         
00002253  leapYear                       
00002dcf  lowest                         
00004aa9  ltoa                           
00002f91  main                           
2003f6f4  main_func_sp                   
00002915  malloc                         
2003f000  mboxList                       
00002b49  memalign                       
00004c6f  memccpy                        
00004c4b  memcmp                         
0000447d  memcpy                         
000046c1  memset                         
00002895  minit                          
2003f668  monthDays                      
00004f70  monthStrings                   
00001f6d  monthToInt                     
2003f650  msgList                        
000026db  nextProcess                    
00002ed9  nice                           
00002d71  outProcess                     
2003f654  outQueue                       
0000216d  parseAlarm                     
00001c59  parseCommand                   
00001e85  parseDate                      
00001ca3  parseTime                      
0000306f  pendSVHandler                  
00002e49  pkCall                         
00003b19  print                          
00002119  printAlarm                     
00003b41  printChar                      
00002ee7  printRequest                   
00002f05  printVT                        
2003f658  priorityLevel                  
0000281d  processSwitch                  
000020b1  readAlarm                      
00001df1  readDate                       
00001be1  readTime                       
00002a3f  realloc                        
00002e93  recv                           
0000309b  regProcess                     
2003f65c  registersSaved                 
00002715  removePCB                      
0000492b  restore_registers              
2003f698  running                        
0000491d  save_registers                 
000042b5  scalbn                         
000042b5  scalbnl                        
00002e69  send                           
000048e1  set_LR                         
0000490f  set_MSP                        
00004901  set_PSP                        
00004941  sprintf                        
000043c3  sscanf                         
00004cd5  strchr                         
00004d15  strcpy                         
00004d29  strlen                         
00004cbd  strrchr                        
00003281  strtod                         
00003e59  strtol                         
00003281  strtold                        
000036b1  strtoll                        
000040a5  strtoul                        
00003bc5  strtoull                       
2003f6dc  tenthSecondsAlarm              
2003f660  tenthSecondsCounter            
00002e2d  terminate                      
2003f664  time                           
2003f6b0  timeConstant                   
00004d3d  tolower                        
00004d4d  toupper                        
00003b5d  transmitByte                   
00002ecb  unbind                         
00001fcd  updateDate                     
00001d5d  updateTime                     
000043b1  vsscanf                        


GLOBAL SYMBOLS: SORTED BY Symbol Address 

address   name                           
-------   ----                           
00000000  __TI_static_base__             
00000000  g_pfnVectors                   
00000800  __STACK_SIZE                   
00000a4d  __TI_printfi                   
00001347  __aeabi_idiv0                  
00001349  __TI_scanfi                    
00001be1  readTime                       
00001c59  parseCommand                   
00001ca3  parseTime                      
00001d5d  updateTime                     
00001df1  readDate                       
00001e85  parseDate                      
00001f6d  monthToInt                     
00001fcd  updateDate                     
000020b1  readAlarm                      
00002119  printAlarm                     
0000216d  parseAlarm                     
00002253  leapYear                       
000022b9  k_terminate                    
0000232d  k_getPID                       
0000233b  k_print                        
0000235d  k_nice                         
000023f9  k_bind                         
00002475  k_unbind                       
000024e5  k_send                         
000025ef  k_recv                         
000026db  nextProcess                    
00002715  removePCB                      
00002755  addPCB                         
000027b1  allocate                       
000027d5  deallocate                     
000027ef  findNextProcess                
0000281d  processSwitch                  
00002895  minit                          
00002915  malloc                         
0000297f  free                           
00002a3f  realloc                        
00002b49  memalign                       
00002c35  calloc                         
00002c65  UARTReceive                    
00002d6f  check                          
00002d71  outProcess                     
00002d91  goodbye                        
00002dcf  lowest                         
00002e2d  terminate                      
00002e3d  assignR7                       
00002e49  pkCall                         
00002e69  send                           
00002e93  recv                           
00002ebd  bind                           
00002ecb  unbind                         
00002ed9  nice                           
00002ee7  printRequest                   
00002f05  printVT                        
00002f91  main                           
00002fb1  initKernel                     
0000306f  pendSVHandler                  
0000309b  regProcess                     
00003111  SVCall                         
0000314b  SVCHandler                     
00003281  strtod                         
00003281  strtold                        
000034bd  __aeabi_uldivmod               
000036b1  strtoll                        
0000388d  __aeabi_dsub                   
00003897  __aeabi_dadd                   
00003a43  __mpu_init                     
00003a45  UART0_Init                     
00003aa3  InterruptEnable                
00003acb  UART0_IntEnable                
00003adf  UART0_IntHandler               
00003b15  InterruptMasterEnable          
00003b19  print                          
00003b41  printChar                      
00003b5d  transmitByte                   
00003bc5  strtoull                       
00003d21  __aeabi_ddiv                   
00003e57  _system_post_cinit             
00003e59  strtol                         
00003f8d  enqueue                        
00003fcb  dequeue                        
00004007  backspace                      
00004031  initQueue                      
00004047  clearQueue                     
0000408b  getSize                        
000040a5  strtoul                        
000041b9  __aeabi_dmul                   
000042b5  ldexp                          
000042b5  ldexpl                         
000042b5  scalbn                         
000042b5  scalbnl                        
000043b1  vsscanf                        
000043c3  sscanf                         
0000447d  __aeabi_memcpy                 
0000447d  __aeabi_memcpy4                
0000447d  __aeabi_memcpy8                
0000447d  memcpy                         
00004519  SysTickStart                   
00004525  SysTickStop                    
00004531  SysTickPeriod                  
00004543  SysTickIntEnable               
0000454f  SysTickIntDisable              
0000455b  IntMasterEnable                
0000455f  SysTickHandler                 
000045ad  __aeabi_cdcmpeq                
000045ad  __aeabi_cdcmple                
00004633  __aeabi_cdrcmple               
000046b9  __aeabi_memclr                 
000046b9  __aeabi_memclr4                
000046b9  __aeabi_memclr8                
000046bb  __aeabi_memset                 
000046bb  __aeabi_memset4                
000046bb  __aeabi_memset8                
000046c1  memset                         
00004735  __TI_auto_init                 
000047a5  __aeabi_d2f                    
00004813  __TI_decompress_lzss           
0000487d  frexp                          
0000487d  frexpl                         
000048e1  set_LR                         
000048ed  get_PSP                        
000048f7  get_MSP                        
00004901  set_PSP                        
0000490f  set_MSP                        
0000491d  save_registers                 
0000492b  restore_registers              
00004939  get_SP                         
00004941  sprintf                        
000049a1  __aeabi_idiv                   
000049a1  __aeabi_idivmod                
00004a01  _c_int00                       
00004a55  C$$EXIT                        
00004a59  abort                          
00004a61  exit                           
00004aa9  ltoa                           
00004afd  atoi                           
00004b49  copy_in                        
00004b95  __aeabi_d2iz                   
00004bdd  __aeabi_uidiv                  
00004bdd  __aeabi_uidivmod               
00004c1d  __aeabi_i2d                    
00004c4b  memcmp                         
00004c6f  memccpy                        
00004c8d  _args_main                     
00004ca5  __aeabi_lmul                   
00004cbd  strrchr                        
00004cd5  strchr                         
00004ced  _register_unlock               
00004cf3  _register_lock                 
00004cfb  _nop                           
00004d01  copysign                       
00004d01  copysignl                      
00004d15  strcpy                         
00004d29  strlen                         
00004d3d  tolower                        
00004d4d  toupper                        
00004d5d  __TI_decompress_none           
00004d6b  __TI_zero_init                 
00004d77  ResetISR                       
00004d83  _system_pre_init               
00004d88  _ctypes_                       
00004f70  monthStrings                   
00005038  __TI_Handler_Table_Base        
00005044  __TI_Handler_Table_Limit       
00005050  __TI_CINIT_Base                
00005060  __TI_CINIT_Limit               
0003e800  __SYSMEM_SIZE                  
20000000  _sys_memory                    
2003e800  __stack                        
2003ea00  __STACK_TOP                    
2003f000  __STACK_END                    
2003f000  mboxList                       
2003f640  commandQueue                   
2003f644  date                           
2003f648  hundredths                     
2003f64c  inQueue                        
2003f650  msgList                        
2003f654  outQueue                       
2003f658  priorityLevel                  
2003f65c  registersSaved                 
2003f660  tenthSecondsCounter            
2003f664  time                           
2003f668  monthDays                      
2003f698  running                        
2003f6b0  timeConstant                   
2003f6b4  dateConstant                   
2003f6b8  alarmConstant                  
2003f6bc  daysPassed                     
2003f6c0  __TI_cleanup_ptr               
2003f6c4  __TI_dtors_ptr                 
2003f6c8  __TI_enable_exit_profile_output
2003f6d8  alarmPtr                       
2003f6dc  tenthSecondsAlarm              
2003f6e0  count                          
2003f6e4  _lock                          
2003f6e8  _unlock                        
2003f6f0  errno                          
2003f6f4  main_func_sp                   
ffffffff  __TI_pprof_out_hndl            
ffffffff  __TI_prof_data_size            
ffffffff  __TI_prof_data_start           
ffffffff  __binit__                      
ffffffff  __c_args__                     
ffffffff  binit                          
UNDEFED   SHT$$INIT_ARRAY$$Base          
UNDEFED   SHT$$INIT_ARRAY$$Limit         

[206 symbols]
