******************************************************************************
                  TI ARM Linker PC v16.9.6                     
******************************************************************************
>> Linked Fri Nov 15 15:21:06 2019

OUTPUT FILE NAME:   <Kernel.out>
ENTRY POINT SYMBOL: "_c_int00"  address: 000011c9


MEMORY CONFIGURATION

         name            origin    length      used     unused   attr    fill
----------------------  --------  ---------  --------  --------  ----  --------
  FLASH                 00000000   00100000  0000135a  000feca6  R  X
  SRAM                  20000000   00040000  0003f6a4  0000095c  RW X


SEGMENT ALLOCATION MAP

run origin  load origin   length   init length attrs members
----------  ----------- ---------- ----------- ----- -------
00000000    00000000    00001360   00001360    r-x
  00000000    00000000    00000208   00000208    r-- .intvecs
  00000208    00000208    0000110a   0000110a    r-x .text
  00001318    00001318    00000048   00000048    r-- .cinit
20000000    20000000    0003f6a4   00000000    rw-
  20000000    20000000    0003e800   00000000    rw- .sysmem
  2003e800    2003e800    00000800   00000000    rw- .stack
  2003f000    2003f000    00000658   00000000    rw- .bss
  2003f658    2003f658    0000004c   00000000    rw- .data


SECTION ALLOCATION MAP

 output                                  attributes/
section   page    origin      length       input sections
--------  ----  ----------  ----------   ----------------
.intvecs   0    00000000    00000208     
                  00000000    00000208     tm4c1294ncpdt_startup_ccs.obj (.intvecs)

.text      0    00000208    0000110a     
                  00000208    000003d0     rtsv7M4_T_le_v4SPD16_eabi.lib : memory.obj (.text)
                  000005d8    000002e0     functions.obj (.text)
                  000008b8    00000234     SVC.obj (.text)
                  00000aec    00000180     UART.obj (.text)
                  00000c6c    00000116     cqueue.obj (.text)
                  00000d82    00000002     rtsv7M4_T_le_v4SPD16_eabi.lib : i_div0.obj (.text)
                  00000d84    00000110     applications.obj (.text)
                  00000e94    0000009c     rtsv7M4_T_le_v4SPD16_eabi.lib : memcpy_t2.obj (.text)
                  00000f30    00000084     SysTick.obj (.text)
                  00000fb4    0000007a     rtsv7M4_T_le_v4SPD16_eabi.lib : memset_t2.obj (.text)
                  0000102e    00000002                                   : mpu_init.obj (.text)
                  00001030    00000070                                   : autoinit.obj (.text)
                  000010a0    00000068                                   : copy_decompress_lzss.obj (.text:decompress:lzss)
                  00001108    00000060     Process.obj (.text)
                  00001168    0000005e     rtsv7M4_T_le_v4SPD16_eabi.lib : i_divt2.obj (.text)
                  000011c6    00000002                                   : startup.obj (.text)
                  000011c8    00000054                                   : boot.obj (.text)
                  0000121c    00000054                                   : exit.obj (.text)
                  00001270    0000004c                                   : cpy_tbl.obj (.text)
                  000012bc    00000018                                   : args_main.obj (.text)
                  000012d4    00000014                                   : _lock.obj (.text)
                  000012e8    0000000e                                   : copy_decompress_none.obj (.text:decompress:none)
                  000012f6    0000000c                                   : copy_zero_init.obj (.text:decompress:ZI)
                  00001302    0000000c     tm4c1294ncpdt_startup_ccs.obj (.text)
                  0000130e    00000004     rtsv7M4_T_le_v4SPD16_eabi.lib : pre_init.obj (.text)

.cinit     0    00001318    00000048     
                  00001318    00000023     (.cinit..data.load) [load image, compression = lzss]
                  0000133b    00000001     --HOLE-- [fill = 0]
                  0000133c    0000000c     (__TI_handler_table)
                  00001348    00000008     (.cinit..bss.load) [load image, compression = zero_init]
                  00001350    00000010     (__TI_cinit_table)

.init_array 
*          0    00000000    00000000     UNINITIALIZED

.sysmem    0    20000000    0003e800     UNINITIALIZED
                  20000000    00000008     rtsv7M4_T_le_v4SPD16_eabi.lib : memory.obj (.sysmem)
                  20000008    0003e7f8     --HOLE--

.stack     0    2003e800    00000800     UNINITIALIZED
                  2003e800    00000800     --HOLE--

.bss       0    2003f000    00000658     UNINITIALIZED
                  2003f000    00000640     (.common:mboxList)
                  2003f640    00000004     (.common:inQueue)
                  2003f644    00000004     (.common:msgList)
                  2003f648    00000004     (.common:outQueue)
                  2003f64c    00000004     (.common:priorityLevel)
                  2003f650    00000004     (.common:registersSaved)
                  2003f654    00000004     (.common:tenthSecondsCounter)

.data      0    2003f658    0000004c     UNINITIALIZED
                  2003f658    00000014     SVC.obj (.data:running)
                  2003f66c    0000000c     rtsv7M4_T_le_v4SPD16_eabi.lib : exit.obj (.data:$O1$$)
                  2003f678    0000000c                                   : memory.obj (.data:$O1$$)
                  2003f684    0000000c     SysTick.obj (.data)
                  2003f690    00000008     rtsv7M4_T_le_v4SPD16_eabi.lib : _lock.obj (.data:$O1$$)
                  2003f698    00000004     SVC.obj (.data)
                  2003f69c    00000004     applications.obj (.data)
                  2003f6a0    00000004     rtsv7M4_T_le_v4SPD16_eabi.lib : stkdepth_vars.obj (.data)

MODULE SUMMARY

       Module                          code   ro data   rw data
       ------                          ----   -------   -------
    .\
       SVC.obj                         564    0         1636   
       functions.obj                   736    0         0      
       tm4c1294ncpdt_startup_ccs.obj   12     520       0      
       UART.obj                        384    0         8      
       cqueue.obj                      278    0         0      
       applications.obj                272    0         4      
       SysTick.obj                     132    0         16     
       Process.obj                     96     0         0      
    +--+-------------------------------+------+---------+---------+
       Total:                          2474   520       1664   
                                                               
    C:\ti\ccsv7\tools\compiler\ti-cgt-arm_16.9.6.LTS\lib\rtsv7M4_T_le_v4SPD16_eabi.lib
       memory.obj                      976    0         12     
       memcpy_t2.obj                   156    0         0      
       memset_t2.obj                   122    0         0      
       autoinit.obj                    112    0         0      
       copy_decompress_lzss.obj        104    0         0      
       exit.obj                        84     0         12     
       i_divt2.obj                     94     0         0      
       boot.obj                        84     0         0      
       cpy_tbl.obj                     76     0         0      
       _lock.obj                       20     0         8      
       args_main.obj                   24     0         0      
       copy_decompress_none.obj        14     0         0      
       copy_zero_init.obj              12     0         0      
       pre_init.obj                    4      0         0      
       stkdepth_vars.obj               0      0         4      
       i_div0.obj                      2      0         0      
       mpu_init.obj                    2      0         0      
       startup.obj                     2      0         0      
    +--+-------------------------------+------+---------+---------+
       Total:                          1888   0         36     
                                                               
       Heap:                           0      0         256000 
       Stack:                          0      0         2048   
       Linker Generated:               0      71        0      
    +--+-------------------------------+------+---------+---------+
       Grand Total:                    4362   591       259748 


LINKER GENERATED COPY TABLES

__TI_cinit_table @ 00001350 records: 2, size/record: 8, table size: 16
	.data: load addr=00001318, load size=00000023 bytes, run addr=2003f658, run size=0000004c bytes, compression=lzss
	.bss: load addr=00001348, load size=00000008 bytes, run addr=2003f000, run size=00000658 bytes, compression=zero_init


LINKER GENERATED HANDLER TABLE

__TI_handler_table @ 0000133c records: 3, size/record: 4, table size: 12
	index: 0, handler: __TI_decompress_lzss
	index: 1, handler: __TI_decompress_none
	index: 2, handler: __TI_zero_init


GLOBAL SYMBOLS: SORTED ALPHABETICALLY BY Name 

address   name                           
-------   ----                           
0000121d  C$$EXIT                        
00000f73  IntMasterEnable                
00000b4b  InterruptEnable                
00000bbd  InterruptMasterEnable          
00001303  ResetISR                       
UNDEFED   SHT$$INIT_ARRAY$$Base          
UNDEFED   SHT$$INIT_ARRAY$$Limit         
00000a29  SVCHandler                     
000009ef  SVCall                         
00000f77  SysTickHandler                 
00000f67  SysTickIntDisable              
00000f5b  SysTickIntEnable               
00000f49  SysTickPeriod                  
00000f31  SysTickStart                   
00000f3d  SysTickStop                    
00000aed  UART0_Init                     
00000b73  UART0_IntEnable                
00000b87  UART0_IntHandler               
2003f000  __STACK_END                    
00000800  __STACK_SIZE                   
2003ea00  __STACK_TOP                    
0003e800  __SYSMEM_SIZE                  
00001350  __TI_CINIT_Base                
00001360  __TI_CINIT_Limit               
0000133c  __TI_Handler_Table_Base        
00001348  __TI_Handler_Table_Limit       
00001031  __TI_auto_init                 
2003f66c  __TI_cleanup_ptr               
000010a1  __TI_decompress_lzss           
000012e9  __TI_decompress_none           
2003f670  __TI_dtors_ptr                 
2003f674  __TI_enable_exit_profile_output
ffffffff  __TI_pprof_out_hndl            
ffffffff  __TI_prof_data_size            
ffffffff  __TI_prof_data_start           
00000000  __TI_static_base__             
000012f7  __TI_zero_init                 
00001169  __aeabi_idiv                   
00000d83  __aeabi_idiv0                  
00001169  __aeabi_idivmod                
00000fb5  __aeabi_memclr                 
00000fb5  __aeabi_memclr4                
00000fb5  __aeabi_memclr8                
00000e95  __aeabi_memcpy                 
00000e95  __aeabi_memcpy4                
00000e95  __aeabi_memcpy8                
00000fb7  __aeabi_memset                 
00000fb7  __aeabi_memset4                
00000fb7  __aeabi_memset8                
ffffffff  __binit__                      
ffffffff  __c_args__                     
0000102f  __mpu_init                     
2003e800  __stack                        
000012bd  _args_main                     
000011c9  _c_int00                       
2003f690  _lock                          
000012e3  _nop                           
000012db  _register_lock                 
000012d5  _register_unlock               
20000000  _sys_memory                    
000011c7  _system_post_cinit             
0000130f  _system_pre_init               
2003f694  _unlock                        
00001221  abort                          
000007e9  addPCB                         
2003f684  alarmPtr                       
00000847  allocate                       
00000dfd  assignR7                       
00000ce7  backspace                      
00000e7d  bind                           
ffffffff  binit                          
000005a9  calloc                         
00000da1  check                          
00000da3  check2                         
00000d27  clearQueue                     
00001271  copy_in                        
2003f68c  count                          
00000cab  dequeue                        
00000c6d  enqueue                        
00001229  exit                           
00000875  findNextProcess                
000002f3  free                           
00000000  g_pfnVectors                   
00000d6b  getSize                        
0000111f  get_MSP                        
00001115  get_PSP                        
00001161  get_SP                         
00000da5  goodbye                        
00000d85  hello                          
2003f69c  helloValue                     
2003f640  inQueue                        
000008e5  initKernel                     
00000d11  initQueue                      
0000063d  k_bind                         
0000062d  k_getPID                       
0000063b  k_nice                         
00000709  k_recv                         
0000067d  k_send                         
000005d9  k_terminate                    
00000dc3  lowest                         
000008b9  main                           
2003f6a0  main_func_sp                   
00000289  malloc                         
2003f000  mboxList                       
000004bd  memalign                       
00000e95  memcpy                         
00000fbd  memset                         
00000209  minit                          
2003f644  msgList                        
00000779  nextProcess                    
2003f648  outQueue                       
00000969  pendSVHandler                  
00000e09  pkCall                         
00000bc1  print                          
00000be9  printChar                      
2003f64c  priorityLevel                  
000003b3  realloc                        
00000e53  recv                           
00000985  regProcess                     
2003f650  registersSaved                 
000007b3  removePCB                      
00001153  restore_registers              
2003f658  running                        
00001145  save_registers                 
00000e29  send                           
00001109  set_LR                         
00001137  set_MSP                        
00001129  set_PSP                        
2003f688  tenthSecondsAlarm              
2003f654  tenthSecondsCounter            
00000ded  terminate                      
00000c05  transmitByte                   


GLOBAL SYMBOLS: SORTED BY Symbol Address 

address   name                           
-------   ----                           
00000000  __TI_static_base__             
00000000  g_pfnVectors                   
00000209  minit                          
00000289  malloc                         
000002f3  free                           
000003b3  realloc                        
000004bd  memalign                       
000005a9  calloc                         
000005d9  k_terminate                    
0000062d  k_getPID                       
0000063b  k_nice                         
0000063d  k_bind                         
0000067d  k_send                         
00000709  k_recv                         
00000779  nextProcess                    
000007b3  removePCB                      
000007e9  addPCB                         
00000800  __STACK_SIZE                   
00000847  allocate                       
00000875  findNextProcess                
000008b9  main                           
000008e5  initKernel                     
00000969  pendSVHandler                  
00000985  regProcess                     
000009ef  SVCall                         
00000a29  SVCHandler                     
00000aed  UART0_Init                     
00000b4b  InterruptEnable                
00000b73  UART0_IntEnable                
00000b87  UART0_IntHandler               
00000bbd  InterruptMasterEnable          
00000bc1  print                          
00000be9  printChar                      
00000c05  transmitByte                   
00000c6d  enqueue                        
00000cab  dequeue                        
00000ce7  backspace                      
00000d11  initQueue                      
00000d27  clearQueue                     
00000d6b  getSize                        
00000d83  __aeabi_idiv0                  
00000d85  hello                          
00000da1  check                          
00000da3  check2                         
00000da5  goodbye                        
00000dc3  lowest                         
00000ded  terminate                      
00000dfd  assignR7                       
00000e09  pkCall                         
00000e29  send                           
00000e53  recv                           
00000e7d  bind                           
00000e95  __aeabi_memcpy                 
00000e95  __aeabi_memcpy4                
00000e95  __aeabi_memcpy8                
00000e95  memcpy                         
00000f31  SysTickStart                   
00000f3d  SysTickStop                    
00000f49  SysTickPeriod                  
00000f5b  SysTickIntEnable               
00000f67  SysTickIntDisable              
00000f73  IntMasterEnable                
00000f77  SysTickHandler                 
00000fb5  __aeabi_memclr                 
00000fb5  __aeabi_memclr4                
00000fb5  __aeabi_memclr8                
00000fb7  __aeabi_memset                 
00000fb7  __aeabi_memset4                
00000fb7  __aeabi_memset8                
00000fbd  memset                         
0000102f  __mpu_init                     
00001031  __TI_auto_init                 
000010a1  __TI_decompress_lzss           
00001109  set_LR                         
00001115  get_PSP                        
0000111f  get_MSP                        
00001129  set_PSP                        
00001137  set_MSP                        
00001145  save_registers                 
00001153  restore_registers              
00001161  get_SP                         
00001169  __aeabi_idiv                   
00001169  __aeabi_idivmod                
000011c7  _system_post_cinit             
000011c9  _c_int00                       
0000121d  C$$EXIT                        
00001221  abort                          
00001229  exit                           
00001271  copy_in                        
000012bd  _args_main                     
000012d5  _register_unlock               
000012db  _register_lock                 
000012e3  _nop                           
000012e9  __TI_decompress_none           
000012f7  __TI_zero_init                 
00001303  ResetISR                       
0000130f  _system_pre_init               
0000133c  __TI_Handler_Table_Base        
00001348  __TI_Handler_Table_Limit       
00001350  __TI_CINIT_Base                
00001360  __TI_CINIT_Limit               
0003e800  __SYSMEM_SIZE                  
20000000  _sys_memory                    
2003e800  __stack                        
2003ea00  __STACK_TOP                    
2003f000  __STACK_END                    
2003f000  mboxList                       
2003f640  inQueue                        
2003f644  msgList                        
2003f648  outQueue                       
2003f64c  priorityLevel                  
2003f650  registersSaved                 
2003f654  tenthSecondsCounter            
2003f658  running                        
2003f66c  __TI_cleanup_ptr               
2003f670  __TI_dtors_ptr                 
2003f674  __TI_enable_exit_profile_output
2003f684  alarmPtr                       
2003f688  tenthSecondsAlarm              
2003f68c  count                          
2003f690  _lock                          
2003f694  _unlock                        
2003f69c  helloValue                     
2003f6a0  main_func_sp                   
ffffffff  __TI_pprof_out_hndl            
ffffffff  __TI_prof_data_size            
ffffffff  __TI_prof_data_start           
ffffffff  __binit__                      
ffffffff  __c_args__                     
ffffffff  binit                          
UNDEFED   SHT$$INIT_ARRAY$$Base          
UNDEFED   SHT$$INIT_ARRAY$$Limit         

[132 symbols]
