******************************************************************************
                  TI ARM Linker PC v16.9.6                     
******************************************************************************
>> Linked Tue Nov 26 20:05:48 2019

OUTPUT FILE NAME:   <Kernel.out>
ENTRY POINT SYMBOL: "_c_int00"  address: 00004ac1


MEMORY CONFIGURATION

         name            origin    length      used     unused   attr    fill
----------------------  --------  ---------  --------  --------  ----  --------
  FLASH                 00000000   00100000  000050ce  000faf32  R  X
  SRAM                  20000000   00040000  0003f6f4  0000090c  RW X


SEGMENT ALLOCATION MAP

run origin  load origin   length   init length attrs members
----------  ----------- ---------- ----------- ----- -------
00000000    00000000    000050d0   000050d0    r-x
  00000000    00000000    00000208   00000208    r-- .intvecs
  00000208    00000208    00004c3e   00004c3e    r-x .text
  00004e48    00004e48    00000228   00000228    r-- .const
  00005070    00005070    00000060   00000060    r-- .cinit
20000000    20000000    0003f6f4   00000000    rw-
  20000000    20000000    0003e800   00000000    rw- .sysmem
  2003e800    2003e800    00000800   00000000    rw- .stack
  2003f000    2003f000    00000660   00000000    rw- .bss
  2003f660    2003f660    00000094   00000000    rw- .data


SECTION ALLOCATION MAP

 output                                  attributes/
section   page    origin      length       input sections
--------  ----  ----------  ----------   ----------------
.intvecs   0    00000000    00000208     
                  00000000    00000208     tm4c1294ncpdt_startup_ccs.obj (.intvecs)

.text      0    00000208    00004c3e     
                  00000208    0000113e     rtsv7M4_T_le_v4SPD16_eabi.lib : _printfi.obj (.text)
                  00001346    00000002                                   : i_div0.obj (.text)
                  00001348    00000898                                   : _scanfi.obj (.text)
                  00001be0    000006d8     time.obj (.text)
                  000022b8    0000063c     functions.obj (.text)
                  000028f4    000003d0     rtsv7M4_T_le_v4SPD16_eabi.lib : memory.obj (.text)
                  00002cc4    0000034c     SVC.obj (.text)
                  00003010    00000320     applications.obj (.text)
                  00003330    0000023c     rtsv7M4_T_le_v4SPD16_eabi.lib : strtod.obj (.text)
                  0000356c    000001f4                                   : ull_div_t2.obj (.text)
                  00003760    000001dc                                   : strtoll.obj (.text)
                  0000393c    000001b6                                   : fd_add_t2.obj (.text)
                  00003af2    00000002                                   : mpu_init.obj (.text)
                  00003af4    00000184     UART.obj (.text)
                  00003c78    0000015c     rtsv7M4_T_le_v4SPD16_eabi.lib : strtoull.obj (.text)
                  00003dd4    00000136                                   : fd_div_t2.obj (.text)
                  00003f0a    00000002                                   : startup.obj (.text)
                  00003f0c    00000134                                   : strtol.obj (.text)
                  00004040    00000116     cqueue.obj (.text)
                  00004156    00000002     --HOLE-- [fill = 0]
                  00004158    00000114     rtsv7M4_T_le_v4SPD16_eabi.lib : strtoul.obj (.text)
                  0000426c    000000fc                                   : fd_mul_t2.obj (.text)
                  00004368    000000fc                                   : s_scalbn.obj (.text)
                  00004464    000000cc                                   : sscanf.obj (.text)
                  00004530    000000a0     SysTick.obj (.text)
                  000045d0    0000009c     rtsv7M4_T_le_v4SPD16_eabi.lib : memcpy_t2.obj (.text)
                  0000466c    00000086                                   : fd_cmp_t2.obj (.text:__aeabi_cdcmple)
                  000046f2    00000086                                   : fd_cmp_t2.obj (.text:__aeabi_cdrcmple)
                  00004778    0000007a                                   : memset_t2.obj (.text)
                  000047f2    00000002     --HOLE-- [fill = 0]
                  000047f4    00000070                                   : autoinit.obj (.text)
                  00004864    0000006e                                   : fd_tos_t2.obj (.text)
                  000048d2    00000068                                   : copy_decompress_lzss.obj (.text:decompress:lzss)
                  0000493a    00000002     --HOLE-- [fill = 0]
                  0000493c    00000064                                   : s_frexp.obj (.text)
                  000049a0    00000060     Process.obj (.text)
                  00004a00    00000060     rtsv7M4_T_le_v4SPD16_eabi.lib : sprintf.obj (.text)
                  00004a60    0000005e                                   : i_divt2.obj (.text)
                  00004abe    00000002     --HOLE-- [fill = 0]
                  00004ac0    00000054                                   : boot.obj (.text)
                  00004b14    00000054                                   : exit.obj (.text)
                  00004b68    00000054                                   : ltoa.obj (.text)
                  00004bbc    0000004c                                   : atoi.obj (.text)
                  00004c08    0000004c                                   : cpy_tbl.obj (.text)
                  00004c54    00000048                                   : fd_toi_t2.obj (.text)
                  00004c9c    00000040                                   : u_divt2.obj (.text)
                  00004cdc    0000002e                                   : i_tofd_t2.obj (.text)
                  00004d0a    00000024                                   : memcmp.obj (.text)
                  00004d2e    0000001c                                   : memccpy.obj (.text)
                  00004d4a    00000002     --HOLE-- [fill = 0]
                  00004d4c    00000018                                   : args_main.obj (.text)
                  00004d64    00000018                                   : ll_mul_t2.obj (.text)
                  00004d7c    00000018                                   : strrchr.obj (.text)
                  00004d94    00000016                                   : strchr.obj (.text)
                  00004daa    00000002     --HOLE-- [fill = 0]
                  00004dac    00000014                                   : _lock.obj (.text)
                  00004dc0    00000014                                   : s_copysign.obj (.text)
                  00004dd4    00000014                                   : strcpy.obj (.text)
                  00004de8    00000014                                   : strlen.obj (.text)
                  00004dfc    00000010                                   : tolower.obj (.text)
                  00004e0c    00000010                                   : toupper.obj (.text)
                  00004e1c    0000000e                                   : copy_decompress_none.obj (.text:decompress:none)
                  00004e2a    0000000c                                   : copy_zero_init.obj (.text:decompress:ZI)
                  00004e36    0000000c     tm4c1294ncpdt_startup_ccs.obj (.text)
                  00004e42    00000004     rtsv7M4_T_le_v4SPD16_eabi.lib : pre_init.obj (.text)

.const     0    00004e48    00000228     
                  00004e48    00000101     rtsv7M4_T_le_v4SPD16_eabi.lib : ctype.obj (.const:.string:_ctypes_)
                  00004f49    00000007     --HOLE-- [fill = 0]
                  00004f50    00000098                                   : strtod.obj (.const:$O1$$)
                  00004fe8    00000048     time.obj (.const:.string)
                  00005030    00000030     time.obj (.const:monthStrings)
                  00005060    00000010     rtsv7M4_T_le_v4SPD16_eabi.lib : _scanfi.obj (.const:$O1$$)

.cinit     0    00005070    00000060     
                  00005070    0000003c     (.cinit..data.load) [load image, compression = lzss]
                  000050ac    0000000c     (__TI_handler_table)
                  000050b8    00000008     (.cinit..bss.load) [load image, compression = zero_init]
                  000050c0    00000010     (__TI_cinit_table)

.init_array 
*          0    00000000    00000000     UNINITIALIZED

.sysmem    0    20000000    0003e800     UNINITIALIZED
                  20000000    00000008     rtsv7M4_T_le_v4SPD16_eabi.lib : memory.obj (.sysmem)
                  20000008    0003e7f8     --HOLE--

.stack     0    2003e800    00000800     UNINITIALIZED
                  2003e800    00000800     --HOLE--

.bss       0    2003f000    00000660     UNINITIALIZED
                  2003f000    00000640     (.common:mboxList)
                  2003f640    00000004     (.common:commandQueue)
                  2003f644    00000004     (.common:date)
                  2003f648    00000004     (.common:inQueue)
                  2003f64c    00000004     (.common:msgList)
                  2003f650    00000004     (.common:outQueue)
                  2003f654    00000004     (.common:priorityLevel)
                  2003f658    00000004     (.common:tenthSecondsCounter)
                  2003f65c    00000004     (.common:time)

.data      0    2003f660    00000094     UNINITIALIZED
                  2003f660    00000030     time.obj (.data:monthDays)
                  2003f690    00000018     SVC.obj (.data:running)
                  2003f6a8    00000010     SysTick.obj (.data)
                  2003f6b8    00000010     time.obj (.data)
                  2003f6c8    0000000c     rtsv7M4_T_le_v4SPD16_eabi.lib : exit.obj (.data:$O1$$)
                  2003f6d4    0000000c                                   : memory.obj (.data:$O1$$)
                  2003f6e0    00000008                                   : _lock.obj (.data:$O1$$)
                  2003f6e8    00000004     SVC.obj (.data)
                  2003f6ec    00000004     rtsv7M4_T_le_v4SPD16_eabi.lib : errno.obj (.data)
                  2003f6f0    00000004                                   : stkdepth_vars.obj (.data)

MODULE SUMMARY

       Module                          code    ro data   rw data
       ------                          ----    -------   -------
    .\
       SVC.obj                         844     0         1636   
       time.obj                        1752    120       76     
       functions.obj                   1596    0         0      
       applications.obj                800     0         0      
       tm4c1294ncpdt_startup_ccs.obj   12      520       0      
       UART.obj                        388     0         8      
       cqueue.obj                      278     0         0      
       SysTick.obj                     160     0         20     
       Process.obj                     96      0         0      
    +--+-------------------------------+-------+---------+---------+
       Total:                          5926    640       1740   
                                                                
    C:\ti\ccsv7\tools\compiler\ti-cgt-arm_16.9.6.LTS\lib\rtsv7M4_T_le_v4SPD16_eabi.lib
       _printfi.obj                    4414    0         0      
       _scanfi.obj                     2200    16        0      
       memory.obj                      976     0         12     
       strtod.obj                      572     152       0      
       ull_div_t2.obj                  500     0         0      
       strtoll.obj                     476     0         0      
       fd_add_t2.obj                   438     0         0      
       strtoull.obj                    348     0         0      
       fd_div_t2.obj                   310     0         0      
       strtol.obj                      308     0         0      
       strtoul.obj                     276     0         0      
       fd_cmp_t2.obj                   268     0         0      
       ctype.obj                       0       257       0      
       fd_mul_t2.obj                   252     0         0      
       s_scalbn.obj                    252     0         0      
       sscanf.obj                      204     0         0      
       memcpy_t2.obj                   156     0         0      
       memset_t2.obj                   122     0         0      
       autoinit.obj                    112     0         0      
       fd_tos_t2.obj                   110     0         0      
       copy_decompress_lzss.obj        104     0         0      
       s_frexp.obj                     100     0         0      
       exit.obj                        84      0         12     
       sprintf.obj                     96      0         0      
       i_divt2.obj                     94      0         0      
       boot.obj                        84      0         0      
       ltoa.obj                        84      0         0      
       atoi.obj                        76      0         0      
       cpy_tbl.obj                     76      0         0      
       fd_toi_t2.obj                   72      0         0      
       u_divt2.obj                     64      0         0      
       i_tofd_t2.obj                   46      0         0      
       memcmp.obj                      36      0         0      
       _lock.obj                       20      0         8      
       memccpy.obj                     28      0         0      
       args_main.obj                   24      0         0      
       ll_mul_t2.obj                   24      0         0      
       strrchr.obj                     24      0         0      
       strchr.obj                      22      0         0      
       s_copysign.obj                  20      0         0      
       strcpy.obj                      20      0         0      
       strlen.obj                      20      0         0      
       tolower.obj                     16      0         0      
       toupper.obj                     16      0         0      
       copy_decompress_none.obj        14      0         0      
       copy_zero_init.obj              12      0         0      
       errno.obj                       0       0         4      
       pre_init.obj                    4       0         0      
       stkdepth_vars.obj               0       0         4      
       i_div0.obj                      2       0         0      
       mpu_init.obj                    2       0         0      
       startup.obj                     2       0         0      
    +--+-------------------------------+-------+---------+---------+
       Total:                          13580   425       40     
                                                                
       Heap:                           0       0         256000 
       Stack:                          0       0         2048   
       Linker Generated:               0       96        0      
    +--+-------------------------------+-------+---------+---------+
       Grand Total:                    19506   1161      259828 


LINKER GENERATED COPY TABLES

__TI_cinit_table @ 000050c0 records: 2, size/record: 8, table size: 16
	.data: load addr=00005070, load size=0000003c bytes, run addr=2003f660, run size=00000094 bytes, compression=lzss
	.bss: load addr=000050b8, load size=00000008 bytes, run addr=2003f000, run size=00000660 bytes, compression=zero_init


LINKER GENERATED HANDLER TABLE

__TI_handler_table @ 000050ac records: 3, size/record: 4, table size: 12
	index: 0, handler: __TI_decompress_lzss
	index: 1, handler: __TI_decompress_none
	index: 2, handler: __TI_zero_init


GLOBAL SYMBOLS: SORTED ALPHABETICALLY BY Name 

address   name                           
-------   ----                           
00004b15  C$$EXIT                        
00003011  IOprocess                      
00004573  IntMasterEnable                
00003b53  InterruptEnable                
00003bc5  InterruptMasterEnable          
00004e37  ResetISR                       
UNDEFED   SHT$$INIT_ARRAY$$Base          
UNDEFED   SHT$$INIT_ARRAY$$Limit         
00002ed5  SVCHandler                     
00002e87  SVCall                         
00004577  SysTickHandler                 
00004567  SysTickIntDisable              
0000455b  SysTickIntEnable               
00004549  SysTickPeriod                  
00004531  SysTickStart                   
0000453d  SysTickStop                    
00003af5  UART0_Init                     
00003b7b  UART0_IntEnable                
00003b8f  UART0_IntHandler               
2003f000  __STACK_END                    
00000800  __STACK_SIZE                   
2003ea00  __STACK_TOP                    
0003e800  __SYSMEM_SIZE                  
000050c0  __TI_CINIT_Base                
000050d0  __TI_CINIT_Limit               
000050ac  __TI_Handler_Table_Base        
000050b8  __TI_Handler_Table_Limit       
000047f5  __TI_auto_init                 
2003f6c8  __TI_cleanup_ptr               
000048d3  __TI_decompress_lzss           
00004e1d  __TI_decompress_none           
2003f6cc  __TI_dtors_ptr                 
2003f6d0  __TI_enable_exit_profile_output
ffffffff  __TI_pprof_out_hndl            
00000a4d  __TI_printfi                   
ffffffff  __TI_prof_data_size            
ffffffff  __TI_prof_data_start           
00001349  __TI_scanfi                    
00000000  __TI_static_base__             
00004e2b  __TI_zero_init                 
0000466d  __aeabi_cdcmpeq                
0000466d  __aeabi_cdcmple                
000046f3  __aeabi_cdrcmple               
00004865  __aeabi_d2f                    
00004c55  __aeabi_d2iz                   
00003947  __aeabi_dadd                   
00003dd5  __aeabi_ddiv                   
0000426d  __aeabi_dmul                   
0000393d  __aeabi_dsub                   
00004cdd  __aeabi_i2d                    
00004a61  __aeabi_idiv                   
00001347  __aeabi_idiv0                  
00004a61  __aeabi_idivmod                
00004d65  __aeabi_lmul                   
00004779  __aeabi_memclr                 
00004779  __aeabi_memclr4                
00004779  __aeabi_memclr8                
000045d1  __aeabi_memcpy                 
000045d1  __aeabi_memcpy4                
000045d1  __aeabi_memcpy8                
0000477b  __aeabi_memset                 
0000477b  __aeabi_memset4                
0000477b  __aeabi_memset8                
00004c9d  __aeabi_uidiv                  
00004c9d  __aeabi_uidivmod               
0000356d  __aeabi_uldivmod               
ffffffff  __binit__                      
ffffffff  __c_args__                     
00003af3  __mpu_init                     
2003e800  __stack                        
00004d4d  _args_main                     
00004ac1  _c_int00                       
00004e48  _ctypes_                       
2003f6e0  _lock                          
00004dbb  _nop                           
00004db3  _register_lock                 
00004dad  _register_unlock               
20000000  _sys_memory                    
00003f0b  _system_post_cinit             
00004e43  _system_pre_init               
2003f6e4  _unlock                        
00004b19  abort                          
000027b5  addPCB                         
2003f6c0  alarmConstant                  
2003f6ac  alarmPtr                       
00002811  allocate                       
000031c3  assignR7                       
00004bbd  atoi                           
000040bb  backspace                      
00003243  bind                           
ffffffff  binit                          
00002c95  calloc                         
000040fb  clearQueue                     
2003f640  commandQueue                   
00004c09  copy_in                        
00004dc1  copysign                       
00004dc1  copysignl                      
2003f6b4  count                          
2003f644  date                           
2003f6bc  dateConstant                   
2003f6c4  daysPassed                     
00002835  deallocate                     
0000407f  dequeue                        
00004041  enqueue                        
2003f6ec  errno                          
00004b21  exit                           
0000284f  findNextProcess                
00003bc9  formOutQueue                   
000029df  free                           
0000493d  frexp                          
0000493d  frexpl                         
00000000  g_pfnVectors                   
0000413f  getSize                        
000049b7  get_MSP                        
000049ad  get_PSP                        
000049f9  get_SP                         
2003f6a8  hundredths                     
000030fd  inProcess                      
2003f648  inQueue                        
00002cfd  initKernel                     
000040e5  initQueue                      
00002431  k_bind                         
0000232d  k_getPID                       
00002395  k_nice                         
00002377  k_print                        
0000233b  k_printVT                      
0000264b  k_recv                         
0000251d  k_send                         
000022b9  k_terminate                    
000024ad  k_unbind                       
00004369  ldexp                          
00004369  ldexpl                         
00002253  leapYear                       
00003127  lowest                         
00004b69  ltoa                           
00002cc5  main                           
2003f6f0  main_func_sp                   
00002975  malloc                         
2003f000  mboxList                       
00002ba9  memalign                       
00004d2f  memccpy                        
00004d0b  memcmp                         
000045d1  memcpy                         
00004781  memset                         
000028f5  minit                          
2003f660  monthDays                      
00005030  monthStrings                   
00001f6d  monthToInt                     
2003f64c  msgList                        
0000273b  nextProcess                    
0000325f  nice                           
000030c5  outProcess                     
2003f650  outQueue                       
0000216d  parseAlarm                     
00001c59  parseCommand                   
00001e85  parseDate                      
00001ca3  parseTime                      
00002de5  pendSVHandler                  
000031cf  pkCall                         
00002119  printAlarm                     
00003bf1  printChar                      
0000326d  printRequest                   
0000327b  printVT                        
2003f654  priorityLevel                  
0000287d  processSwitch                  
000020b1  readAlarm                      
00001df1  readDate                       
00001be1  readTime                       
00002a9f  realloc                        
00003219  recv                           
00002e11  regProcess                     
00002779  removePCB                      
000049eb  restore_registers              
2003f690  running                        
000049dd  save_registers                 
00004369  scalbn                         
00004369  scalbnl                        
000031ef  send                           
000049a1  set_LR                         
000049cf  set_MSP                        
000049c1  set_PSP                        
00004a01  sprintf                        
00004477  sscanf                         
00004d95  strchr                         
00004dd5  strcpy                         
00004de9  strlen                         
00004d7d  strrchr                        
00003331  strtod                         
00003f0d  strtol                         
00003331  strtold                        
00003761  strtoll                        
00004159  strtoul                        
00003c79  strtoull                       
2003f6b0  tenthSecondsAlarm              
2003f658  tenthSecondsCounter            
000031b3  terminate                      
2003f65c  time                           
2003f6b8  timeConstant                   
00004dfd  tolower                        
00004e0d  toupper                        
00003c11  transmitByte                   
00003251  unbind                         
00001fcd  updateDate                     
00001d5d  updateTime                     
00004465  vsscanf                        


GLOBAL SYMBOLS: SORTED BY Symbol Address 

address   name                           
-------   ----                           
00000000  __TI_static_base__             
00000000  g_pfnVectors                   
00000800  __STACK_SIZE                   
00000a4d  __TI_printfi                   
00001347  __aeabi_idiv0                  
00001349  __TI_scanfi                    
00001be1  readTime                       
00001c59  parseCommand                   
00001ca3  parseTime                      
00001d5d  updateTime                     
00001df1  readDate                       
00001e85  parseDate                      
00001f6d  monthToInt                     
00001fcd  updateDate                     
000020b1  readAlarm                      
00002119  printAlarm                     
0000216d  parseAlarm                     
00002253  leapYear                       
000022b9  k_terminate                    
0000232d  k_getPID                       
0000233b  k_printVT                      
00002377  k_print                        
00002395  k_nice                         
00002431  k_bind                         
000024ad  k_unbind                       
0000251d  k_send                         
0000264b  k_recv                         
0000273b  nextProcess                    
00002779  removePCB                      
000027b5  addPCB                         
00002811  allocate                       
00002835  deallocate                     
0000284f  findNextProcess                
0000287d  processSwitch                  
000028f5  minit                          
00002975  malloc                         
000029df  free                           
00002a9f  realloc                        
00002ba9  memalign                       
00002c95  calloc                         
00002cc5  main                           
00002cfd  initKernel                     
00002de5  pendSVHandler                  
00002e11  regProcess                     
00002e87  SVCall                         
00002ed5  SVCHandler                     
00003011  IOprocess                      
000030c5  outProcess                     
000030fd  inProcess                      
00003127  lowest                         
000031b3  terminate                      
000031c3  assignR7                       
000031cf  pkCall                         
000031ef  send                           
00003219  recv                           
00003243  bind                           
00003251  unbind                         
0000325f  nice                           
0000326d  printRequest                   
0000327b  printVT                        
00003331  strtod                         
00003331  strtold                        
0000356d  __aeabi_uldivmod               
00003761  strtoll                        
0000393d  __aeabi_dsub                   
00003947  __aeabi_dadd                   
00003af3  __mpu_init                     
00003af5  UART0_Init                     
00003b53  InterruptEnable                
00003b7b  UART0_IntEnable                
00003b8f  UART0_IntHandler               
00003bc5  InterruptMasterEnable          
00003bc9  formOutQueue                   
00003bf1  printChar                      
00003c11  transmitByte                   
00003c79  strtoull                       
00003dd5  __aeabi_ddiv                   
00003f0b  _system_post_cinit             
00003f0d  strtol                         
00004041  enqueue                        
0000407f  dequeue                        
000040bb  backspace                      
000040e5  initQueue                      
000040fb  clearQueue                     
0000413f  getSize                        
00004159  strtoul                        
0000426d  __aeabi_dmul                   
00004369  ldexp                          
00004369  ldexpl                         
00004369  scalbn                         
00004369  scalbnl                        
00004465  vsscanf                        
00004477  sscanf                         
00004531  SysTickStart                   
0000453d  SysTickStop                    
00004549  SysTickPeriod                  
0000455b  SysTickIntEnable               
00004567  SysTickIntDisable              
00004573  IntMasterEnable                
00004577  SysTickHandler                 
000045d1  __aeabi_memcpy                 
000045d1  __aeabi_memcpy4                
000045d1  __aeabi_memcpy8                
000045d1  memcpy                         
0000466d  __aeabi_cdcmpeq                
0000466d  __aeabi_cdcmple                
000046f3  __aeabi_cdrcmple               
00004779  __aeabi_memclr                 
00004779  __aeabi_memclr4                
00004779  __aeabi_memclr8                
0000477b  __aeabi_memset                 
0000477b  __aeabi_memset4                
0000477b  __aeabi_memset8                
00004781  memset                         
000047f5  __TI_auto_init                 
00004865  __aeabi_d2f                    
000048d3  __TI_decompress_lzss           
0000493d  frexp                          
0000493d  frexpl                         
000049a1  set_LR                         
000049ad  get_PSP                        
000049b7  get_MSP                        
000049c1  set_PSP                        
000049cf  set_MSP                        
000049dd  save_registers                 
000049eb  restore_registers              
000049f9  get_SP                         
00004a01  sprintf                        
00004a61  __aeabi_idiv                   
00004a61  __aeabi_idivmod                
00004ac1  _c_int00                       
00004b15  C$$EXIT                        
00004b19  abort                          
00004b21  exit                           
00004b69  ltoa                           
00004bbd  atoi                           
00004c09  copy_in                        
00004c55  __aeabi_d2iz                   
00004c9d  __aeabi_uidiv                  
00004c9d  __aeabi_uidivmod               
00004cdd  __aeabi_i2d                    
00004d0b  memcmp                         
00004d2f  memccpy                        
00004d4d  _args_main                     
00004d65  __aeabi_lmul                   
00004d7d  strrchr                        
00004d95  strchr                         
00004dad  _register_unlock               
00004db3  _register_lock                 
00004dbb  _nop                           
00004dc1  copysign                       
00004dc1  copysignl                      
00004dd5  strcpy                         
00004de9  strlen                         
00004dfd  tolower                        
00004e0d  toupper                        
00004e1d  __TI_decompress_none           
00004e2b  __TI_zero_init                 
00004e37  ResetISR                       
00004e43  _system_pre_init               
00004e48  _ctypes_                       
00005030  monthStrings                   
000050ac  __TI_Handler_Table_Base        
000050b8  __TI_Handler_Table_Limit       
000050c0  __TI_CINIT_Base                
000050d0  __TI_CINIT_Limit               
0003e800  __SYSMEM_SIZE                  
20000000  _sys_memory                    
2003e800  __stack                        
2003ea00  __STACK_TOP                    
2003f000  __STACK_END                    
2003f000  mboxList                       
2003f640  commandQueue                   
2003f644  date                           
2003f648  inQueue                        
2003f64c  msgList                        
2003f650  outQueue                       
2003f654  priorityLevel                  
2003f658  tenthSecondsCounter            
2003f65c  time                           
2003f660  monthDays                      
2003f690  running                        
2003f6a8  hundredths                     
2003f6ac  alarmPtr                       
2003f6b0  tenthSecondsAlarm              
2003f6b4  count                          
2003f6b8  timeConstant                   
2003f6bc  dateConstant                   
2003f6c0  alarmConstant                  
2003f6c4  daysPassed                     
2003f6c8  __TI_cleanup_ptr               
2003f6cc  __TI_dtors_ptr                 
2003f6d0  __TI_enable_exit_profile_output
2003f6e0  _lock                          
2003f6e4  _unlock                        
2003f6ec  errno                          
2003f6f0  main_func_sp                   
ffffffff  __TI_pprof_out_hndl            
ffffffff  __TI_prof_data_size            
ffffffff  __TI_prof_data_start           
ffffffff  __binit__                      
ffffffff  __c_args__                     
ffffffff  binit                          
UNDEFED   SHT$$INIT_ARRAY$$Base          
UNDEFED   SHT$$INIT_ARRAY$$Limit         

[205 symbols]
