******************************************************************************
                  TI ARM Linker PC v16.9.6                     
******************************************************************************
>> Linked Tue Dec 10 02:55:14 2019

OUTPUT FILE NAME:   <Kernel.out>
ENTRY POINT SYMBOL: "_c_int00"  address: 00004df1


MEMORY CONFIGURATION

         name            origin    length      used     unused   attr    fill
----------------------  --------  ---------  --------  --------  ----  --------
  FLASH                 00000000   00100000  0000541e  000fabe2  R  X
  SRAM                  20000000   00040000  0003f6f4  0000090c  RW X


SEGMENT ALLOCATION MAP

run origin  load origin   length   init length attrs members
----------  ----------- ---------- ----------- ----- -------
00000000    00000000    00005420   00005420    r-x
  00000000    00000000    00000208   00000208    r-- .intvecs
  00000208    00000208    00004f86   00004f86    r-x .text
  00005190    00005190    00000228   00000228    r-- .const
  000053b8    000053b8    00000068   00000068    r-- .cinit
20000000    20000000    0003f6f4   00000000    rw-
  20000000    20000000    0003e800   00000000    rw- .sysmem
  2003e800    2003e800    00000800   00000000    rw- .stack
  2003f000    2003f000    00000660   00000000    rw- .bss
  2003f660    2003f660    00000094   00000000    rw- .data


SECTION ALLOCATION MAP

 output                                  attributes/
section   page    origin      length       input sections
--------  ----  ----------  ----------   ----------------
.intvecs   0    00000000    00000208     
                  00000000    00000208     tm4c1294ncpdt_startup_ccs.obj (.intvecs)

.text      0    00000208    00004f86     
                  00000208    0000113e     rtsv7M4_T_le_v4SPD16_eabi.lib : _printfi.obj (.text)
                  00001346    00000002                                   : i_div0.obj (.text)
                  00001348    00000898                                   : _scanfi.obj (.text)
                  00001be0    000007e4     functions.obj (.text)
                  000023c4    000006d8     time.obj (.text)
                  00002a9c    000004f8     applications.obj (.text)
                  00002f94    000003d0     rtsv7M4_T_le_v4SPD16_eabi.lib : memory.obj (.text)
                  00003364    00000364     SVC.obj (.text)
                  000036c8    0000023c     rtsv7M4_T_le_v4SPD16_eabi.lib : strtod.obj (.text)
                  00003904    000001f4                                   : ull_div_t2.obj (.text)
                  00003af8    000001dc                                   : strtoll.obj (.text)
                  00003cd4    000001b6                                   : fd_add_t2.obj (.text)
                  00003e8a    00000002                                   : mpu_init.obj (.text)
                  00003e8c    00000184     UART.obj (.text)
                  00004010    0000015c     rtsv7M4_T_le_v4SPD16_eabi.lib : strtoull.obj (.text)
                  0000416c    00000136                                   : fd_div_t2.obj (.text)
                  000042a2    00000002                                   : startup.obj (.text)
                  000042a4    00000134                                   : strtol.obj (.text)
                  000043d8    00000114                                   : strtoul.obj (.text)
                  000044ec    00000110     cqueue.obj (.text)
                  000045fc    000000fc     rtsv7M4_T_le_v4SPD16_eabi.lib : fd_mul_t2.obj (.text)
                  000046f8    000000fc                                   : s_scalbn.obj (.text)
                  000047f4    000000cc                                   : sscanf.obj (.text)
                  000048c0    000000a0     SysTick.obj (.text)
                  00004960    0000009c     rtsv7M4_T_le_v4SPD16_eabi.lib : memcpy_t2.obj (.text)
                  000049fc    00000086                                   : fd_cmp_t2.obj (.text:__aeabi_cdcmple)
                  00004a82    00000086                                   : fd_cmp_t2.obj (.text:__aeabi_cdrcmple)
                  00004b08    0000007a                                   : memset_t2.obj (.text)
                  00004b82    00000002     --HOLE-- [fill = 0]
                  00004b84    00000070                                   : autoinit.obj (.text)
                  00004bf4    0000006e                                   : fd_tos_t2.obj (.text)
                  00004c62    00000068                                   : copy_decompress_lzss.obj (.text:decompress:lzss)
                  00004cca    00000002     --HOLE-- [fill = 0]
                  00004ccc    00000064                                   : s_frexp.obj (.text)
                  00004d30    00000060     Process.obj (.text)
                  00004d90    00000060     rtsv7M4_T_le_v4SPD16_eabi.lib : sprintf.obj (.text)
                  00004df0    00000054                                   : boot.obj (.text)
                  00004e44    00000054                                   : exit.obj (.text)
                  00004e98    00000054                                   : ltoa.obj (.text)
                  00004eec    0000004c                                   : atoi.obj (.text)
                  00004f38    0000004c                                   : cpy_tbl.obj (.text)
                  00004f84    00000048                                   : fd_toi_t2.obj (.text)
                  00004fcc    00000040                                   : u_divt2.obj (.text)
                  0000500c    0000002e                                   : i_tofd_t2.obj (.text)
                  0000503a    00000024                                   : memcmp.obj (.text)
                  0000505e    0000001c                                   : memccpy.obj (.text)
                  0000507a    00000002     --HOLE-- [fill = 0]
                  0000507c    00000018                                   : args_main.obj (.text)
                  00005094    00000018                                   : ll_mul_t2.obj (.text)
                  000050ac    00000018                                   : strcmp.obj (.text)
                  000050c4    00000018                                   : strrchr.obj (.text)
                  000050dc    00000016                                   : strchr.obj (.text)
                  000050f2    00000002     --HOLE-- [fill = 0]
                  000050f4    00000014                                   : _lock.obj (.text)
                  00005108    00000014                                   : s_copysign.obj (.text)
                  0000511c    00000014                                   : strcpy.obj (.text)
                  00005130    00000014                                   : strlen.obj (.text)
                  00005144    00000010                                   : tolower.obj (.text)
                  00005154    00000010                                   : toupper.obj (.text)
                  00005164    0000000e                                   : copy_decompress_none.obj (.text:decompress:none)
                  00005172    0000000c                                   : copy_zero_init.obj (.text:decompress:ZI)
                  0000517e    0000000c     tm4c1294ncpdt_startup_ccs.obj (.text)
                  0000518a    00000004     rtsv7M4_T_le_v4SPD16_eabi.lib : pre_init.obj (.text)

.const     0    00005190    00000228     
                  00005190    00000101     rtsv7M4_T_le_v4SPD16_eabi.lib : ctype.obj (.const:.string:_ctypes_)
                  00005291    00000007     --HOLE-- [fill = 0]
                  00005298    00000098                                   : strtod.obj (.const:$O1$$)
                  00005330    00000048     time.obj (.const:.string)
                  00005378    00000030     time.obj (.const:monthStrings)
                  000053a8    00000010     rtsv7M4_T_le_v4SPD16_eabi.lib : _scanfi.obj (.const:$O1$$)

.cinit     0    000053b8    00000068     
                  000053b8    0000003d     (.cinit..data.load) [load image, compression = lzss]
                  000053f5    00000003     --HOLE-- [fill = 0]
                  000053f8    0000000c     (__TI_handler_table)
                  00005404    00000004     --HOLE-- [fill = 0]
                  00005408    00000008     (.cinit..bss.load) [load image, compression = zero_init]
                  00005410    00000010     (__TI_cinit_table)

.init_array 
*          0    00000000    00000000     UNINITIALIZED

.sysmem    0    20000000    0003e800     UNINITIALIZED
                  20000000    00000008     rtsv7M4_T_le_v4SPD16_eabi.lib : memory.obj (.sysmem)
                  20000008    0003e7f8     --HOLE--

.stack     0    2003e800    00000800     UNINITIALIZED
                  2003e800    00000800     --HOLE--

.bss       0    2003f000    00000660     UNINITIALIZED
                  2003f000    00000640     (.common:mboxList)
                  2003f640    00000004     (.common:commandQueue)
                  2003f644    00000004     (.common:date)
                  2003f648    00000004     (.common:inQueue)
                  2003f64c    00000004     (.common:msgList)
                  2003f650    00000004     (.common:outQueue)
                  2003f654    00000004     (.common:priorityLevel)
                  2003f658    00000004     (.common:tenthSecondsCounter)
                  2003f65c    00000004     (.common:time)

.data      0    2003f660    00000094     UNINITIALIZED
                  2003f660    00000030     time.obj (.data:monthDays)
                  2003f690    00000018     SVC.obj (.data:running)
                  2003f6a8    00000010     SysTick.obj (.data)
                  2003f6b8    00000010     time.obj (.data)
                  2003f6c8    0000000c     rtsv7M4_T_le_v4SPD16_eabi.lib : exit.obj (.data:$O1$$)
                  2003f6d4    0000000c                                   : memory.obj (.data:$O1$$)
                  2003f6e0    00000008                                   : _lock.obj (.data:$O1$$)
                  2003f6e8    00000004     SVC.obj (.data)
                  2003f6ec    00000004     rtsv7M4_T_le_v4SPD16_eabi.lib : errno.obj (.data)
                  2003f6f0    00000004                                   : stkdepth_vars.obj (.data)

MODULE SUMMARY

       Module                          code    ro data   rw data
       ------                          ----    -------   -------
    .\
       SVC.obj                         868     0         1636   
       functions.obj                   2020    0         0      
       time.obj                        1752    120       76     
       applications.obj                1272    0         0      
       tm4c1294ncpdt_startup_ccs.obj   12      520       0      
       UART.obj                        388     0         8      
       cqueue.obj                      272     0         0      
       SysTick.obj                     160     0         20     
       Process.obj                     96      0         0      
    +--+-------------------------------+-------+---------+---------+
       Total:                          6840    640       1740   
                                                                
    C:\ti\ccsv7\tools\compiler\ti-cgt-arm_16.9.6.LTS\lib\rtsv7M4_T_le_v4SPD16_eabi.lib
       _printfi.obj                    4414    0         0      
       _scanfi.obj                     2200    16        0      
       memory.obj                      976     0         12     
       strtod.obj                      572     152       0      
       ull_div_t2.obj                  500     0         0      
       strtoll.obj                     476     0         0      
       fd_add_t2.obj                   438     0         0      
       strtoull.obj                    348     0         0      
       fd_div_t2.obj                   310     0         0      
       strtol.obj                      308     0         0      
       strtoul.obj                     276     0         0      
       fd_cmp_t2.obj                   268     0         0      
       ctype.obj                       0       257       0      
       fd_mul_t2.obj                   252     0         0      
       s_scalbn.obj                    252     0         0      
       sscanf.obj                      204     0         0      
       memcpy_t2.obj                   156     0         0      
       memset_t2.obj                   122     0         0      
       autoinit.obj                    112     0         0      
       fd_tos_t2.obj                   110     0         0      
       copy_decompress_lzss.obj        104     0         0      
       s_frexp.obj                     100     0         0      
       exit.obj                        84      0         12     
       sprintf.obj                     96      0         0      
       boot.obj                        84      0         0      
       ltoa.obj                        84      0         0      
       atoi.obj                        76      0         0      
       cpy_tbl.obj                     76      0         0      
       fd_toi_t2.obj                   72      0         0      
       u_divt2.obj                     64      0         0      
       i_tofd_t2.obj                   46      0         0      
       memcmp.obj                      36      0         0      
       _lock.obj                       20      0         8      
       memccpy.obj                     28      0         0      
       args_main.obj                   24      0         0      
       ll_mul_t2.obj                   24      0         0      
       strcmp.obj                      24      0         0      
       strrchr.obj                     24      0         0      
       strchr.obj                      22      0         0      
       s_copysign.obj                  20      0         0      
       strcpy.obj                      20      0         0      
       strlen.obj                      20      0         0      
       tolower.obj                     16      0         0      
       toupper.obj                     16      0         0      
       copy_decompress_none.obj        14      0         0      
       copy_zero_init.obj              12      0         0      
       errno.obj                       0       0         4      
       pre_init.obj                    4       0         0      
       stkdepth_vars.obj               0       0         4      
       i_div0.obj                      2       0         0      
       mpu_init.obj                    2       0         0      
       startup.obj                     2       0         0      
    +--+-------------------------------+-------+---------+---------+
       Total:                          13510   425       40     
                                                                
       Heap:                           0       0         256000 
       Stack:                          0       0         2048   
       Linker Generated:               0       97        0      
    +--+-------------------------------+-------+---------+---------+
       Grand Total:                    20350   1162      259828 


LINKER GENERATED COPY TABLES

__TI_cinit_table @ 00005410 records: 2, size/record: 8, table size: 16
	.data: load addr=000053b8, load size=0000003d bytes, run addr=2003f660, run size=00000094 bytes, compression=lzss
	.bss: load addr=00005408, load size=00000008 bytes, run addr=2003f000, run size=00000660 bytes, compression=zero_init


LINKER GENERATED HANDLER TABLE

__TI_handler_table @ 000053f8 records: 3, size/record: 4, table size: 12
	index: 0, handler: __TI_decompress_lzss
	index: 1, handler: __TI_decompress_none
	index: 2, handler: __TI_zero_init


GLOBAL SYMBOLS: SORTED ALPHABETICALLY BY Name 

address   name                           
-------   ----                           
00004e45  C$$EXIT                        
00002a9d  IOprocess                      
00004903  IntMasterEnable                
00003eeb  InterruptEnable                
00003f5d  InterruptMasterEnable          
0000517f  ResetISR                       
UNDEFED   SHT$$INIT_ARRAY$$Base          
UNDEFED   SHT$$INIT_ARRAY$$Limit         
0000355d  SVCHandler                     
0000350d  SVCall                         
00004907  SysTickHandler                 
000048f7  SysTickIntDisable              
000048eb  SysTickIntEnable               
000048d9  SysTickPeriod                  
000048c1  SysTickStart                   
000048cd  SysTickStop                    
00003e8d  UART0_Init                     
00003f13  UART0_IntEnable                
00003f27  UART0_IntHandler               
2003f000  __STACK_END                    
00000800  __STACK_SIZE                   
2003ea00  __STACK_TOP                    
0003e800  __SYSMEM_SIZE                  
00005410  __TI_CINIT_Base                
00005420  __TI_CINIT_Limit               
000053f8  __TI_Handler_Table_Base        
00005404  __TI_Handler_Table_Limit       
00004b85  __TI_auto_init                 
2003f6c8  __TI_cleanup_ptr               
00004c63  __TI_decompress_lzss           
00005165  __TI_decompress_none           
2003f6cc  __TI_dtors_ptr                 
2003f6d0  __TI_enable_exit_profile_output
ffffffff  __TI_pprof_out_hndl            
00000a4d  __TI_printfi                   
ffffffff  __TI_prof_data_size            
ffffffff  __TI_prof_data_start           
00001349  __TI_scanfi                    
00000000  __TI_static_base__             
00005173  __TI_zero_init                 
000049fd  __aeabi_cdcmpeq                
000049fd  __aeabi_cdcmple                
00004a83  __aeabi_cdrcmple               
00004bf5  __aeabi_d2f                    
00004f85  __aeabi_d2iz                   
00003cdf  __aeabi_dadd                   
0000416d  __aeabi_ddiv                   
000045fd  __aeabi_dmul                   
00003cd5  __aeabi_dsub                   
0000500d  __aeabi_i2d                    
00001347  __aeabi_idiv0                  
00005095  __aeabi_lmul                   
00004b09  __aeabi_memclr                 
00004b09  __aeabi_memclr4                
00004b09  __aeabi_memclr8                
00004961  __aeabi_memcpy                 
00004961  __aeabi_memcpy4                
00004961  __aeabi_memcpy8                
00004b0b  __aeabi_memset                 
00004b0b  __aeabi_memset4                
00004b0b  __aeabi_memset8                
00004fcd  __aeabi_uidiv                  
00004fcd  __aeabi_uidivmod               
00003905  __aeabi_uldivmod               
ffffffff  __binit__                      
ffffffff  __c_args__                     
00003e8b  __mpu_init                     
2003e800  __stack                        
0000507d  _args_main                     
00004df1  _c_int00                       
00005190  _ctypes_                       
2003f6e0  _lock                          
00005103  _nop                           
000050fb  _register_lock                 
000050f5  _register_unlock               
20000000  _sys_memory                    
000042a3  _system_post_cinit             
0000518b  _system_pre_init               
2003f6e4  _unlock                        
00004e49  abort                          
00002279  addPCB                         
2003f6c0  alarmConstant                  
2003f6ac  alarmPtr                       
000022d5  allocate                       
00002db1  assignR7                       
00004eed  atoi                           
00004567  backspace                      
00002e6b  bind                           
ffffffff  binit                          
00003335  calloc                         
0000459b  clearQueue                     
2003f640  commandQueue                   
00004f39  copy_in                        
00005109  copysign                       
00005109  copysignl                      
2003f6b4  count                          
2003f644  date                           
2003f6bc  dateConstant                   
2003f6c4  daysPassed                     
000022fd  deallocate                     
0000452b  dequeue                        
000044ed  enqueue                        
2003f6ec  errno                          
00004e51  exit                           
0000231d  findNextProcess                
00003f61  formOutQueue                   
0000307f  free                           
00004ccd  frexp                          
00004ccd  frexpl                         
00000000  g_pfnVectors                   
000045df  getSize                        
00004d47  get_MSP                        
00004d3d  get_PSP                        
00004d89  get_SP                         
2003f6a8  hundredths                     
00002d17  idle                           
2003f648  inQueue                        
00003393  initKernel                     
00004585  initQueue                      
00002bf3  inputRequest                   
00001d95  k_bind                         
00001c81  k_getPID                       
00001be1  k_input                        
00001cf9  k_nice                         
00001ccb  k_print                        
00001ce9  k_printChar                    
00001c8f  k_printVT                      
0000209d  k_recv                         
00001ea9  k_send                         
00001c0d  k_terminate                    
00001e27  k_unbind                       
000046f9  ldexp                          
000046f9  ldexpl                         
00002a37  leapYear                       
00004e99  ltoa                           
00003365  main                           
2003f6f0  main_func_sp                   
00003015  malloc                         
2003f000  mboxList                       
00003249  memalign                       
0000505f  memccpy                        
0000503b  memcmp                         
00004961  memcpy                         
00004b11  memset                         
00002f95  minit                          
2003f660  monthDays                      
00005378  monthStrings                   
00002751  monthToInt                     
2003f64c  msgList                        
00002209  nextProcess                    
00002e87  nice                           
00002c01  outProcess                     
2003f650  outQueue                       
00002951  parseAlarm                     
0000243d  parseCommand                   
00002669  parseDate                      
00002487  parseTime                      
0000348d  pendSVHandler                  
00002dbd  pkCall                         
000028fd  printAlarm                     
00003f89  printChar                      
00002e95  printRequest                   
00002ecb  printVT                        
2003f654  priorityLevel                  
0000234b  processSwitch                  
00002895  readAlarm                      
000025d5  readDate                       
000023c5  readTime                       
0000313f  realloc                        
00002e41  recv                           
0000349d  regProcess                     
00002243  removePCB                      
00004d7b  restore_registers              
2003f690  running                        
00004d6d  save_registers                 
000046f9  scalbn                         
000046f9  scalbnl                        
00002de5  send                           
00004d31  set_LR                         
00004d5f  set_MSP                        
00004d51  set_PSP                        
00004d91  sprintf                        
00004807  sscanf                         
000050dd  strchr                         
000050ad  strcmp                         
0000511d  strcpy                         
00005131  strlen                         
000050c5  strrchr                        
000036c9  strtod                         
000042a5  strtol                         
000036c9  strtold                        
00003af9  strtoll                        
000043d9  strtoul                        
00004011  strtoull                       
2003f6b0  tenthSecondsAlarm              
2003f658  tenthSecondsCounter            
00002da1  terminate                      
2003f65c  time                           
2003f6b8  timeConstant                   
00005145  tolower                        
00005155  toupper                        
00003fa9  transmitByte                   
00002e79  unbind                         
000027b1  updateDate                     
00002541  updateTime                     
000047f5  vsscanf                        


GLOBAL SYMBOLS: SORTED BY Symbol Address 

address   name                           
-------   ----                           
00000000  __TI_static_base__             
00000000  g_pfnVectors                   
00000800  __STACK_SIZE                   
00000a4d  __TI_printfi                   
00001347  __aeabi_idiv0                  
00001349  __TI_scanfi                    
00001be1  k_input                        
00001c0d  k_terminate                    
00001c81  k_getPID                       
00001c8f  k_printVT                      
00001ccb  k_print                        
00001ce9  k_printChar                    
00001cf9  k_nice                         
00001d95  k_bind                         
00001e27  k_unbind                       
00001ea9  k_send                         
0000209d  k_recv                         
00002209  nextProcess                    
00002243  removePCB                      
00002279  addPCB                         
000022d5  allocate                       
000022fd  deallocate                     
0000231d  findNextProcess                
0000234b  processSwitch                  
000023c5  readTime                       
0000243d  parseCommand                   
00002487  parseTime                      
00002541  updateTime                     
000025d5  readDate                       
00002669  parseDate                      
00002751  monthToInt                     
000027b1  updateDate                     
00002895  readAlarm                      
000028fd  printAlarm                     
00002951  parseAlarm                     
00002a37  leapYear                       
00002a9d  IOprocess                      
00002bf3  inputRequest                   
00002c01  outProcess                     
00002d17  idle                           
00002da1  terminate                      
00002db1  assignR7                       
00002dbd  pkCall                         
00002de5  send                           
00002e41  recv                           
00002e6b  bind                           
00002e79  unbind                         
00002e87  nice                           
00002e95  printRequest                   
00002ecb  printVT                        
00002f95  minit                          
00003015  malloc                         
0000307f  free                           
0000313f  realloc                        
00003249  memalign                       
00003335  calloc                         
00003365  main                           
00003393  initKernel                     
0000348d  pendSVHandler                  
0000349d  regProcess                     
0000350d  SVCall                         
0000355d  SVCHandler                     
000036c9  strtod                         
000036c9  strtold                        
00003905  __aeabi_uldivmod               
00003af9  strtoll                        
00003cd5  __aeabi_dsub                   
00003cdf  __aeabi_dadd                   
00003e8b  __mpu_init                     
00003e8d  UART0_Init                     
00003eeb  InterruptEnable                
00003f13  UART0_IntEnable                
00003f27  UART0_IntHandler               
00003f5d  InterruptMasterEnable          
00003f61  formOutQueue                   
00003f89  printChar                      
00003fa9  transmitByte                   
00004011  strtoull                       
0000416d  __aeabi_ddiv                   
000042a3  _system_post_cinit             
000042a5  strtol                         
000043d9  strtoul                        
000044ed  enqueue                        
0000452b  dequeue                        
00004567  backspace                      
00004585  initQueue                      
0000459b  clearQueue                     
000045df  getSize                        
000045fd  __aeabi_dmul                   
000046f9  ldexp                          
000046f9  ldexpl                         
000046f9  scalbn                         
000046f9  scalbnl                        
000047f5  vsscanf                        
00004807  sscanf                         
000048c1  SysTickStart                   
000048cd  SysTickStop                    
000048d9  SysTickPeriod                  
000048eb  SysTickIntEnable               
000048f7  SysTickIntDisable              
00004903  IntMasterEnable                
00004907  SysTickHandler                 
00004961  __aeabi_memcpy                 
00004961  __aeabi_memcpy4                
00004961  __aeabi_memcpy8                
00004961  memcpy                         
000049fd  __aeabi_cdcmpeq                
000049fd  __aeabi_cdcmple                
00004a83  __aeabi_cdrcmple               
00004b09  __aeabi_memclr                 
00004b09  __aeabi_memclr4                
00004b09  __aeabi_memclr8                
00004b0b  __aeabi_memset                 
00004b0b  __aeabi_memset4                
00004b0b  __aeabi_memset8                
00004b11  memset                         
00004b85  __TI_auto_init                 
00004bf5  __aeabi_d2f                    
00004c63  __TI_decompress_lzss           
00004ccd  frexp                          
00004ccd  frexpl                         
00004d31  set_LR                         
00004d3d  get_PSP                        
00004d47  get_MSP                        
00004d51  set_PSP                        
00004d5f  set_MSP                        
00004d6d  save_registers                 
00004d7b  restore_registers              
00004d89  get_SP                         
00004d91  sprintf                        
00004df1  _c_int00                       
00004e45  C$$EXIT                        
00004e49  abort                          
00004e51  exit                           
00004e99  ltoa                           
00004eed  atoi                           
00004f39  copy_in                        
00004f85  __aeabi_d2iz                   
00004fcd  __aeabi_uidiv                  
00004fcd  __aeabi_uidivmod               
0000500d  __aeabi_i2d                    
0000503b  memcmp                         
0000505f  memccpy                        
0000507d  _args_main                     
00005095  __aeabi_lmul                   
000050ad  strcmp                         
000050c5  strrchr                        
000050dd  strchr                         
000050f5  _register_unlock               
000050fb  _register_lock                 
00005103  _nop                           
00005109  copysign                       
00005109  copysignl                      
0000511d  strcpy                         
00005131  strlen                         
00005145  tolower                        
00005155  toupper                        
00005165  __TI_decompress_none           
00005173  __TI_zero_init                 
0000517f  ResetISR                       
0000518b  _system_pre_init               
00005190  _ctypes_                       
00005378  monthStrings                   
000053f8  __TI_Handler_Table_Base        
00005404  __TI_Handler_Table_Limit       
00005410  __TI_CINIT_Base                
00005420  __TI_CINIT_Limit               
0003e800  __SYSMEM_SIZE                  
20000000  _sys_memory                    
2003e800  __stack                        
2003ea00  __STACK_TOP                    
2003f000  __STACK_END                    
2003f000  mboxList                       
2003f640  commandQueue                   
2003f644  date                           
2003f648  inQueue                        
2003f64c  msgList                        
2003f650  outQueue                       
2003f654  priorityLevel                  
2003f658  tenthSecondsCounter            
2003f65c  time                           
2003f660  monthDays                      
2003f690  running                        
2003f6a8  hundredths                     
2003f6ac  alarmPtr                       
2003f6b0  tenthSecondsAlarm              
2003f6b4  count                          
2003f6b8  timeConstant                   
2003f6bc  dateConstant                   
2003f6c0  alarmConstant                  
2003f6c4  daysPassed                     
2003f6c8  __TI_cleanup_ptr               
2003f6cc  __TI_dtors_ptr                 
2003f6d0  __TI_enable_exit_profile_output
2003f6e0  _lock                          
2003f6e4  _unlock                        
2003f6ec  errno                          
2003f6f0  main_func_sp                   
ffffffff  __TI_pprof_out_hndl            
ffffffff  __TI_prof_data_size            
ffffffff  __TI_prof_data_start           
ffffffff  __binit__                      
ffffffff  __c_args__                     
ffffffff  binit                          
UNDEFED   SHT$$INIT_ARRAY$$Base          
UNDEFED   SHT$$INIT_ARRAY$$Limit         

[206 symbols]
